# enemy_orbiter_n_idle0: one letter per part (c=core t=tent_l e=tent_r h=horn_l o=horn_r). Edit freely; sprite:split reads it.
................................................................
................................................................
................................................................
................................................................
...................hh.................ooo.......................
.................hhhhh................ooooo.....................
...............hhhhhh..................oooooo...................
..............hhhhhh....................oooooo..................
.............hhhhhhh....................ooooooo.................
............hhhhhhh......................ooooooo................
............hhhhhhh......................ooooooo................
...........hhhhhhh.......................oooooooo...............
..........hhhhhhhh.......................ooooooooo..............
..........hhhhhhhhh......................ooooooooo..............
..........hhhhhhhhh......................ooooooooo..............
.........hhhhhhhhhh........cccccc........oooooooooo.............
.........hhhhhhhhhh......cccccccccc......oooooooooo.............
.........hhhhhhhhhhh....cccccccccccc....ooooooooooo.............
.........hhhhhhhhhhh...hccccccccccccc...ooooooooooo.............
.........hhhhhhhhhhhh.hhcccccccccccccc.oooooooooooo.............
.........hhhhhhhhhhhhhhhccccccccccccccooooooooooooo.............
.........hhhhhhhhhhhhhhhccccccccccccccooooooooooooo.............
.........hhhhhhhhhhhhhhhccccccccccccccooooooooooooo.............
..........hhhhhhhhhhhhhhccccccccccccccoooooooooooo..............
..........hhhhhhhhhhhhhhccccccccccccccoooooooooooo..............
...........hhhhhhhhhhhhhccccccccccccccooooooooooo...............
...........hhhhhhhhhhhhhccccccccccccccooooooooooo...............
............hhhhhhhhhhhhccccccccccccccoooooooooo................
.............hhhhhhhhhhhccccccccccccccooooooooo.................
..............hhhhhhhhhhccccccccccccccoooooooo..................
...............hhhhhhhhhccccccccccccccooooooo...................
................hhhhhhhhccccccccccccccoooooo....................
................hhhhhhhhttttttttteeeeeoooooo....................
...............tttttttttttttttttteeeeeeeeeeee...................
...............tttttt...ttttttttteeee..eeeeeee..................
.............tttttttt....tttttttteee...eeeeeeeee................
...........ttttttttt.....tttttttteee....eeeeeeeeeee.............
..........tttttttttt.....tttttttteee.....eeeeeeeeeeee...........
.........tttttttttt......tttttttteeee....eeeeeeeeeeeee..........
........ttttttttt........tttttttteeee......eeeeeeeeeeeee........
.......ttttttttt.........tttttttteeee.......eeeeeeeeeeee........
......tttttttt..........ttttttt.teeeee.........eeeeeeeeee.......
......ttttttt...........tttttt..teeeeee...........eeeeeeee......
.....ttttttt...........ttttttt...eeeeeee............eeeeee......
.....tttttt...........ttttttt....eeeeeeee............eeeeee.....
.....tttttt..........tttttttt.....eeeeeeeee...........eeeee.....
.....tttttt.........tttttttt.......eeeeeeeee...........eeee.....
.....tttttt........tttttttt..........eeeeeee...........eeee.....
......ttttt........ttttttt............eeeeeee.........eeeee.....
.......ttttt......ttttttt.............eeeeeee.........eeee......
.......ttttt......ttttttt..............eeeeee.........eeee......
........tttt......tttttt...............eeeeee........eeee.......
..........tt......tttttt...............eeeeee........eee........
...................tttttt..............eeeee....................
...................tttttt.............eeeeee....................
....................tttttt............eeeee.....................
.....................tttttt..........eeeee......................
.......................tttt.........eeeee.......................
........................ttt.........eeee........................
.....................................ee.........................
................................................................
................................................................
................................................................
................................................................
