# enemy_orbiter_s_idle0: one letter per part (c=core t=tent_l e=tent_r h=horn_l o=horn_r). Edit freely; sprite:split reads it.
................................................................
................................................................
................................................................
................................................................
................................................................
................................................................
....................hhh...................ooo...................
..................hhhhh...................ooooo.................
................hhhhhh.....................ooooo................
...............hhhhhh.......................ooooo...............
..............hhhhhhh.......................ooooooo.............
.............hhhhhhh.........................oooooo.............
.............hhhhhhh.........................ooooooo............
............hhhhhhhh.........................oooooooo...........
............hhhhhhhh.........................oooooooo...........
...........hhhhhhhhh.........................oooooooo...........
..........hhhhhhhhhh.........cccccc..........ooooooooo..........
..........hhhhhhhhhhh......cccccccccc.......oooooooooo..........
..........hhhhhhhhhhh.....cccccccccccc......oooooooooo..........
..........hhhhhhhhhhh....cccccccccccccoo...ooooooooooo..........
..........hhhhhhhhhhhh..ccccccccccccccooo..ooooooooooo..........
..........hhhhhhhhhhhhhhccccccccccccccoooooooooooooooo..........
..........hhhhhhhhhhhhhhccccccccccccccoooooooooooooooo..........
...........hhhhhhhhhhhhhccccccccccccccooooooooooooooo...........
...........hhhhhhhhhhhhhccccccccccccccooooooooooooooo...........
............hhhhhhhhhhhhccccccccccccccooooooooooooooo...........
............hhhhhhhhhhhhccccccccccccccoooooooooooooo............
.............hhhhhhhhhhhccccccccccccccooooooooooooo.............
..............hhhhhhhhhhccccccccccccccooooooooooooo.............
...............hhhhhhhhhccccccccccccccoooooooooooo..............
................hhhhhhhhccccccccccccccooooooooooo...............
................hhhhhhhhccccccccccccccooooooooooo...............
................hhhhhhhhttttttttteeeeeooooooooooo...............
................ttttt..tttttttttteeeeeeee...eeeee...............
...............tttttt...ttttttttteeeeeee....eeeeee..............
............tttttttt....ttttttttteeeeeee....eeeeeeee............
..........tttttttttt....ttttttttteeeeeee.....eeeeeeeee..........
.........tttttttttt.....ttttttttteeeeeee.....eeeeeeeeeee........
........tttttttttt......ttttttttteeeeeee......eeeeeeeeeee.......
.......tttttttttt.......tttttt....eeeeee........eeeeeeeeee......
......ttttttttt.........tttttt....eeeeee.........eeeeeeeee......
.....ttttttt...........ttttttt....eeeeeee...........eeeeeee.....
.....tttttt............ttttttt....eeeeeee............eeeeeee....
....tttttt............ttttttt......eeeeeee............eeeeee....
....ttttt............ttttttt........eeeeeee............eeeee....
....ttttt...........tttttttt........eeeeeeee...........eeeee....
....ttttt..........ttttttt...........eeeeeee...........eeeee....
.....tttt..........ttttttt............eeeeeee..........eeee.....
.....tttt.........ttttttt..............eeeeee..........eeee.....
......tttt........tttttt................eeeee.........eeee......
.......ttt........tttttt................eeeee.........eee.......
........tt.........ttttt................eeeee.........ee........
...................ttttt...............eeeeee...................
....................ttttt..............eeeee....................
.....................tttt.............eeeee.....................
.....................ttttt............eeee......................
......................tttt............eee.......................
......................tttt............eee.......................
.......................tt.............ee........................
................................................................
................................................................
................................................................
................................................................
................................................................
