# enemy_orbiter_s_tele: one letter per part (c=core t=tent_l e=tent_r h=horn_l o=horn_r). Edit freely; sprite:split reads it.
................................................................
................................................................
................................................................
................................................................
................................................................
................................................................
................................................................
................................................................
................................................................
................................................................
................................................................
........................ccc.............oooo....................
......................hhcccc..........oooooooo..................
....................hhhhccccc.........ooooooooo.................
...................hhhhhcccccc.......coooooooooo................
..................hhhhhhc..ccc.......coo..ooooooo...............
.................hhhhhhh....c........co...oooooooo..............
.................hhhhhhh...................ooooooo..............
.................hhhhhhh...................oooooooo.............
................hhhhhhhh...................oooooooo.............
................hhhhhhhhc.....ccccccc.....ooooooooo.............
................hhhhhhhhc...cccccccccco...ooooooooo.............
................hhhhhhhhc..cccccccccccoo.oooooooooo.............
................hhhhhhhhccccccccccccccooooooooooooo.............
................hhhhhhhhccccccccccccccooooooooooooo.............
.................hhhhhhhccccccccccccccoooooooooooo..............
.................hhhhhhhccccccccccccccoooooooooooo..............
..................hhhhhhccccccccccccccooooooooooo...............
..................hhhhhhccccccccccccccooooooooooo...............
...................hhhhhccccccccccccccoooooooooo................
....................hhhhccccccccccccccooooooooo.................
...................hhhhhccccccccccccccooooooooo.................
.................hhhhhh..tttttttteeeeeoooo.oooooo...............
..............ttttttttt...ttttttteeeeeeee...eeeeeee.............
........tttttttttttttt....ttttttteeeeeeee...eeeeeeeeeee.........
.......ttttttttttttt......ttttttteeeeeeee....eeeeeeeeeeee.......
......ttttttttttttt.......ttttttteeeeeeee......eeeeeeeeeee......
.....tttttttttt...........tttt.tteeeeeeee........eeeeeeeeee.....
.....tttttt..............ttttt.......eeeee..........eeeeeee.....
....tttttt...............ttttt.......eeeee............eeeeee....
....ttttt...............ttttt........eeeeeee...........eeeee....
....tttt..............ttttttt.........eeeeeee...........eeee....
....tttt.............ttttttt...........eeeeeee..........eeee....
.....ttt............ttttttt.............eeeeeee.........eee.....
.....ttt...........ttttttt...............eeeeeee........eee.....
......tt...........tttttt..................eeeee.......eee......
......tt...........ttttt....................eeee.......ee.......
...................ttttt....................eeee................
...................ttttt...................eeeee................
....................ttttt.................eeeee.................
.....................ttttt................eeee..................
.......................ttt...............eeee...................
........................tt...............eee....................
........................tt................e.....................
................................................................
................................................................
................................................................
................................................................
................................................................
................................................................
................................................................
................................................................
................................................................
................................................................
