# enemy_orbiter_n_tele: one letter per part (c=core t=tent_l e=tent_r h=horn_l o=horn_r). Edit freely; sprite:split reads it.
................................................................
................................................................
................................................................
................................................................
................................................................
................................................................
................................................................
................................................................
.......................hcc............oooo......................
.....................hhhccc..........coooooo....................
...................hhhhhcccc........ccooooooo...................
..................hhhhhhccccc......cccoooooooo..................
.................hhhhhhhccccc......cccooooooooo.................
.................hhhhhhh..cccc.....ccc..oooooooo................
................hhhhhhh....cc......cc....oooooooo...............
...............hhhhhhhh..................oooooooo...............
...............hhhhhhhh...................ooooooo...............
..............hhhhhhhhh...................oooooooo..............
..............hhhhhhhhh.......ccccc......ooooooooo..............
..............hhhhhhhhh.....cccccccc.....ooooooooo..............
..............hhhhhhhhhh...cccccccccc....ooooooooo..............
..............hhhhhhhhhhccccccccccccccoooooooooooo..............
..............hhhhhhhhhhccccccccccccccoooooooooooo..............
..............hhhhhhhhhhccccccccccccccoooooooooooo..............
...............hhhhhhhhhccccccccccccccooooooooooo...............
...............hhhhhhhhhccccccccccccccooooooooooo...............
................hhhhhhhhccccccccccccccoooooooooo................
.................hhhhhhhccccccccccccccoooooooooo................
..................hhhhhhccccccccccccccooooooooo.................
...................hhhhhccccccccccccccooooooo...................
...................hhhhhccccccccccccccooooooo...................
...................hhhhhccccccccccccccoooooooo..................
..................hhhhhhttttttttteeeeeoo.ooooo..................
.................tttttt..tttttttteeeeee..eeeeee.................
...............ttttttt....ttttttteeeee....eeeeeee...............
...........ttttttttttt....ttttttteeeeee...eeeeeeeeeee...........
.........tttttttttttt.....ttttttteeeeee....eeeeeeeeeeee.........
........tttttttttttt......ttttt..eeeeee......eeeeeeeeeeee.......
.......tttttttttttt.......ttttt...eeeee.......eeeeeeeeeeee......
......ttttttttttt........tttttt...eeeee.........eeeeeeeeee......
.....ttttttttt...........tttttt...eeeee............eeeeeeee.....
.....ttttttt............tttttt....eeeeee.............eeeeeee....
....tttttt.............ttttttt.....eeeeeee............eeeeee....
....ttttt............tttttttt......eeeeeeee............eeeee....
....tttt............ttttttttt.......eeeeeeeee...........eeee....
....tttt...........ttttttttt.........eeeeeeeee..........eeee....
.....tttt.........tttttttt............eeeeeeee.........eeee.....
......ttt........ttttttt................eeeeeee........eee......
.......tt........tttttt..................eeeeee........ee.......
.................ttttt....................eeeee.................
.................tttt.....................eeeee.................
.................tttt.....................eeeee.................
.................tttt.....................eeee..................
..................tttt...................eeeee..................
...................ttt...................eee....................
....................tt...................ee.....................
................................................................
................................................................
................................................................
................................................................
................................................................
................................................................
................................................................
................................................................
