# enemy_cinderling_w_flare_windup: one letter per part (t=torso f=foot_l o=foot_r a=arm_l r=arm_r h=head). Edit freely; sprite:split reads it.
................................................................
................................................................
................................................................
................................................................
................................................................
................................................................
............................hhhhhh..............................
...........................hhhhhhhh.............................
...........................hhhhhhhhh............................
............................hhhhhhhh............................
.........................thhhhhhhhhhh...........................
.........................thhhhhhhhhhhh..........................
.........................thhhhhhhhhhhhh.........................
.........................thhhhhhhhhhhhht........................
.........................thhhhhhhhhhhhht........................
..........................hhhhhhhhhhhhhtt.......................
..........................hhhhhhhhhhhhhttt......................
...........................hhhhhhhhhhhhttt......................
.............................hhhhhhhhhhtttr.....................
..............................hhhhhhhhhtttr.....................
..............................hhhhhhhhhtttrr....................
.........................thhhhhhhhhhhhhtttrrr...................
........................tthhhhhhhhhhhhhtttrrr...................
.......................tttttttttttttttttttrrrr..................
......................atttttttttttttttttttrrrrr.................
....................aaatttttttttttttttttttrrrrrr................
...................aaaatttttttttttttttttttrrrrrr................
.................aaaaaatttttttttttttttttttrrrrrr................
................aaaaaaatttttttttttttttttttrrrrrr................
...............aaaaaaaatttttttttttttttttttrrrrrr................
..............aaaaaaaaatttttttttttttttttttrrrrr.................
.............aaaaaaaaaatttttttttttttttttttrrrr..................
.............aaaaaaaaaatttttttttttttttttttrrrr..................
.............aaaaaaaaaatttttttttttttttttttrrr...................
.............aaaaaaaaaatttttttttttttttttttrrrr..................
..............aaaaaaaaatttttttttttttttttttrrrr..................
..............aaaaaaaaatttttttttttttttttttrrrr..................
................aaaaaaatttttttttttttttttttrrrr..................
.................aaaaaatttttttttttttttttttrrrr..................
.................aaaaaatttttttttttttttttttrrr...................
.................aaaaaatttttttttttttttttttrrr...................
..................aaaaatttttttttttttttttttrrrrr.................
..................aaaaatttttttttttttttttttrrrrr.................
..................aaaaatttttttttttttttttttrrrrrr................
.................afffffffffffffffoooooooooooooorr...............
................aafffffffffffffffoooooooooooooorrr..............
...............aaafffffffffffffffoooooooooooooorrr..............
...............aaafffffffffffffffoooooooooooooorrr..............
...............tttfffffffffffffffoooooooooooooottt..............
...............tttfffffffffffffffoooooooooooooottt..............
...............tttff.....ffffffffoooooooooooooottt..............
................tt........fffffffoooooooooooooottt..............
..........................fffffffoooo.oooooooootttt.............
.........................ffffffffooo...ooooooootttt.............
........................fffffffffooo....ooooooottttt............
.......................ffffffffffooo...oooooooottttt............
.......................ffffffffffoo....oooooooottttt............
.......................................ooooooootttt.............
................................................................
................................................................
................................................................
................................................................
................................................................
................................................................
