# enemy_cinderling_s_windup: one letter per part (t=torso f=foot_l o=foot_r a=arm_l r=arm_r h=head). Edit freely; sprite:split reads it.
................................................................
................................................................
................................................................
................................................................
................................................................
................................................................
...................tttt....................ttt..................
.................ttttttt..................ttttttt...............
................tttttttt..................tttttttt..............
...............ttttttttt..................ttttttttt.............
..............ttttttttttth.............htttttttttttt............
.............tttttttttttthh...........hhtttttttttttt............
.............tttttttttttthhh..........hhttttttttttttt...........
............ttttttttttttthhh..........hhttttttttttttt...........
............ttttttttttttthhh..........hhtttttttttttttt..........
...........aaaaaaaaaatttthh...........hhttttrrrrrrrrrr..........
..........aaaaaaaaaaatttth.............httttrrrrrrrrrrr.........
..........aaaaaaaaaaatttth..............ttttrrrrrrrrrrrr........
.........aaaaaaaaaaaatttt................tttrrrrrrrrrrrr........
.........aaaaaaaaaaaatt......hhhhhhhh.....ttrrrrrrrrrrrr........
.........aaaaaaaaaaaatt.....hhhhhhhhhh....ttrrrrrrrrrrrrr.......
........aaaaaaaaaaaaatt....hhhhhhhhhhhh...ttrrrrrrrrrrrrr.......
........aaaaaaaaaaaaat....hhhhhhhhhhhhhh...trrrrrrrrrrrrr.......
........aaaaaaaaaaaaat..ttttttttttttttttt..trrrrrrrrrrrrr.......
........aaaaaaaaaaaaa..ttttttttttttttttttt..rrrrrrrrrrrrr.......
........aaaaaaaaaaaaatttttttttttttttttttttttrrrrrrrrrrrrr.......
........aaaaaaaaaaaaatttttttttttttttttttttttrrrrrrrrrrrrr.......
........aaaaaaaaaaaaatttttttttttttttttttttttrrrrrrrrrrrrr.......
........aaaaaaaaaaaaatttttttttttttttttttttttrrrrrrrrrrrr........
.........aaaaaaaaaaaatttttttttttttttttttttttrrrrrrrrrrrr........
.........aaaaaaaaaaaatttttttttttttttttttttttrrrrrrrrrrrr........
.........aaaaaaaaaaaatttttttttttttttttttttttrrrrrrrrrrr.........
..........aaaaaaaaaaatttttttttttttttttttttttrrrrrrrrrr..........
...........aaaaaaaaaatttttttttttttttttttttttrrrrrrrrr...........
............aaaaaaaaatttttttttttttttttttttttrrrrrrrrr...........
.............aaaaaaaatttttttttttttttttttttttrrrrrrrr............
..............aaaaaaatttttttttttttttttttttttrrrrrrr.............
..............aaaaaaatttttttttttttttttttttttrrrrr...............
...............aaaaaatttttttttttttttttttttttrrrrr...............
.................aaaatttttttttttttttttttttttrrr.................
..................aaatttttttttttttttttttttttrr..................
..................aaatttttttttttttttttttttttrr..................
..................aaatttttttttttttttttttttttrr..................
...................aatttttttttttttttttttttttrr..................
...................ffffffffffffffoooooooooooooo.................
.................ffffffffffffffffooooooooooooooo................
................fffffffffffffffffoooooooooooooooo...............
...............ffffffffffffffffffooooooooooooooooo..............
..............tffffffffffffffffffooooooooooooooooo..............
..............tffffffffffffffffffooooooooooooooooot.............
..............tffffffffffffffffffooooooooooooooooot.............
..............tffffffffffffffffffooooooooooooooooot.............
.............ttffffffffffffffffffooooooooooooooooott............
............tttfffffffffffff.ffffooo.ooooooooooooottt...........
...........ttttffffffffffff...........ooooooooooootttt..........
...........ttttfffffffffff.............oooooooooootttt..........
...........ttttffffffffff...............ooooooooootttt..........
...........ttttffffffff..................oooooooootttt..........
................................................................
................................................................
................................................................
................................................................
................................................................
................................................................
