# enemy_cinderling_s_lob: one letter per part (t=torso f=foot_l o=foot_r a=arm_l r=arm_r h=head). Edit freely; sprite:split reads it.
................................................................
................................................................
................................................................
................................................................
................................................................
................................................................
................................................................
................................................................
................................................................
................................................................
................................................................
................tttt.........................ttt................
..............tttttt........................ttttttt.............
.............tttttttt.......................tttttttt............
............ttttttttt.......................ttttttttt...........
...........ttttttttttttt.................tttttttttttt...........
..........tttttttttttttt....hhhhhhh.....tttttttttttttt..........
.........ttttttttttttttt...hhhhhhhhhh...ttttttttttttttt.........
........aaaaaaaaaaattttt..hhhhhhhhhhhh..tttttrrrrrrrrrrr........
........aaaaaaaaaaattttt.hhhhhhhhhhhhhh..ttttrrrrrrrrrrr........
.......aaaaaaaaaaaatttt.hhhhhhhhhhhhhhhh.ttttrrrrrrrrrrrr.......
.......aaaaaaaaaaaattt.thhhhhhhhhhhhhhhht.tttrrrrrrrrrrrrr......
......aaaaaaaaaaaaatt..thhhhhhhhhhhhhhhhtt.ttrrrrrrrrrrrrr......
......aaaaaaaaaaaaattttthhhhhhhhhhhhhhhhtttttrrrrrrrrrrrrr......
......aaaaaaaaaaaaattttthhhhhhhhhhhhhhhhtttttrrrrrrrrrrrrr......
......aaaaaaaaaaaaattttttttttttttttttttttttttrrrrrrrrrrrrr......
......aaaaaaaaaaaaattttttttttttttttttttttttttrrrrrrrrrrrrr......
.......aaaaaaaaaaaattttttttttttttttttttttttttrrrrrrrrrrrr.......
.......aaaaaaaaaaaattttttttttttttttttttttttttrrrrrrrrrrrr.......
........aaaaaaaaaaattttttttttttttttttttttttttrrrrrrrrrrr........
........aaaaaaaaaaattttttttttttttttttttttttttrrrrrrrrrrr........
.........aaaaaaaaaattttttttttttttttttttttttttrrrrrrrrrr.........
..........aaaaaaaaattttttttttttttttttttttttttrrrrrrrrr..........
...........aaaaaaaattttttttttttttttttttttttttrrrrrrrr...........
............aaaaaaattttttttttttttttttttttttttrrrrrr.............
.............aaaaaattttttttttttttttttttttttttrrrrr..............
................aaattttttttttttttttttttttttttrrr................
.................aattttttttttttttttttttttttttr..................
..................atttttttttttttttttttttttttt...................
..................atttttttttttttttttttttttttt...................
..................attttttttttttttttttttttttt....................
.................ffffffffffffffffoooooooooooo...................
................fffffffffffffffffooooooooooooo..................
...............ffffffffffffffffffooooooooooooo..................
...............ffffffffffffffffffoooooooooooooo.................
..............fffffffffffffffffffooooooooooooooo................
..............fffffffffffffffffffooooooooooooooo................
.............ffffffffffffffffffffooooooooooooooo................
............tffffffffffffffffffffoooooooooooooooo...............
............tffffffffffffff.fffffo.ooooooooooooooo..............
...........ttfffffffffffff..........oooooooooooooo..............
...........ttffffffffffff............ooooooooooooo..............
...........ttffffffffff...............oooooooooooo..............
................................................................
................................................................
................................................................
................................................................
................................................................
................................................................
................................................................
................................................................
................................................................
................................................................
................................................................
