# enemy_cinderling_w_idle0: one letter per part (t=torso f=foot_l o=foot_r a=arm_l r=arm_r h=head). Edit freely; sprite:split reads it.
................................................................
................................................................
................................................................
................................................................
................................................................
................................................................
................................................................
................................................................
..........................hhhhhhh...............................
........................hhhhhhhhhhh.............................
.......................thhhhhhhhhhhh............................
......................tthhhhhhhhhhhhh...........................
.....................ttthhhhhhhhhhhhhh..........................
...................ttttthhhhhhhhhhhhhhh.........................
..................tttttthhhhhhhhhhhhhhhh........................
................tttttttthhhhhhhhhhhhhhhhtttt....................
...............aaaattttthhhhhhhhhhhhhhhhtttttrr.................
.............aaaaaattttthhhhhhhhhhhhhhhhtttttrrr................
............aaaaaaattttthhhhhhhhhhhhhhhhtttttrrr................
...........aaaaaaaattttthhhhhhhhhhhhhhhhtttttrrrr...............
..........aaaaaaaaattttthhhhhhhhhhhhhhhhtttttrrrr...............
.........aaaaaaaaaattttthhhhhhhhhhhhhhhhtttttrrrr...............
........aaaaaaaaaaattttthhhhhhhhhhhhhhhhtttttrrrr...............
........aaaaaaaaaaattttthhhhhhhhhhhhhhhhtttttrrrrr..............
........aaaaaaaaaaattttttttttttttttttttttttttrrrrrrr............
........aaaaaaaaaaattttttttttttttttttttttttttrrrrrrr............
.........aaaaaaaaaattttttttttttttttttttttttttrrrrrrrr...........
..........aaaaaaaaattttttttttttttttttttttttttrrrrrrrr...........
...........aaaaaaaattttttttttttttttttttttttttrrrrrrrr...........
............aaaaaaattttttttttttttttttttttttttrrrrrrrr...........
............aaaaaaattttttttttttttttttttttttttrrrrrrrr...........
.............aaaaaattttttttttttttttttttttttttrrrrrrrr...........
.............aaaaaattttttttttttttttttttttttttrrrrrrrrr..........
..............aaaaattttttttttttttttttttttttttrrrrrrrrrr.........
..............aaaaattttttttttttttttttttttttttrrrrrrrrrr.........
..............aaaaattttttttttttttttttttttttttrrrrrrrrrrr........
.............aaaaaattttttttttttttttttttttttttrrrrrrrrrrr........
............aaaaaaattttttttttttttttttttttttttrrrrrrrrrrrr.......
...........aaaaaaaattttttttttttttttttttttttttrrrrrrrrrrrrr......
..........aaaaaaaaattttttttttttttttttttttttttrrrrrrrrrrrrr......
........aaaaaaaaaaattttttttttttttttttttttttttrrrrrrrrrrrrr......
........aaaaaaaaaaattttttttttttttttttttttttttrrrrrrrrrrrrr......
.......aaaaaaaaaaaattttt.ttttttttttttttttttttrrrrrrrrrrrrr......
.......aaaaaaffffffffff..ffffffffoooooooooooooooooorrrrrrr......
......aaaaaaafffffffff...ffffffffoooooooooooooooooorrrrrrr......
......aaaaaaaffffffff....ffffffffoooooooooooooooooorrrrrr.......
......aaaaaaafffffff......fffffffoooooooooooooooooorrrrrr.......
......ttttttt..............ffffffoooooooooooooooooottttt........
.......ttttt................fffffoooo.ooooooooooooottttt........
.................................ooo...ooooooooooootttt.........
......................................oooooooooooootttt.........
.....................................ooooooooooooootttt.........
....................................oooooooooooooootttt.........
....................................oooooooooooooootttt.........
....................................ooooooooooooooottt..........
.....................................oooooooooooooot............
................................................................
................................................................
................................................................
................................................................
................................................................
................................................................
................................................................
................................................................
