# enemy_cinderling_w_burning1: one letter per part (t=torso f=foot_l o=foot_r a=arm_l r=arm_r h=head). Edit freely; sprite:split reads it.
................................................................
................................................................
................................................................
................................................................
................................................................
................................................................
.................................hh.............................
................................hhhh............................
...............................hhhhhh...........................
...............................hhhhhh...........................
...............................hhhhhh...........................
................................hhhhh....t......................
................................hhhh....ttt.....................
.................................hh....htttt....................
.......................................htttt....................
.......................................httttr......rr...........
.......................................httttr......rrr..........
.......................................httttrr....rrrr..........
...................................hh..httttrr....rrrrr.........
.....................ttthhh........hhhhhttttrr....rrrrr.........
...................atttthhhhh.....hhhhhhttttrr....rrrrr.........
..................aatttthhhhhh...hhhhhhhttttrr....rrrrr.........
.................aaatttthhhhhhh.hhhhhhhhttttrr.....rrr..........
...............aaaaattttttttttttttttttttttttr.......r...........
.............aaaaaaatttttttttttttttttttttttt....................
............aaaaaaaatttttttttttttttttttttttt...rrr..............
..........aaaaaaaaaatttttttttttttttttttttttt..rrrr..............
.........aaaaaaaaaaattttttttttttttttttttttttr.rrrrr.............
.........aaaaaaaaaaattttttttttttttttttttttttrrrrrrr.............
........aaaaaaaaaaaattttttttttttttttttttttttrrrrrrr.............
.......aaaaaaaaaaaaattttttttttttttttttttttttrrrrrrr.............
.......aaaaaaaaaaaaattttttttttttttttttttttttrrrrrrr.............
.......aaaaaaaaaaaaattttttttttttttttttttttttrrrrrrr.............
........aaaaaaaaaaaattttttttttttttttttttttttrrrrrr....rr........
.........aaaaaaaaaaattttttttttttttttttttttttrrrrrr...rrrr.......
..........aaaaaaaaaattttttttttttttttttttttttrrrrr...rrrrr.......
...........aaaaaaaaattttttttttttttttttttttttrrrrr...rrrrr.......
...........aaaaaaaaattttttttttttttttttttttttrrrrr....rrrr.......
............aaaaaaaattttttttttttttttttttttttrrrrrrrr..rr........
............aaaaaaaattttttttttttttttttttttttrrrrrrrrr...........
............aaaaaaaattttttttttttttttttttttttrrrrrrrrr...........
.............aaaaaaattttttttttttttttttttttttrrrrrrrrr...........
.............aaaaaaattttttttttttttttttttttttrrrrrrrrr...........
............aaaaaaaattttttttttttttttttttttttrrrrrrrrr...........
...........aaafffffffffffffffffffooooooooooooooooorr............
..........aaaafffffffffffffffffffooooooooooooooooor.............
..........aaaafffffffffffffffffffooooooooooooooooor.............
..........aaaafffffffffffffffffffooooooooooooooooo..............
..........ttttfffffffffffffffffffooooooooooooooooo..............
..........ttttff.fff.ffffffffffffooooooooooooooooo..............
..........ttttf......ffffffffffffooooooooooooooooo..............
......................fffffffffffooooooooooooooooot.............
.......................ffffffffffooooooooooooooooott............
........................ff..ff.ffooooooooooooooooottt...........
...............................ffooooooooooooooooottt...........
..............................fffooooooooooooooooottt...........
...............................ffooooooooooooooooott............
.....................................ooooooooooooot.............
................................................................
................................................................
................................................................
................................................................
................................................................
................................................................
