# enemy_cinderling_n_dormant0: one letter per part (t=torso f=foot_l o=foot_r a=arm_l r=arm_r h=head). Edit freely; sprite:split reads it.
................................................................
................................................................
................................................................
................................................................
................................................................
................................................................
................................................................
................................................................
................................................................
................................................................
................................................................
................................................................
................................................................
.............................hhhhhh.............................
............................hhhhhhhh............................
...........................hhhhhhhhhh...........................
..........................hhhhhhhhhhhh..........................
.........................hhhhhhhhhhhhhh.........................
........................hhhhhhhhhhhhhhhh........................
.......................thhhhhhhhhhhhhhhht.......................
......................tthhhhhhhhhhhhhhhhtt......................
.....................ttthhhhhhhhhhhhhhhhttt.....................
..................attttthhhhhhhhhhhhhhhhttttt...................
................aaattttthhhhhhhhhhhhhhhhtttttrrr................
................aaattttthhhhhhhhhhhhhhhhtttttrrr................
................aaattttthhhhhhhhhhhhhhhhtttttrrrr...............
...............aaaattttttttttttttttttttttttttrrrr...............
..............aaaaattttttttttttttttttttttttttrrrrr..............
..............aaaaattttttttttttttttttttttttttrrrrr..............
.............aaaaaattttttttttttttttttttttttttrrrrrr.............
............aaaaaaattttttttttttttttttttttttttrrrrrr.............
...........aaaaaaaattttttttttttttttttttttttttrrrrrrrr...........
..........aaaaaaaaattttttttttttttttttttttttttrrrrrrrrr..........
.........aaaaaaaaaattttttttttttttttttttttttttrrrrrrrrrr.........
........aaaaaaaaaaattttttttttttttttttttttttttrrrrrrrrrrr........
.......aaaaaaaaaaaattttttttttttttttttttttttttrrrrrrrrrrr........
.......aaaaaaaaaaaattttttttttttttttttttttttttrrrrrrrrrrrr.......
......aaaaaaaaaaaaattttttttttttttttttttttttttrrrrrrrrrrrrr......
......aaaaaaaaaaaa.ttttttttttttttttttttttttt..rrrrrrrrrrrr......
......aaaaaaaaaaaa..tttttttttttttttttttttttt..rrrrrrrrrrrr......
......aaaaaaaaaaa..tttttttttttttttttttttttttt..rrrrrrrrrrr......
......aaaaaaaffff.fffffffffffffffoooooooooooo..oooorrrrrrr......
......aaaaaaafff.ffffffffffffffffoooooooooooooo.ooorrrrrrr......
......aaaaaaaff..ffffffffffffffffooooooooooooooo.oorrrrrrr......
.......ttttttf..fffffffffffffffffooooooooooooooo..otttttt.......
........tttttf..fffffffffffffffffooooooooooooooo..otttttt.......
........tttttf.ffffffffffffffffffoooooooooooooooo.ottttt........
..........tttffffffffffffffffffffooooooooooooooooootttt.........
..........tttfffffffffffffff........oooooooooooooo.tt...........
.............ffffffffffffff..........oooooooooooooo.............
.............fffffffffffff............ooooooooooooo.............
..............fffffffffff..............ooooooooooo..............
................................................................
................................................................
................................................................
................................................................
................................................................
................................................................
................................................................
................................................................
................................................................
................................................................
................................................................
................................................................
