# enemy_warden_w_idle0: one letter per part (t=torso f=foot_l o=foot_r a=arm_l r=arm_r h=head). Edit freely; sprite:split reads it.
................................................................................................
................................................................................................
................................................................................................
................................................................................................
................................................................................................
................................................................................................
................................................................................................
................................................................................................
................................................................................................
..........................................hhhhhh................................................
.......................................hhhhhhhhhh...............................................
.....................................hhhhhhhhhhhhh..............................................
....................................hhhhhhhhhhhhhh..............................................
..................................hhhhhhhhhhhhhhhh..............................................
.................................hhhhhhhhhhhhhhhhhhhh...........................................
................................hhhhhhhhhhhhhhhhhhhhhh..........................................
...............................hhhhhhhhhhhhhhhhhhhhhhhhh........................................
..............................hhhhhhhhhhhhhhhhhhhhhhhhhhh.......................................
..............................hhhhhhhhhhhhhhhhhhhhhhhhhhhh......................................
.............................hhhhhhhhhhhhhhhhhhhhhhhhhhhhh......................................
.............................hhhhhhhhhhhhhhhhhhhhhhhhhhhhhh.....................................
............................hhhhhhhhhhhhhhhhhhhhhhhhhhhhhhh.....................................
............................hhhhhhhhhhhhhhhhhhhhhhhhhhhhhhh.....................................
...........................hhhhhhhhhhhhhhhhhhhhhhhhhhhhhhhhht...................................
...........................hhhhhhhhhhhhhhhhhhhhhhhhhhhhhhhhhtt..................................
...........................hhhhhhhhhhhhhhhhhhhhhhhhhhhhhhhhhttt.................................
...........................hhhhhhhhhhhhhhhhhhhhhhhhhhhhhhhhhttt.................................
...........................hhhhhhhhhhhhhhhhhhhhhhhhhhhhhhhhhttt.................................
...........................hhhhhhhhhhhhhhhhhhhhhhhhhhhhhhhhhttt.................................
...........................hhhhhhhhhhhhhhhhhhhhhhhhhhhhhttrrrtt.................................
...........................hhhhhhhhhhhhhhhhhhhhhhtttttrrrrrrrrt.................................
...........................hhhhhhhhhhhhhhhhhhhttttrrrrrrrrrrrrr.................................
...........................hhhhhhhhhhhhhhhhhhtttrrrrrrrrrrrrrrrr................................
............................hhhhhhhhhhhhhhhhttttrrrrrrrrrrrrrrrrr...............................
............................hhhhhhhhhhhhhhhtttttrrrrrrrrrrrrrrrrrr..............................
.............................hhhhhhhhhhhhhttttttrrrrrrrrrrrrrrrrrrt.............................
.............................hhhhhhhhhhhhhttttttrrrrrrrrrrrrrrrrrrt.............................
..............................hhhhhhhhhhhhttttttrrrrrrrrrrrrrrrrrrtt............................
..............................hhhhhhhhhhhhttttttttrrrrrrrrrrrrrrrrtt............................
...............................hhhhhhhhhhtttttttttttttrrrrrrrrrrrrttt...........................
...............................hhhhhhhhhhaaaaaaaaaaaaaaaaarrrrrrrrttt...........................
................................hhhhhhhhhaaaaaaaaaaaaaaaaaarrrrrrrttt...........................
.................................hhhhhhhhaaaaaaaaaaaaaaaaaaarrrrrrttt...........................
.................................aaaaaaaaaaaaaaaaaaaaaaaaaaarrrrrrttt...........................
...............................aaaaaaaaaaaaaaaaaaaaaaaaaaaaaarrrrrttt...........................
.............................aaaaaaaaaaaaaaaaaaaaaaaaaaaaaaaaarrrrttt...........................
............................aaaaaaaaaaaaaaaaaaaaaaaaaaaaaaaaaarrrrttt...........................
...........................aaaaaaaaaaaaaaaaaaaaaaaaaaaaaaaaaaarrrrtt............................
..........................aaaaaaaaaaaaaaaaaaaaaaaaaaaaaaaaaaaarrrrtt............................
.........................aaaaaaaaaaaaaaaaaaaaaaaaaaaaaaaaaaaaarrrrt.............................
.........................aaaaaaaaaaaaaaaaaaaaaaaaaaaaaaaaaaaaarrrt..............................
........................aaaaaaaaaaaaaaaaaaaaaaaaaaaaaaaaaaaaaarrt...............................
........................aaaaaaaaaaaaaaaaaaaaaaaaaaaaaaaaaaaaaartt...............................
........................aaaaaaaaaaaaaaaaaaaaaaaaaaaaaaaaaaaaaatt................................
........................aaaaaaaaaaaaaaaaaaaaaaaaaaaaaaaaaaaaaattt...............................
........................aaaaaaaaaaaaaaaaaaaaaaaaaaaaaaaaaaaaaatttt..............................
.........................aaaaaaaaaaaaaaaaaaaaaaaaaaaaaaaaaaaaattttt.............................
.........................aaaaaaaaaaaaaaaaaaaaaaaaaaaaaaaaaaaaatttttt............................
..........................aaaaaaaaaaaaaaaaaaaaaaaaaaaaaaaaaattttttttt...........................
..........................aaaaaaaaaaaaaaaaaaaaaaaaaaaaaaattttttttttttt..........................
...........................aaaaaaaaaaaaaaaaaaaaaaaaaaattttttttttttttttt.........................
............................ttttaaaaaaaaaaaaaaaaaaattttttttttttttttttttt........................
..............................tttttfffttttttttttttttttttttttttttttttttttt.......................
................................ffffffttttttttttttttttttttttttttttttttttt.......................
................................fffffftttttttttttttttttttttttttttttttttttt......................
................................ffffffttttttttttttttttttttttttttttttttttttt.....................
...............................fffffffttttttttttttttttttttttttttttttttttttt.....................
..............................fffffffftttttttttttttttttttttttttttttttttttt......................
.............................fffffffffttttttttttttttttttooooooooooooooooo.......................
.............................fffffffffttttttttttttttoooooooooooooooooo..........................
............................ffffffffffttttttttttttttoooooooooooooooooo..........................
............................ffffffffffttttttttttttttoooooooooooooooooo..........................
............................ffffffffffttttttttttttttoooooooooooooooooo..........................
............................ffffffffffttttttttttttttoooooooooooooooooo..........................
............................ffffffffffttttttttttttttooooooooooooooooooo.........................
...........................fffffffffffttttttttttttttoooooooooooooooooooo........................
..........................fffffffffffftttttttttttttto.ooooooooooooooooooo.......................
.........................ffffffffffffftttttttttttttt..oooooooooooooooooooo......................
........................ffffffffffffffttttttttttttt....ooooooooooooooooooo......................
.......................ffffffffffffffftttttttttttt......oooooooooooooooooo......................
.......................ffffffffffffffffffffffffft........oooooooooooooooooo.....................
......................ffffffffffffffffffffffffff..........ooooooooooooooooo.....................
......................fffffffffffffffffffffffff...........ooooooooooooooooo.....................
......................ffffffffffffffffffffff..............ooooooooooooooooo.....................
......................fffffffffffffffffffff...............ooooooooooooooooo.....................
......................fffffffffffffffffffff................oooooooooooooooo.....................
.......................ffffffffffffffffff...................oooooooooooooo......................
................................................................................................
................................................................................................
................................................................................................
................................................................................................
................................................................................................
................................................................................................
................................................................................................
................................................................................................
................................................................................................
