# enemy_warden_s_lunge: one letter per part (t=torso f=foot_l o=foot_r a=arm_l r=arm_r h=head). Edit freely; sprite:split reads it.
................................................................................................
................................................................................................
................................................................................................
................................................................................................
................................................................................................
................................................................................................
................................................................................................
................................................................................................
................................................................................................
.............................................hhhh...............................................
...........................................hhhhhhh..............................................
..........................................hhhhhhhhh.............................................
..........................................hhhhhhhhhh............................................
.........................................hhhhhhhhhhhh...........................................
.......................................hhhhhhhhhhhhhhhh.........................................
......................................hhhhhhhhhhhhhhhhhhh.......................................
....................................tthhhhhhhhhhhhhhhhhhhh......................................
...................................ttthhhhhhhhhhhhhhhhhhhhh.....................................
...................................ttthhhhhhhhhhhhhhhhhhhhhh....................................
..................................tttthhhhhhhhhhhhhhhhhhhhhh....................................
..................................tttthhhhhhhhhhhhhhhhhhhhhh....................................
.................................ttttthhhhhhhhhhhhhhhhhhhhhht...................................
.................................ttttthhhhhhhhhhhhhhhhhhhhhhtt..................................
................................tttttthhhhhhhhhhhhhhhhhhhhhhtt..................................
...............................ttttttthhhhhhhhhhhhhhhhhhhhhhtt..................................
............................aaattttttthhhhhhhhhhhhhhhhhhhhhhttttttr.............................
...........................aaaattttttthhhhhhhhhhhhhhhhhhhhhhttttttrr............................
..........................aaaaattttttthhhhhhhhhhhhhhhhhhhhhhttttttrrr...........................
.........................aaaaaattttttthhhhhhhhhhhhhhhhhhhhhhttttttrrr...........................
.....................aaaaaaaaaattttttthhhhhhhhhhhhhhhhhhhhhhttttttrrrr..........................
...................aaaaaaaaaaaattttttthhhhhhhhhhhhhhhhhhhhhhttttttrrrrr.........................
..................aaaaaaaaaaaaattttttthhhhhhhhhhhhhhhhhhhhhhttttttrrrrrrr.......................
.................aaaaaaaaaaaaaattttttthhhhhhhhhhhhhhhhhhhhhhttttttrrrrrrrrr.....................
................aaaaaaaaaaaaaaattttttthhhhhhhhhhhhhhhhhhhhhhttttttrrrrrrrrrr....................
...............aaaaaaaaaaaaaaaattttttthhhhhhhhhhhhhhhhhhhhhhttttttrrrrrrrrrrr...................
...............aaaaaaaaaaaaaaaatttttttttttttttttttttttttttttttttttrrrrrrrrrrrr..................
..............aaaaaaaaaaaaaaaaatttttttttttttttttttttttttttttttttttrrrrrrrrrrrr..................
..............aaaaaaaaaaaaaaaaatttttttttttttttttttttttttttttttttttrrrrrrrrrrrrr.................
.............aaaaaaaaaaaaaaaaaatttttttttttttttttttttttttttttttttttrrrrrrrrrrrrr.................
.............aaaaaaaaaaaaaaaaaatttttttttttttttttttttttttttttttttttrrrrrrrrrrrrrr................
.............aaaaaaaaaaaaaaaaaatttttttttttttttttttttttttttttttttttrrrrrrrrrrrrrr................
.............aaaaaaaaaaaaaaaaaatttttttttttttttttttttttttttttttttttrrrrrrrrrrrrrr................
.............aaaaaaaaaaaaaaaaaatttttttttttttttttttttttttttttttttttrrrrrrrrrrrrrr................
.............aaaaaaaaaaaaaaaaaatttttttttttttttttttttttttttttttttttrrrrrrrrrrrrrr................
.............aaaaaaaaaaaaaaaaaatttttttttttttttttttttttttttttttttttrrrrrrrrrrrrr.................
..............aaaaaaaaaaaaaaaaatttttttttttttttttttttttttttttttttttrrrrrrrrrrrrr.................
..............aaaaaaaaaaaaaaaaatttttttttttttttttttttttttttttttttttrrrrrrrrrrrr..................
...............aaaaaaaaaaaaaaaatttttttttttttttttttttttttttttttttttrrrrrrrrrrrr..................
................aaaaaaaaaaaaaaatttttttttttttttttttttttttttttttttttrrrrrrrrrrr...................
................aaaaaaaaaaaaaaatttttttttttttttttttttttttttttttttttrrrrrrrrrr....................
...............aaaaaaaaaaaaaaaatttttttttttttttttttttttttttttttttttrrrrrrrrr.....................
...............aaaaaaaaaaaaaaaatttttttttttttttttttttttttttttttttttrrrrrrrrr.....................
...............aaaaaaaaaaaaaaaatttttttttttttttttttttttttttttttttttrrrrrrrr......................
...............aaaaaaaaaaaaaaaatttttttttttttttttttttttttttttttttttrrrrrr........................
................aaaaaaaaaaaaaaatttttttttttttttttttttttttttttttttttrrrr..........................
................aaaaaaaaaaaaaaattttttttttttttttttttttttttttttttttt..............................
................aaaaaaaaaaaaaaatttttttttttttttttttttttttttttttttttr.............................
.................aaaaaaaaaaaaaatttttttttttttttttttttttttttttttttttrr............................
..................aaaaaaaaaaaaatttttttttttttttttttttttttttttttttttrrr...........................
...................aaaaaaaaaaaatttttttttttttttttttttttttttttttttttrrrr..........................
.....................aaaaaaaaaatttttttttttttttttttttttttttttttttttrrrrr.........................
......................aaaaaaaaatttttttttttttttttttttttttttttttttttrrrrrr........................
.......................aaaaaaaatttttttttttttttttttttttttttttttttttrrrrrr........................
......................aaaaaaaaatttttttttttttttttttttttttttttttttttrrrrrrr.......................
.....................aaaaaaaaaatttttttttttttttttttttttttttttttttttrrrrrrrr......................
....................aaaaaaaaaaatttttttttttttttttttttttttttttttttttrrrrrrrr......................
...................aaaaffffffffffffffffffffffffffooooooooooooooooooooooooo......................
...................aaaaffffffffffffffffffffffffffooooooooooooooooooooooooor.....................
...................aaaaffffffffffffffffffffffffffooooooooooooooooooooooooor.....................
..................aaaaaffffffffffffffffffffffffffooooooooooooooooooooooooorr....................
..................aaaaaffffffffffffffffffffffffffooooooooooooooooooooooooorrr...................
.................aaaaaaffffffffffffffffffffffffffooooooooooooooooooooooooorrrr..................
.................ttttttffffffffffffffffffffffffffoooooooooooooooooooooooootttt..................
................tttttttfffffffffffff.ffffffffffffoooooooooooooooooooooooootttt..................
...............ttttttttffffffffffff..ffffffffffffooooooooooooooooooooooooottttt.................
..............tttttttttfffffffffff...ffffffffffffoooooooooooooooooooooooootttttt................
..............tttttttttffffffffff....ffffffffffffooooooooooooooooooooooooottttttt...............
.............ttttttttttfffffffff......fffffffffffooooooooooo.oooooooooooootttttttt..............
.............ttttttttttffffffff.......fffffffffffoooooooooo...ooooooooooootttttttt..............
.............ttttttttttffffffff........ffffffffffooooooooo.....ooooooooooottttttttt.............
.............ttttttttttffffffff.........fffffffffoooooooo.......oooooooooottttttttt.............
.............ttttttttttfffffff...........ffffffffooooooo.........oooooooootttttttttt............
..............tttttttttffffff..............ffffffoooooo..........oooooooootttttttttt............
...............ttttttttfffff................fffffooooo...........oooooooootttttttttt............
.............................................ffffoooo.............ooooooootttttttttt............
..............................................fffoo................ooooooottttttttt.............
...............................................ffo..................oooooottttttttt.............
................................................................................................
................................................................................................
................................................................................................
................................................................................................
................................................................................................
................................................................................................
................................................................................................
................................................................................................
................................................................................................
