# enemy_warden_s_idle_bare0: one letter per part (t=torso f=foot_l o=foot_r a=arm_l r=arm_r h=head). Edit freely; sprite:split reads it.
................................................................................................
................................................................................................
................................................................................................
................................................................................................
................................................................................................
................................................................................................
................................................................................................
................................................................................................
................................................................................................
..............................................hhhhhh............................................
.............................................hhhhhhhh...........................................
.............................................hhhhhhhh...........................................
............................................hhhhhhhhhh..........................................
...........................................hhhhhhhhhhhhh........................................
........................................hhhhhhhhhhhhhhhhhh......................................
.......................................hhhhhhhhhhhhhhhhhhhh.....................................
......................................hhhhhhhhhhhhhhhhhhhhhh....................................
.....................................hhhhhhhhhhhhhhhhhhhhhhht...................................
.....................................hhhhhhhhhhhhhhhhhhhhhhht...................................
....................................thhhhhhhhhhhhhhhhhhhhhhhtt..................................
...................................tthhhhhhhhhhhhhhhhhhhhhhhtt..................................
...................................tthhhhhhhhhhhhhhhhhhhhhhhttt.................................
...................................tthhhhhhhhhhhhhhhhhhhhhhhttt.................................
...................................tthhhhhhhhhhhhhhhhhhhhhhhttt.................................
................................ttttthhhhhhhhhhhhhhhhhhhhhhhtttttt..............................
..............................ttttttthhhhhhhhhhhhhhhhhhhhhhhtttttttt............................
.............................tttttttthhhhhhhhhhhhhhhhhhhhhhhttttttttr...........................
.............................tttttttthhhhhhhhhhhhhhhhhhhhhhhttttttttr...........................
............................atttttttthhhhhhhhhhhhhhhhhhhhhhhttttttttrr..........................
.......................aaaaaatttttttthhhhhhhhhhhhhhhhhhhhhhhttttttttrr..........................
......................aaaaaaatttttttthhhhhhhhhhhhhhhhhhhhhhhttttttttrr..........................
.....................aaaaaaaatttttttthhhhhhhhhhhhhhhhhhhhhhhttttttttrrrrrr......................
...................aaaaaaaaaatttttttthhhhhhhhhhhhhhhhhhhhhhhttttttttrrrrrrrr....................
..................aaaaaaaaaaatttttttthhhhhhhhhhhhhhhhhhhhhhhttttttttrrrrrrrrrr..................
..................aaaaaaaaaaatttttttthhhhhhhhhhhhhhhhhhhhhhhttttttttrrrrrrrrrrr.................
................aaaaaaaaaaaaatttttttttttttttttttttttttttttttttttttttrrrrrrrrrrrrr...............
................aaaaaaaaaaaaatttttttttttttttttttttttttttttttttttttttrrrrrrrrrrrrrr..............
...............aaaaaaaaaaaaaatttttttttttttttttttttttttttttttttttttttrrrrrrrrrrrrrrr.............
...............aaaaaaaaaaaaaatttttttttttttttttttttttttttttttttttttttrrrrrrrrrrrrrrrr............
...............aaaaaaaaaaaaaatttttttttttttttttttttttttttttttttttttttrrrrrrrrrrrrrrrrr...........
...............aaaaaaaaaaaaaatttttttttttttttttttttttttttttttttttttttrrrrrrrrrrrrrrrrrr..........
................aaaaaaaaaaaaatttttttttttttttttttttttttttttttttttttttrrrrrrrrrrrrrrrrrr..........
................aaaaaaaaaaaaatttttttttttttttttttttttttttttttttttttttrrrrrrrrrrrrrrrrrrr.........
................aaaaaaaaaaaaatttttttttttttttttttttttttttttttttttttttrrrrrrrrrrrrrrrrrrr.........
...............aaaaaaaaaaaaaatttttttttttttttttttttttttttttttttttttttrrrrrrrrrrrrrrrrrrr.........
..............aaaaaaaaaaaaaaatttttttttttttttttttttttttttttttttttttttrrrrrrrrrrrrrrrrrrr.........
.............aaaaaaaaaaaaaaaatttttttttttttttttttttttttttttttttttttttrrrrrrrrrrrrrrrrrrr.........
............aaaaaaaaaaaaaaaaatttttttttttttttttttttttttttttttttttttttrrrrrrrrrrrrrrrrrrr.........
...........aaaaaaaaaaaaaaaaaatttttttttttttttttttttttttttttttttttttttrrrrrrrrrrrrrrrrrrr.........
...........aaaaaaaaaaaaaaaaaatttttttttttttttttttttttttttttttttttttttrrrrrrrrrrrrrrrrrr..........
..........aaaaaaaaaaaaaaaaaaatttttttttttttttttttttttttttttttttttttttrrrrrrrrrrrrrrrrrr..........
..........aaaaaaaaaaaaaaaaaaatttttttttttttttttttttttttttttttttttttttrrrrrrrrrrrrrrrrr...........
..........aaaaaaaaaaaaaaaaaaatttttttttttttttttttttttttttttttttttttttrrrrrrrrrrrrrrrr............
..........aaaaaaaaaaaaaaaaaaatttttttttttttttttttttttttttttttttttttt.rrrrrrrrrrrrrrr.............
..........aaaaaaaaaaaaaaaaaaatttttttttttttttttttttttttttttttttttttt....rrrrrrrrrrr..............
..........aaaaaaaaaaaaaaaaaaattttttttttttttttttttttttttttttttttttt........rrrrr.................
..........aaaaaaaaaaaaaaaaaaatttttttttttttttttttttttttttttttttttttt.............................
..........aaaaaaaaaaaaaaaaaaattttttttttttttttttttttttttttttttttttttt............................
..........aaaaaaaaaaaaaaaaaaatttttttttttttttttttttttttttttttttttttttr...........................
..........aaaaaaaaaaaaaaaaaaatttttttttttttttttttttttttttttttttttttttrr..........................
..........aaaaaaaaaaaaaaaaaaatttttttttttttttttttttttttttttttttttttttrr..........................
..........aaaaaaaaaaaaaaaaaaatttttttttttttttttttttttttttttttttttttttrrr.........................
..........aaaaaaaaaaaaaaaaaaatttttttttttttttttttttttttttttttttttttttrrrr........................
..........aaaaaaaaaaaaaaa.aaatttttttttttttttttttttttttttttttttttttttrrrr........................
...........aaaaaaaaaaaaaa.aaatttttttttttttttttttttttttttttttttttttttrrrr........................
...........aaaaaaaaaaaaa..aaatttttttttttttttttttttttttttttttttttttttrrrr........................
............aaaaaaaaaff...fffffffffffffffffffffffooooooooooooooooooooooo........................
.............aaaaaaaa....ffffffffffffffffffffffffoooooooooooooooooooooooo.......................
........................fffffffffffffffffffffffffooooooooooooooooooooooooo......................
.......................ffffffffffffffffffffffffffoooooooooooooooooooooooooo.....................
.......................ffffffffffffffffffffffffffooooooooooooooooooooooooooo....................
......................fffffffffffffffffffffffffffooooooooooooooooooooooooooo....................
......................fffffffffffffffffffffffffffooooooooooooooooooooooooooo....................
......................fffffffffffffffffffffffffffooooooooooooooooooooooooooot...................
.....................ffffffffffffffffffffffffffffooooooooooooooooooooooooooot...................
....................tffffffffffffffffffffffffffffooooooooooooooooooooooooooot...................
....................tffffffffffffffffffffffffffffooooooooooooooooooooooooooottt.................
...................ttfffffffffffffffff.ffffffffffoooooooooo.oooooooooooooooottt.................
..................tttffffffffffffffff..ffffffffffooooooooo...oooooooooooooootttt................
..................tttfffffffffffffff....fffffffffoooooooo.....oooooooooooooottttt...............
.................ttttffffffffffffff......ffffffffooooooo.......ooooooooooooottttt...............
.................ttttffffffffffffff.......fffffffooooooo.......ooooooooooooottttt...............
.................ttttffffffffffffff........ffffffoooooo.........oooooooooooottttt...............
.................ttttfffffffffffff..........fffffoooo...........oooooooooooottttt...............
.................ttttfffffffffffff...........ffffooo............oooooooooooottttt...............
..................tttffffffffffff..............ffoo..............ooooooooooottttt...............
..................tttffffffffff...................................ooooooooootttt................
................................................................................................
................................................................................................
................................................................................................
................................................................................................
................................................................................................
................................................................................................
................................................................................................
................................................................................................
................................................................................................
