# enemy_warden_n_idle0: one letter per part (t=torso f=foot_l o=foot_r a=arm_l r=arm_r h=head). Edit freely; sprite:split reads it.
................................................................................................
................................................................................................
................................................................................................
................................................................................................
................................................................................................
................................................................................................
................................................................................................
................................................................................................
................................................................................................
...........................................hhhhh................................................
..........................................hhhhhhh...............................................
.........................................hhhhhhhhh..............................................
.........................................hhhhhhhhhh.............................................
.......................................hhhhhhhhhhhhhh...........................................
.....................................hhhhhhhhhhhhhhhhh..........................................
....................................thhhhhhhhhhhhhhhhhhh........................................
...................................tthhhhhhhhhhhhhhhhhhhh.......................................
..................................ttthhhhhhhhhhhhhhhhhhhhh......................................
.................................tttthhhhhhhhhhhhhhhhhhhhhh.....................................
................................ttttthhhhhhhhhhhhhhhhhhhhhh.....................................
................................ttttthhhhhhhhhhhhhhhhhhhhhht....................................
...............................tttttthhhhhhhhhhhhhhhhhhhhhht....................................
...............................tttttthhhhhhhhhhhhhhhhhhhhhhtt...................................
...............................tttttthhhhhhhhhhhhhhhhhhhhhhtt...................................
...........................aaattttttthhhhhhhhhhhhhhhhhhhhhhtt...................................
..........................aaaattttttthhhhhhhhhhhhhhhhhhhhhhtt...................................
........................aaaaaattttttthhhhhhhhhhhhhhhhhhhhhhttttttt..............................
........................aaaaaattttttthhhhhhhhhhhhhhhhhhhhhhtttttttr.............................
.......................aaaaaaattttttthhhhhhhhhhhhhhhhhhhhhhtttttttrr............................
......................aaaaaaaattttttthhhhhhhhhhhhhhhhhhhhhhtttttttrrr...........................
.....................aaaaaaaaattttttthhhhhhhhhhhhhhhhhhhhhhtttttttrrr...........................
...................aaaaaaaaaaattttttthhhhhhhhhhhhhhhhhhhhhhtttttttrrrr..........................
..................aaaaaaaaaaaattttttthhhhhhhhhhhhhhhhhhhhhhtttttttrrrrrr........................
.................aaaaaaaaaaaaattttttthhhhhhhhhhhhhhhhhhhhhhtttttttrrrrrrrr......................
................aaaaaaaaaaaaaattttttthhhhhhhhhhhhhhhhhhhhhhtttttttrrrrrrrrr.....................
...............aaaaaaaaaaaaaaattttttttttttttttttttttttttttttttttttrrrrrrrrrr....................
...............aaaaaaaaaaaaaaattttttttttttttttttttttttttttttttttttrrrrrrrrrrr...................
..............aaaaaaaaaaaaaaaattttttttttttttttttttttttttttttttttttrrrrrrrrrrrr..................
..............aaaaaaaaaaaaaaaattttttttttttttttttttttttttttttttttttrrrrrrrrrrrrr.................
..............aaaaaaaaaaaaaaaattttttttttttttttttttttttttttttttttttrrrrrrrrrrrrr.................
..............aaaaaaaaaaaaaaaattttttttttttttttttttttttttttttttttttrrrrrrrrrrrrr.................
..............aaaaaaaaaaaaaaaattttttttttttttttttttttttttttttttttttrrrrrrrrrrrrr.................
...............aaaaaaaaaaaaaaattttttttttttttttttttttttttttttttttttrrrrrrrrrrrrrrr...............
...............aaaaaaaaaaaaaaattttttttttttttttttttttttttttttttttttrrrrrrrrrrrrrrrr..............
................aaaaaaaaaaaaaattttttttttttttttttttttttttttttttttttrrrrrrrrrrrrrrrrr.............
................aaaaaaaaaaaaaattttttttttttttttttttttttttttttttttttrrrrrrrrrrrrrrrrrr............
.................aaaaaaaaaaaaattttttttttttttttttttttttttttttttttttrrrrrrrrrrrrrrrrrr............
..................aaaaaaaaaaaattttttttttttttttttttttttttttttttttttrrrrrrrrrrrrrrrrrrr...........
....................aaaaaaaaaattttttttttttttttttttttttttttttttttttrrrrrrrrrrrrrrrrrrr...........
.....................aaaaaaaaattttttttttttttttttttttttttttttttttttrrrrrrrrrrrrrrrrrrr...........
............................aattttttttttttttttttttttttttttttttttttrrrrrrrrrrrrrrrrrrr...........
.............................attttttttttttttttttttttttttttttttttttrrrrrrrrrrrrrrrrrrr...........
.............................atttttttttttttttttttttttttttttt.tttttrrrrrrrrrrrrrrrrrrr...........
............................aatttttttttttttttttttttttttttttt....ttrrrrrrrrrrrrrrrrrrr...........
............................aatttttttttttttttttttttttttttttt......rrrrrrrrrrrrrrrrrrr...........
...........................aaattttttttttttttttttttttttttttttt.....rrrrrrrrrrrrrrrrrr............
.........................aaaaatttttttttttttttttttttttttttttttt.....rrrrrrrrrrrrrrrr.............
.........................aaaaattttttttttttttttttttttttttttttttt.....rrrrrrrrrrrrrr..............
........................aaaaaatttttttttttttttttttttttttttttttttt.....rrrrrrrrrrrr...............
.......................aaaaaaatttttttttttttttttttttttttttttttttt.......rrrrrrrrr................
......................aaaaaaaattttttttttttttttttttttttttttttttttt.........rrr...................
......................aaaaaaaattttttttttttttttttttttttttttttttttt...............................
.....................aaaaaaaaatttttttttttttttttttttttttttttttttttt..............................
.....................aaaaaaaaatttttttttttttttttttttttttttttttttttt..............................
.....................aaaaaaaaatttttttttttttttttttttttttttttttttttt..............................
....................aaaaaaaaaatttttttttttttttttttttttttttttttttttt..............................
...................aaffffffffffffffffffffffffffffoooooooooooooooooo.............................
..................aaaffffffffffffffffffffffffffffooooooooooooooooooo............................
..................aaaffffffffffffffffffffffffffffoooooooooooooooooooo...........................
.................aaaaffffffffffffffffffffffffffffooooooooooooooooooooo..........................
................aaaaaffffffffffffffffffffffffffffooooooooooooooooooooo..........................
................aaaaaffffffffffffffffffffffffffffoooooooooooooooooooooo.........................
................tttttffffffffffffffffffffffffffffoooooooooooooooooooooo.........................
................tttttffffffffffffffffffffffffffffooooooooooooooooooooooo........................
..............tttttttffffffffffffffffffffffffffffooooooooooooooooooooooo........................
..............tttttttffffffffffffffffffffffffffffoooooooooooooooooooooooo.......................
.............ttttttttffffffffffff.fffffffffffffffooo..oooooooooooooooooooo......................
............tttttttttfffffffffff...ffffffffffffffoo....oooooooooooooooooooo.....................
............tttttttttfffffffff......fffffffffffffo......ooooooooooooooooooo.....................
...........ttttttttttfffffffff.......fffffffffff.........oooooooooooooooooo.....................
...........ttttttttttffffffff.........fffffffff..........oooooooooooooooooot....................
...........ttttttttttfffffff...........ffffffff..........oooooooooooooooooot....................
...........ttttttttttfffffff............fffff.............ooooooooooooooooot....................
...........ttttttttttfffffff..............................ooooooooooooooooot....................
...........ttttttttttffffff...............................ooooooooooooooooot....................
............tttttttttfffff.................................oooooooooooooooot....................
............................................................ooooooooooooooo.....................
................................................................................................
................................................................................................
................................................................................................
................................................................................................
................................................................................................
................................................................................................
................................................................................................
................................................................................................
................................................................................................
