# enemy_warden_s_dormant0: one letter per part (t=torso f=foot_l o=foot_r a=arm_l r=arm_r h=head). Edit freely; sprite:split reads it.
................................................................................................
................................................................................................
................................................................................................
................................................................................................
................................................................................................
................................................................................................
................................................................................................
................................................................................................
................................................................................................
..............................................hhhhh.............................................
.............................................hhhhhhh............................................
............................................hhhhhhhh............................................
...........................................hhhhhhhhhh...........................................
..........................................hhhhhhhhhhhh..........................................
........................................hhhhhhhhhhhhhhhhh.......................................
.......................................hhhhhhhhhhhhhhhhhhh......................................
......................................hhhhhhhhhhhhhhhhhhhhh.....................................
.....................................hhhhhhhhhhhhhhhhhhhhhhh....................................
....................................hhhhhhhhhhhhhhhhhhhhhhhht...................................
....................................hhhhhhhhhhhhhhhhhhhhhhhht...................................
...................................thhhhhhhhhhhhhhhhhhhhhhhhtt..................................
...................................thhhhhhhhhhhhhhhhhhhhhhhhtt..................................
..................................tthhhhhhhhhhhhhhhhhhhhhhhhtt..................................
..................................tthhhhhhhhhhhhhhhhhhhhhhhhtt..................................
...............................ttttthhhhhhhhhhhhhhhhhhhhhhhhtttttt..............................
.............................ttttttthhhhhhhhhhhhhhhhhhhhhhhhtttttttt............................
............................tttttttthhhhhhhhhhhhhhhhhhhhhhhhtttttttt............................
............................tttttttthhhhhhhhhhhhhhhhhhhhhhhhttttttttr...........................
...........................atttttttthhhhhhhhhhhhhhhhhhhhhhhhttttttttrr..........................
......................aaaaaatttttttthhhhhhhhhhhhhhhhhhhhhhhhttttttttrr..........................
.....................aaaaaaatttttttthhhhhhhhhhhhhhhhhhhhhhhhttttttttrr..........................
...................aaaaaaaaatttttttthhhhhhhhhhhhhhhhhhhhhhhhttttttttrrrrrrr.....................
...................aaaaaaaaatttttttthhhhhhhhhhhhhhhhhhhhhhhhttttttttrrrrrrrrr...................
.................aaaaaaaaaaatttttttthhhhhhhhhhhhhhhhhhhhhhhhttttttttrrrrrrrrrrr.................
.................aaaaaaaaaaatttttttthhhhhhhhhhhhhhhhhhhhhhhhttttttttrrrrrrrrrrrr................
...............aaaaaaaaaaaaattttttttttttttttttttttttttttttttttttttttrrrrrrrrrrrrr...............
...............aaaaaaaaaaaaattttttttttttttttttttttttttttttttttttttttrrrrrrrrrrrrrr..............
..............aaaaaaaaaaaaaattttttttttttttttttttttttttttttttttttttttrrrrrrrrrrrrrrrr............
..............aaaaaaaaaaaaaattttttttttttttttttttttttttttttttttttttttrrrrrrrrrrrrrrrrr...........
..............aaaaaaaaaaaaaattttttttttttttttttttttttttttttttttttttttrrrrrrrrrrrrrrrrr...........
..............aaaaaaaaaaaaaattttttttttttttttttttttttttttttttttttttttrrrrrrrrrrrrrrrrrr..........
...............aaaaaaaaaaaaattttttttttttttttttttttttttttttttttttttttrrrrrrrrrrrrrrrrrr..........
...............aaaaaaaaaaaaattttttttttttttttttttttttttttttttttttttttrrrrrrrrrrrrrrrrrrr.........
...............aaaaaaaaaaaaattttttttttttttttttttttttttttttttttttttttrrrrrrrrrrrrrrrrrrr.........
..............aaaaaaaaaaaaaattttttttttttttttttttttttttttttttttttttttrrrrrrrrrrrrrrrrrrr.........
.............aaaaaaaaaaaaaaattttttttttttttttttttttttttttttttttttttttrrrrrrrrrrrrrrrrrrr.........
............aaaaaaaaaaaaaaaattttttttttttttttttttttttttttttttttttttttrrrrrrrrrrrrrrrrrrr.........
...........aaaaaaaaaaaaaaaaattttttttttttttttttttttttttttttttttttttttrrrrrrrrrrrrrrrrrrr.........
..........aaaaaaaaaaaaaaaaaattttttttttttttttttttttttttttttttttttttttrrrrrrrrrrrrrrrrrr..........
..........aaaaaaaaaaaaaaaaaattttttttttttttttttttttttttttttttttttttttrrrrrrrrrrrrrrrrrr..........
..........aaaaaaaaaaaaaaaaaattttttttttttttttttttttttttttttttttttttttrrrrrrrrrrrrrrrrr...........
..........aaaaaaaaaaaaaaaaaattttttttttttttttttttttttttttttttttttttttrrrrrrrrrrrrrrrr............
..........aaaaaaaaaaaaaaaaaattttttttttttttttttttttttttttttttttttttttrrrrrrrrrrrrrrr.............
..........aaaaaaaaaaaaaaaaaatttttttttttttttttttttttttttttttttttttt..rrrrrrrrrrrrrr..............
..........aaaaaaaaaaaaaaaaaatttttttttttttttttttttttttttttttttttttt.......rrrrrrr................
..........aaaaaaaaaaaaaaaaaattttttttttttttttttttttttttttttttttttt...............................
..........aaaaaaaaaaaaaaaaaatttttttttttttttttttttttttttttttttttttt..............................
.........aaaaaaaaaaaaaaaaaaattttttttttttttttttttttttttttttttttttttt.............................
.........aaaaaaaaaaaaaaaaaaatttttttttttttttttttttttttttttttttttttttt............................
.........aaaaaaaaaaaaaaaaaaattttttttttttttttttttttttttttttttttttttttr...........................
.........aaaaaaaaaaaaaaaaaaattttttttttttttttttttttttttttttttttttttttrr..........................
.........aaaaaaaaaaaaaaaaaaattttttttttttttttttttttttttttttttttttttttrr..........................
.........aaaaaaaaaaaaaaaaaaattttttttttttttttttttttttttttttttttttttttrrr.........................
.........aaaaaaaaaaaaaaaaaaattttttttttttttttttttttttttttttttttttttttrrrr........................
..........aaaaaaaaaaaaaa.aaattttttttttttttttttttttttttttttttttttttttrrrr........................
..........aaaaaaaaaaaaa..aaattttttttttttttttttttttttttttttttttttttttrrrr........................
...........aaaaaaaaaff...ffffffffffffffffffffffffooooooooooooooooooooooo........................
............aaaaaaaaf...fffffffffffffffffffffffffoooooooooooooooooooooooo.......................
.......................ffffffffffffffffffffffffffooooooooooooooooooooooooo......................
......................fffffffffffffffffffffffffffooooooooooooooooooooooooo......................
......................fffffffffffffffffffffffffffoooooooooooooooooooooooooo.....................
.....................ffffffffffffffffffffffffffffooooooooooooooooooooooooooo....................
.....................ffffffffffffffffffffffffffffooooooooooooooooooooooooooo....................
....................fffffffffffffffffffffffffffffooooooooooooooooooooooooooo....................
....................fffffffffffffffffffffffffffffooooooooooooooooooooooooooot...................
....................fffffffffffffffffffffffffffffooooooooooooooooooooooooooot...................
...................tfffffffffffffffffffffffffffffooooooooooooooooooooooooooott..................
..................ttfffffffffffffffff.fffffffffffooooooooooooooooooooooooooottt.................
.................tttffffffffffffffff...ffffffffffooooooooo..ooooooooooooooootttt................
.................tttfffffffffffffff.....fffffffffoooooooo....oooooooooooooootttt................
................ttttfffffffffffffff......ffffffffooooooo......oooooooooooooottttt...............
................ttttffffffffffffff........fffffffoooooo........ooooooooooooottttt...............
................ttttffffffffffffff........fffffffooooo.........ooooooooooooottttt...............
................ttttffffffffffffff..........fffffoooo..........ooooooooooooottttt...............
................ttttfffffffffffff............ffffooo............oooooooooooottttt...............
................ttttffffffffffff..............fffoo..............ooooooooooottttt...............
.................tttfffffffffff...................................ooooooooootttt................
................................................................................................
................................................................................................
................................................................................................
................................................................................................
................................................................................................
................................................................................................
................................................................................................
................................................................................................
................................................................................................
