# enemy_warden_w_windup: one letter per part (t=torso f=foot_l o=foot_r a=arm_l r=arm_r h=head). Edit freely; sprite:split reads it.
................................................................................................
................................................................................................
................................................................................................
................................................................................................
................................................................................................
................................................................................................
................................................................................................
................................................................................................
................................................................................................
.........................................hhhh...................................................
......................................thhhhhhhhh................................................
.....................................tthhhhhhhhhh...............................................
....................................ttthhhhhhhhhh...............................................
...................................tttthhhhhhhhhhh..............................................
...................................tttthhhhhhhhhhhh.............................................
..................................ttttthhhhhhhhhhhhh............................................
..................................ttttthhhhhhhhhhhhhhh..........................................
..................................ttttthhhhhhhhhhhhhhhh.........................................
..................................ttttthhhhhhhhhhhhhhhhh........................................
..................................ttttthhhhhhhhhhhhhhhhhh.......................................
..................................ttttthhhhhhhhhhhhhhhhhht......................................
..................................ttttthhhhhhhhhhhhhhhhhhtt.....................................
..................................ttttthhhhhhhhhhhhhhhhhhttt....................................
.................................attttthhhhhhhhhhhhhhhhhhtttt...................................
................................aattttthhhhhhhhhhhhhhhhhhttttt..................................
..............................aaaattttthhhhhhhhhhhhhhhhhhtttttr.................................
.............................aaaaattttthhhhhhhhhhhhhhhhhhtttttr.................................
............................aaaaaattttthhhhhhhhhhhhhhhhhhtttttr.................................
............................aaaaaattttthhhhhhhhhhhhhhhhhhtttttrr................................
...........................aaaaaaattttthhhhhhhhhhhhhhhhhhtttttrr................................
...........................aaaaaaattttthhhhhhhhhhhhhhhhhhtttttrr................................
..........................aaaaaaaattttthhhhhhhhhhhhhhhhhhtttttrr................................
..........................aaaaaaaattttthhhhhhhhhhhhhhhhhhtttttr.................................
.........................aaaaaaaaattttthhhhhhhhhhhhhhhhhhtttttr.................................
.........................aaaaaaaaattttthhhhhhhhhhhhhhhhhhtttttrr................................
.........................aaaaaaaaattttttttttttttttttttttttttttrrr...............................
.........................aaaaaaaaattttttttttttttttttttttttttttrrr...............................
.........................aaaaaaaaattttttttttttttttttttttttttttrrrr..............................
.........................aaaaaaaaattttttttttttttttttttttttttttrrrr..............................
.........................aaaaaaaaattttttttttttttttttttttttttttrrrr..............................
.........................aaaaaaaaattttttttttttttttttttttttttttrrrr..............................
..........................aaaaaaaattttttttttttttttttttttttttttrrrr..............................
..........................aaaaaaaattttttttttttttttttttttttttttrrrr..............................
...........................aaaaaaattttttttttttttttttttttttttttrrr...............................
...........................aaaaaaattttttttttttttttttttttttttttrrr...............................
...........................aaaaaaattttttttttttttttttttttttttttrr................................
............................aaaaaattttttttttttttttttttttttttttr.................................
............................aaaaaattttttttttttttttttttttttttttr.................................
.............................aaaaatttttttttttttttttttttttttttt..................................
..............................aaaatttttttttttttttttttttttttttt..................................
..............................aaaatttttttttttttttttttttttttttt..................................
..............................aaaatttttttttttttttttttttttttttt..................................
..............................aaaatttttttttttttttttttttttttttt..................................
..............................aaaatttttttttttttttttttttttttttt..................................
..............................aaaattttttttttttttttttttttttttt...................................
..............................aaaattttttttttttttttttttttttttt...................................
..............................aaaattttttttttttttttttttttttttt...................................
...............................aaatttttttttttttttttttttttttttt..................................
...............................aaattttttttttttttttttttttttttttr.................................
................................aattttttttttttttttttttttttttttr.................................
................................aattttttttttttttttttttttttttttrr................................
................................aattttttttttttttttttttttttttttrrrr..............................
...............................aaattttttttttttttttttttttttttttrrrrr.............................
..............................aaaattttttttttttttttttttttttttttrrrrrr............................
..............................aaaattttttttttttttttttttttttttttrrrrrrr...........................
.............................aaaaattttttttttttttttttttttttttttrrrrrrrr..........................
.............................ffffffffffffffffffffooooooooooooooooooorrr.........................
...........................afffffffffffffffffffffooooooooooooooooooorrrr........................
...........................afffffffffffffffffffffooooooooooooooooooorrrr........................
..........................aafffffffffffffffffffffooooooooooooooooooorrrr........................
.........................aaafffffffffffffffffffffooooooooooooooooooorrr.........................
.........................aaafffffffffffffffffffffooooooooooooooooooo............................
.........................tttfffffffffffffffffffffooooooooooooooooooo............................
.........................tttfffffffffffffffffffffooooooooooooooooooot...........................
.........................tttfffffffffffffffffffffooooooooooooooooooott..........................
.........................tttfffffffffffffffffffffooooooooooooooooooottt.........................
........................ttttfffffffffffffffffffffoo.ooooooooooooooootttt........................
........................ttttfffffffffffffffffffffo....oooooooooooooottttt.......................
.......................tttttfffffffffffffffffffff......oooooooooooootttttt......................
......................ttttttfffffffffffffffffffff.......oooooooooooottttttt.....................
.....................tttttttffffffffffffffffffff.........ooooooooooottttttt.....................
.....................tttttttffffffffff..ffffffff..........ooooooooootttttttt....................
....................ttttttttffffffffff...ffffff............oooooooootttttttt....................
....................ttttttttffffffffff.....ff..............oooooooootttttttt....................
....................ttttttttffffffffff.....................oooooooootttttttt....................
....................ttttttttfffffffff.......................ooooooootttttttt....................
.....................tttttttfffffff..........................ooooooottttttt.....................
................................................................................................
................................................................................................
................................................................................................
................................................................................................
................................................................................................
................................................................................................
................................................................................................
................................................................................................
................................................................................................
