# enemy_sower_n_bloom_cast: one letter per part (c=core s=shard_l h=shard_r). Edit freely; sprite:split reads it.
................................................................
................................................................
................................................................
................................................................
................................................................
................................................................
...........sss....................................hhh...........
..........sssss..................................hhhh...........
..........ssssss................................hhhhhh..........
.........ssssssss.............................hhhhhhhhh.........
.........sssssssss...........................hhhhhhhhhh.........
.........ssssssssss.........cc....cc.........hhhhhhhhhh.........
.........sssssssssss......ccccc..ccccc......hhhhhhhhhhh.........
.........sssssssssss....ccccccc..ccccccc....hhhhhhhhhhh.........
.........sssssssssss...cccccccc..cccccccc...hhhhhhhhhhh.........
..........sssssssss..cccccccccc.cccccccccc...hhhhhhhhh..........
...........ssssssss.scccccccccccccccccccccc..hhhhhhhh...........
............ssssss.sscccccccccccccccccccccch..hhhhhh............
............sssss..sscccccccccccccccccccccch...hhhh.............
..............ss...sscccccccccccccccccccccchh...hh..............
..................ssscccccccccccccccccccccchhh..................
...............sssssscccccccccccccccccccccchhhhh................
...............sssssscccccccccccccccccccccchhhhhh...............
..............ssssssscccccccccccccccccccccchhhhhhh..............
.............sssssssscccccccccccccccccccccchhhhhhhh.............
.............sssssssscccccccccccccccccccccchhhhhhhh.............
............ssssssssscccccccccccccccccccccchhhhhhhhh............
...........sssssssssscccccccccccccccccccccchhhhhhhhhh...........
...........sssssssssscccccccccccccccccccccchhhhhhhhhh...........
...........sssssssssscccccccccccccccccccccchhhhhhhhhh...........
...........sssssssssscccccccccccccccccccccchhhhhhhhhh...........
...........sssssssssscccccccccccccccccccccchhhhhhhhhh...........
............ssssssssscccccccccccccccccccccchhhhhhhhh............
..............ssssssscccccccccccccccccccccchhhhhhhh.............
...........sssssssssscccccccccccccccccccccchhhhhhhhhh...........
...........sssssssssscccccccccccccccccccccchhhhhhhhhh...........
...........sssssssssscccccccccccccccccccccchhhhhhhhhh...........
...........sssssssssscccccccccccccccccccccchhhhhhhhhh...........
...........sssssssssscccccccccccccccccccccchhhhhhhhhh...........
............ssssssssscccccccccccccccccccccchhhhhhhhh............
.............sssssssscccccccccccccccccccccchhhhhhhhh............
.............sssssssscccccccccccccccccccccchhhhhhh..............
..............ssssssscccccccccccccccccccccchhhhhhh..............
...............sssssscccccccccccccccccccccchhhhhh...............
................ssssscccccccccccccccccccccchhhhh.h..............
............ssss..ssscccccccccccccccccccccchhh..hhhh............
...........ssssss..sscccccccccccccccccccccchh..hhhhhh...........
..........sssssss...scccccccccccccccccccccch..hhhhhhhh..........
.........sssssssss...cccccccccccccccccccccc...hhhhhhhhh.........
.........ssssssssss...ccccccccc..ccccccccc...hhhhhhhhhh.........
.........sssssssssss...cccccccc..ccccccc....hhhhhhhhhhh.........
.........sssssssssss.....cccccc..cccccc.....hhhhhhhhhhh.........
.........sssssssssss.......cccc..cccc.......hhhhhhhhhhh.........
.........ssssssssss..........................hhhhhhhhhh.........
..........ssssssss............................hhhhhhhh..........
..........sssssss..............................hhhhhhh..........
...........ssss..................................hhhh...........
............ss....................................hh............
................................................................
................................................................
................................................................
................................................................
................................................................
................................................................
