# enemy_sower_w_idle0: one letter per part (c=core s=shard_l h=shard_r). Edit freely; sprite:split reads it.
................................................................
................................................................
................................................................
................................................................
................................................................
................................................................
....................................ccc.........................
....................................ccch........................
...................................cccchhh......................
..................................ccccchhhh.....................
..................................ccccchhhhhh...................
..................................ccccchhhhhhh..................
..................................ccccchhhhhhh..................
..................................ccccchhhhhhh..................
...................................cccchhhhhhh..................
.............................ccc....ccchhhhhhh..................
...........................cccccc....cchhhhhh...................
.........................scccccccc....chhhhh....................
........................sscccccccccc..chhhh.....................
........................sscccccccccccc..hh......................
.......................sssccccccccccccc.........................
.......................sssccccccccccccchh.......................
......................ssssccccccccccccchh.......................
.....................sssssccccccccccccchhh......................
....................ssssssccccccccccccchhhhh....................
....................ssssssccccccccccccchhhhh....................
....................ssssssccccccccccccchhhhhh...................
...................sssssssccccccccccccchhhhhh...................
...................sssssssccccccccccccchhhhhhh..................
...................sssssssccccccccccccchhhhhhh..................
..................ssssssssccccccccccccchhhhhhhh.................
..................ssssssssccccccccccccchhhhhhhh.................
..................ssssssssccccccccccccchhhhhhhh.................
..................ssssssssccccccccccccchhhhhhhh.................
..................ssssssssccccccccccccchhhhhhhh.................
...................sssssssccccccccccccchhhhhhh..................
...................sssssssccccccccccccchhhhhh...................
...................sssssssccccccccccccchhhhhh...................
....................ssssssccccccccccccchhhhh....................
....................ssssssccccccccccccchhhhh....................
....................ssssssccccccccccccchhh......................
.....................sssssccccccccccccchhh......................
.....................sssssccccccccccccchh.......................
.......................sssccccccccccccch........................
........................ssccccccccccccc.hhh.....................
........................ssccccccccccc...hhhh....................
.........................sccccccccc...chhhhh....................
..........................cccccccc...cchhhhhh...................
...........................cccccc...ccchhhhhhh..................
...................................cccchhhhhhh..................
..................................ccccchhhhhhh..................
..................................ccccchhhhhhh..................
..................................ccccchhhhhh...................
...................................cccchhhhh....................
....................................ccchhhh.....................
....................................ccchhh......................
.....................................cchh.......................
.....................................cch........................
................................................................
................................................................
................................................................
................................................................
................................................................
................................................................
