# enemy_sower_s_idle0: one letter per part (c=core s=shard_l h=shard_r). Edit freely; sprite:split reads it.
................................................................
................................................................
................................................................
................................................................
................................................................
................................................................
.............ss...................................hhh...........
............ssss.................................hhhhh..........
...........ssssss...............................hhhhhh..........
...........sssssss.............................hhhhhhhh.........
...........sssssssss..........................hhhhhhhhh.........
...........ssssssssss........................hhhhhhhhhh.........
...........sssssssssss......................hhhhhhhhhhh.........
...........sssssssssssc........cccc........hhhhhhhhhhhh.........
...........sssssssssssc......ccccccc.......hhhhhhhhhhhh.........
...........sssssssssssc......cccccccc......hhhhhhhhhhhh.........
...........sssssssssss.....ccccccccccc......hhhhhhhhhh..........
............sssssssss...cccccccccccccccc.....hhhhhhhh...........
.............sssssss...ccccccccccccccccccc...hhhhhhhh...........
.............ssssss..sccccccccccccccccccccch..hhhhhh............
..............ssss..ssccccccccccccccccccccchh..hhhh.............
..............sss..sssccccccccccccccccccccchhh..hhh.............
...................sssccccccccccccccccccccchhhh.................
.................sssssccccccccccccccccccccchhhhh................
.................sssssccccccccccccccccccccchhhhhh...............
...............sssssssccccccccccccccccccccchhhhhhh..............
...............sssssssccccccccccccccccccccchhhhhhh..............
...............sssssssccccccccccccccccccccchhhhhhhh.............
..............ssssssssccccccccccccccccccccchhhhhhhh.............
.............sssssssssccccccccccccccccccccchhhhhhhhhh...........
............ssssssssssccccccccccccccccccccchhhhhhhhhh...........
............ssssssssssccccccccccccccccccccchhhhhhhhhh...........
............ssssssssssccccccccccccccccccccchhhhhhhhhh...........
............ssssssssssccccccccccccccccccccchhhhhhhhhh...........
............ssssssssssccccccccccccccccccccchhhhhhhhhh...........
.............sssssssssccccccccccccccccccccchhhhhhhhhh...........
..............ssssssssccccccccccccccccccccchhhhhhhh.............
..............ssssssssccccccccccccccccccccchhhhhhhh.............
...............sssssssccccccccccccccccccccchhhhhhh..............
...............sssssssccccccccccccccccccccchhhhhhh..............
................ssssssccccccccccccccccccccchhhhhhh..............
.................sssssccccccccccccccccccccchhhhh................
.................sssssccccccccccccccccccccchhhhh................
..............ss...sssccccccccccccccccccccchhhh..hh.............
.............ssss..sssccccccccccccccccccccchhh..hhhh............
.............sssss..ssccccccccccccccccccccchh..hhhhhh...........
...........ssssssss...ccccccccccccccccccccch..hhhhhhhh..........
...........sssssssss...ccccccccccccccccccc....hhhhhhhhh.........
..........ssssssssss.....ccccccccccccccc.....hhhhhhhhhh.........
..........sssssssssss.......ccccccccc.......hhhhhhhhhhh.........
..........ssssssssssss.......cccccccc.......hhhhhhhhhhh.........
..........ssssssssssss........cccccc........hhhhhhhhhhh.........
..........sssssssssss..........cccc.........hhhhhhhhhhh.........
...........sssssssss.........................hhhhhhhhh..........
...........ssssssss...........................hhhhhhhh..........
............ssssss.............................hhhhhhh..........
............sssss................................hhhh...........
.............ss...................................hhh...........
................................................................
................................................................
................................................................
................................................................
................................................................
................................................................
