# enemy_sower_s_dormant0: one letter per part (c=core s=shard_l h=shard_r). Edit freely; sprite:split reads it.
................................................................
................................................................
................................................................
................................................................
................................................................
................................................................
............sss..................................hhh............
...........sssss................................hhhhh...........
...........ssssss..............................hhhhhh...........
..........ssssssss............................hhhhhhhh..........
..........sssssssss..........................hhhhhhhhh..........
..........ssssssssss........................hhhhhhhhhh..........
..........sssssssssss......................hhhhhhhhhhh..........
..........sssssssssssc....................chhhhhhhhhhh..........
..........sssssssssssc.......cccccc.......chhhhhhhhhhh..........
..........sssssssssssc......cccccccc......chhhhhhhhhhh..........
...........ssssssssss.......cccccccc.......hhhhhhhhhh...........
............ssssssss.....cccccccccccccc.....hhhhhhhhh...........
............sssssss....cccccccccccccccccc....hhhhhhh............
.............sssss...cccccccccccccccccccccc...hhhhh.............
.............ssss...scccccccccccccccccccccch...hhhh.............
..............ss...sscccccccccccccccccccccchh...hh..............
..................ssscccccccccccccccccccccchhh..................
.................sssscccccccccccccccccccccchhh..................
.................sssscccccccccccccccccccccchhhh.................
...............sssssscccccccccccccccccccccchhhhhh...............
...............sssssscccccccccccccccccccccchhhhhh...............
..............ssssssscccccccccccccccccccccchhhhhh...............
..............ssssssscccccccccccccccccccccchhhhhhh..............
.............sssssssscccccccccccccccccccccchhhhhhhh.............
............ssssssssscccccccccccccccccccccchhhhhhhhh............
............ssssssssscccccccccccccccccccccchhhhhhhhh............
............ssssssssscccccccccccccccccccccchhhhhhhhh............
............ssssssssscccccccccccccccccccccchhhhhhhhh............
............ssssssssscccccccccccccccccccccchhhhhhhhh............
............ssssssssscccccccccccccccccccccchhhhhhhh.............
..............ssssssscccccccccccccccccccccchhhhhhh..............
..............ssssssscccccccccccccccccccccchhhhhh...............
..............ssssssscccccccccccccccccccccchhhhhh...............
...............sssssscccccccccccccccccccccchhhhhh...............
...............sssssscccccccccccccccccccccchhhhh................
................ssssscccccccccccccccccccccchhhh.................
.................sssscccccccccccccccccccccchhhh.................
..................ssscccccccccccccccccccccchhh..................
.............ssss..sscccccccccccccccccccccchh..hhh..............
............sssss...scccccccccccccccccccccch..hhhhhh............
...........sssssss...cccccccccccccccccccccc...hhhhhhh...........
..........sssssssss...ccccccccccccccccccc....hhhhhhhh...........
..........ssssssssss....ccccccccccccccc.....hhhhhhhhhh..........
..........sssssssssss......ccccccccc.......hhhhhhhhhhh..........
..........sssssssssss.......cccccccc.......hhhhhhhhhhh..........
..........sssssssssss........cccccc........hhhhhhhhhhh..........
..........sssssssssss.........cccc.........hhhhhhhhhhh..........
...........sssssssss........................hhhhhhhhh...........
...........sssssss...........................hhhhhhhh...........
...........ssssss.............................hhhhhh............
............ssss...............................hhhhh............
............sss..................................hh.............
................................................................
................................................................
................................................................
................................................................
................................................................
................................................................
