# enemy_sower_w_bloom_cast: one letter per part (c=core s=shard_l h=shard_r). Edit freely; sprite:split reads it.
................................................................
................................................................
................................................................
................................................................
................................................................
................................................................
.......................................ch.......................
......................................cchhh.....................
.....................................ccchhhh....................
.....................................ccchhhhhh..................
.....................................ccchhhhhhh.................
.....................................ccchhhhhhhh................
.....................................ccchhhhhhhhh...............
.....................................ccchhhhhhhhh...............
.............................cccc.....cchhhhhhhhh...............
.............................cccccc....chhhhhhhhh...............
............................ccccccccc...hhhhhhhh................
...................sssssscccccccccccccc..hhhhhh.................
..................ssssssscccccccccccccc...hhhh..................
..................sssssssccccccccccccccc...hh...................
..................sssssssccccccccccccccch.......................
...................ssssssccccccccccccccch.......................
...................ssssssccccccccccccccch.......................
....................sssssccccccccccccccchh......................
.....................ssssccccccccccccccchhh.....................
.....................ssssccccccccccccccchhhh....................
......................sssccccccccccccccchhhhh...................
......................sssccccccccccccccchhhhh...................
....................sssssccccccccccccccchhhhh...................
..................sssssssccccccccccccccchhhhhh..................
.................ssssssssccccccccccccccchhhhhhh.................
................sssssssssccccccccccccccchhhhhhh.................
................sssssssssccccccccccccccchhhhhhh.................
................sssssssssccccccccccccccchhhhhhh.................
.................ssssssssccccccccccccccchhhhhhh.................
...................ssssssccccccccccccccchhhhhh..................
....................sssssccccccccccccccchhhhh...................
......................sssccccccccccccccchhhhh...................
......................sssccccccccccccccchhhh....................
.....................ssssccccccccccccccchhhh....................
....................sssssccccccccccccccchh......................
...................ssssssccccccccccccccch.......................
...................ssssssccccccccccccccch.......................
..................sssssssccccccccccccccch.......................
..................sssssssccccccccccccccc...hhh..................
..................sssssssccccccccccccccc..hhhh..................
...................ssssssccccccccccccc...hhhhhh.................
......................sssc..ccccccccc...hhhhhhhh................
............................ccccccc....chhhhhhhh................
.............................cccc.....cchhhhhhhhh...............
.....................................ccchhhhhhhhh...............
.....................................ccchhhhhhhh................
.....................................ccchhhhhhhh................
......................................cchhhhhhh.................
......................................cchhhhhh..................
.......................................chhhhh...................
.......................................chhhh....................
........................................hhh.....................
................................................................
................................................................
................................................................
................................................................
................................................................
................................................................
