# enemy_lancer_s_windup: one letter per part (t=torso f=foot_l o=foot_r a=arm_l r=arm_r h=head). Edit freely; sprite:split reads it.
................................................................
................................................................
................................................................
................................................................
................................................................
................................................................
................................................................
...................................hh...........................
..................................hhhh..........................
.................................hhhhh..........................
................................hhhhhh..........................
...............................hhhhhhh..........................
..............................hhhhhhhh..........................
.............................hhhhhhhh...........................
............................hhhhhhhhh...........................
...........................hhhhhhhhhh...........................
...........................hhhhhhhhhh...........................
..........................hhhhhhhhhhh...........................
.........................hhhhhhhhhhh............................
.........................hhhhhhhhhhhh...tttt....................
......................tthhhhhhhhhhhhhhhhtttt....................
.....................ttthhhhhhhhhhhhhhhhtttt....................
...................ttttthhhhhhhhhhhhhhhhttttt...................
..................attttthhhhhhhhhhhhhhhhttttt...................
.................aattttttttttttttttttttttttttr..................
................aaattttttttttttttttttttttttttr..................
................aaattttttttttttttttttttttttttrr....rrr..........
................aaattttttttttttttttttttttttttrrr.rrrrr..........
................aaattttttttttttttttttttttttttrrrrrrrrrr.........
..........aa....aaattttttttttttttttttttttttttrrrrrrrrrr.........
.........aaaaaaaaaattttttttttttttttttttttttttrrrrrrrrr..........
.........aaaaaaaaaattttttttttttttttttttttttttrrrrrrrrr..........
.........aaaaaaaaaattttttttttttttttttttttttttrrrrrrrrr..........
.........aaaaaaaaaattttttttttttttttttttttttttrrrrrrrr...........
.........aaaaaaaaaattttttttttttttttttttttttttrrrrrrrr...........
..........aaaaaaaaattttttttttttttttttttttttttrrrrrrrr...........
..........aaaaaaaaattttttttttttttttttttttttttrrrrrrrrr..........
..........aaaaaaaaattttttttttttttttttttttttttrrrrrrrrrrr........
..........aaaaaaaaattttttttttttttttttttttttttrrrrrrrrrrrr.......
........aaaaaaaaaaattttttttttttttttttttttttttrrrrrrrrrrrr.......
........aaaaaaaaaaattttttttttttttttttttttttttrrrrrrrrrrrr.......
.......aaaaaaaaaaaattttttttttttttttttttttttttrrrrrrrrrrrr.......
.......aaaaaaaaaaaattttttttttttttttttttttttttrrrrrrrrrrrr.......
.......aaaaaaaaaaaattttttttttttttttttttttttttrrrrrrrrrrr........
........aaaaaffffffffffffffffffffoooooooooooooooooorrrrrr.......
.........aaaaffffffffffffffffffffoooooooooooooooooorrrrrrr......
..........aaaffffffffffffffffffffoooooooooooooooooorrrrrrr......
..........aaaffffffffffffffffffffoooooooooooooooooorrrrrrr......
.........ttttffffffffffffffffffffoooooooooooooooooottttttt......
.........ttttffffffffffffffffffffooooooooooooooooootttttt.......
........tttttfffffff..fffffffffffoooooooo..oooooooottttt........
.......ttttttfffffff..fffffffffffoooooooo...oooooootttttt.......
......tttttttfffffff...ffffffffffooooooo....ooooooottttttt......
......tttttttfffffff...ffffffffffoooooo.....ooooooottttttt......
......tttttttfffffff.....ffffffffooooo......ooooooottttttt......
......tttttttfffffff......fffffffoooo.......ooooooottttttt......
......tttttttffffff........ffffffoooo.......ooooooottttttt......
............................fffffoo.............................
................................................................
................................................................
................................................................
................................................................
................................................................
................................................................
