# enemy_lancer_n_idle0: one letter per part (t=torso f=foot_l o=foot_r a=arm_l r=arm_r h=head). Edit freely; sprite:split reads it.
................................................................
................................................................
................................................................
................................................................
................................................................
................................................................
................................................................
...............................hh...............................
..............................hhhh..............................
.............................hhhhhh.............................
.............................hhhhhh.............................
.............................hhhhhh.............................
............................hhhhhhhh............................
............................hhhhhhhh............................
............................hhhhhhhhh...........................
...........................hhhhhhhhhh...........................
...........................hhhhhhhhhh...........................
...........................hhhhhhhhhh...........................
.....................tt....hhhhhhhhhh...ttt.....................
....................tttt..hhhhhhhhhhh...tttt....................
...................ttttt.hhhhhhhhhhhhhhhttttt...................
...................ttttthhhhhhhhhhhhhhhhttttt...................
..................attttthhhhhhhhhhhhhhhhtttttr..................
..................attttthhhhhhhhhhhhhhhhtttttr..................
.................aattttttttttttttttttttttttttrr.................
................aaattttttttttttttttttttttttttrr.................
................aaattttttttttttttttttttttttttrrr................
...............aaaattttttttttttttttttttttttttrrrr...............
..........aaa..aaaattttttttttttttttttttttttttrrrr..rrr..........
.........aaaaaaaaaattttttttttttttttttttttttttrrrrrrrrrr.........
.........aaaaaaaaaattttttttttttttttttttttttttrrrrrrrrrr.........
.........aaaaaaaaaattttttttttttttttttttttttttrrrrrrrrrr.........
.........aaaaaaaaaattttttttttttttttttttttttttrrrrrrrrrr.........
.........aaaaaaaaaattttttttttttttttttttttttttrrrrrrrrrr.........
..........aaaaaaaaattttttttttttttttttttttttttrrrrrrrrrr.........
..........aaaaaaaaattttttttttttttttttttttttttrrrrrrrrr..........
..........aaaaaaaaattttttttttttttttttttttttttrrrrrrrrr..........
..........aaaaaaaaattttttttttttttttttttttttttrrrrrrrrr..........
.........aaaaaaaaaattttttttttttttttttttttttttrrrrrrrrrr.........
........aaaaaaaaaaattttttttttttttttttttttttttrrrrrrrrrrr........
.......aaaaaaaaaaaattttttttttttttttttttttttttrrrrrrrrrrrr.......
.......aaaaaaaaaaaattttttttttttttttttttttttttrrrrrrrrrrrr.......
.......aaaaaaaaaaaattttttttttttttttttttttttttrrrrrrrrrrrr.......
.......aaaaaaaaaaaattttttttttttttttttttttttttrrrrrrrrrrrr.......
.......aaaaaaffffffffffffffffffffoooooooooooooooooorrrrrr.......
........aaaaaffffffffffffffffffffoooooooooooooooooorrrrr........
.......aaaaaaffffffffffffffffffffoooooooooooooooooorrrrrr.......
.......aaaaaaffffffffffffffffffffoooooooooooooooooorrrrrr.......
......tttttttffffffffffffffffffffoooooooooooooooooottttttt......
......tttttttffffffffffffffffffffoooooooooooooooooottttttt......
......tttttttffffffffffffffffffffooo.oooooooooooooottttttt......
......tttttttffffffffffffffffffffooo.oooooooooooooottttttt......
......tttttttfffffffffffffff.ffffoo..oooooooooooooottttttt......
.......ttttttfffffffffffffff.........ooooooooooooo.tttttt.......
..............fffffffffffff..........ooooooooooooo..............
..............ffffffffffff............oooooooooooo..............
..............fffffffffff..............ooooooooooo..............
..............fffffffffff...............oooooooooo..............
................................................................
................................................................
................................................................
................................................................
................................................................
................................................................
