# enemy_snarecaster_s_fire: one letter per part (t=torso f=foot_l o=foot_r a=arm_l r=arm_r h=head). Edit freely; sprite:split reads it.
................................................................
................................................................
................................................................
................................................................
................................................................
................................................................
................................................................
................................................................
................................................................
................................................................
.............................hhhhh..............................
...........................hhhhhhhh.............................
.........................hhhhhhhhhhhh...........................
.......................thhhhhhhhhhhhhh..........................
......................tthhhhhhhhhhhhhhh.........................
.....................ttthhhhhhhhhhhhhhhh........................
....................tttthhhhhhhhhhhhhhhht.......................
...................ttttthhhhhhhhhhhhhhhht.......................
...................ttttthhhhhhhhhhhhhhhht.......................
..................attttthhhhhhhhhhhhhhhhtt......................
..................attttthhhhhhhhhhhhhhhhtt......................
..................attttthhhhhhhhhhhhhhhhtt......................
...................ttttthhhhhhhhhhhhhhhhttt.....................
...................ttttthhhhhhhhhhhhhhhhttt.....................
...................ttttthhhhhhhhhhhhhhhhttt.....................
..................atttttttttttttttttttttttt.....................
..................atttttttttttttttttttttttt.....................
..................atttttttttttttttttttttttt.....................
...................tttttttttttttttttttttttt.....rrrr............
..................attttttttttttttttttttttttttrrrrrrrr...........
...............aaaattttttttttttttttttttttttttrrrrrrrrrrrr.......
.............aaaaaattttttttttttttttttttttttttrrrrrrrrrrrrr......
............aaaaaaattttttttttttttttttttttttttrrrrrrrrrr.rr......
............aaaaaaattttttttttttttttttttttttttrrrrrrrrrrrrr......
............aaaaaaattttttttttttttttttttttttttrrrrrrrrrrrr.......
.......aaaaaaaaaaaattttttttttttttttttttttttttrrrrrrrrr..........
.......aaaaaaaaaaaattttttttttttttttttttttttttrrrrrrrr...........
......aaaaaaaaaaaaattttttttttttttttttttttttttrrrrrrr............
......aaaaaaaaaaaaatttttttttttttttttt..ttttttrrr................
......aaaaaaaaaaaaatttttttttttttttttt.....tt....................
......aaaaaaaaaaaaattttttttttttttttttt..........................
.......aaaaaaaaa.aatttttttttttttttttttt.........................
.......aaaaaaaa.aaattttttttttttttttttttt........................
............af.ffffffffffffffffffoooooooo.......................
...............ffffffffffffffffffooooooooo......................
..............fffffffffffffffffffoooooooooo.....................
...............ffffffffffffffffffoooooooooo.....................
...............ffffffffffffffffffoooooooooo.....................
..............fffffffffffffffffffooooooooooo....................
.............fffffffffffff.ffffffoooooooooooo...................
............tffffffffffff......ffooooooooooooo..................
............tffffffffff.........fooooooooooooo..................
...........ttfffffffff.............ooooooooooo..................
...........ttffffffff...............oooooooooo..................
............tffffffff................ooooooooo..................
................................................................
................................................................
................................................................
................................................................
................................................................
................................................................
................................................................
................................................................
................................................................
