# enemy_snarecaster_n_whip: one letter per part (t=torso f=foot_l o=foot_r a=arm_l r=arm_r h=head). Edit freely; sprite:split reads it.
................................................................
................................................................
................................................................
................................................................
................................................................
................................................................
..........................hhhh..................................
.........................hhhhhhh................................
........................hhhhhhhhhh..............................
.......................thhhhhhhhhhh................tttt.........
......................tthhhhhhhhhhhh..............tttttt........
.....................ttthhhhhhhhhhhhhh............tt..tt........
....................tttthhhhhhhhhhhhhh...........ttttttt........
...................ttttthhhhhhhhhhhhhhh........tttttttt.........
..................tttttthhhhhhhhhhhhhhhh.......ttttttttt........
..................aatttthhhhhhhhhhhhhhhh......rrrrrrrrrrr.......
.................aaatttthhhhhhhhhhhhhhhht.....rrrrrrrrrrr.......
.................aaatttthhhhhhhhhhhhhhhhtt....rrrrrrrrrrr.......
.................aaatttthhhhhhhhhhhhhhhhtt..rrrrrrrrrrrrr.......
.................aaatttthhhhhhhhhhhhhhhhttttrrrrrrrrrrrrr.......
.................aaatttthhhhhhhhhhhhhhhhttttrrrrrrrrrrrr........
.................aaatttthhhhhhhhhhhhhhhhttttrrrrrrrrrrr.........
.................aaatttthhhhhhhhhhhhhhhhttttrrrrrrrrrr..........
.................aaattttttttttttttttttttttttrrrrrrrrr...........
.................aaattttttttttttttttttttttttrrrrrrrr............
.................aaattttttttttttttttttttttttrrrrrrrr............
.................aaattttttttttttttttttttttttrrrrrrr.............
.................aaattttttttttttttttttttttttrrrrrrr.............
.................aaattttttttttttttttttttttttrrrrrrr.............
..................aattttttttttttttttttttttttrrrrrr..............
.................aaattttttttttttttttttttttttrrrr................
...............aaaaattttttttttttttttttttttttrrr.................
..............aaaaaattttttttttttttttttttttttrr..................
.............aaaaaaatttttttttttttttttttttttt....................
.............aaaaaaatttttttttttttttttttttt......................
.........aaaaaaaaaaattttttttttttttttttttttt.....................
........aaaaaaaaaaaattttttttttttttttttttttt.....................
.......aaaaaaaaaaaaatttttttttttttttttttttttt....................
.......aaaaaaaaaaaaattttttttttttttttttttttttr...................
........aaaaaaaaaaaattttttttttttttttttttttttrr..................
.......aaaaaaaaaaaaattttttttttttttttttttttttrrr.................
.......aaaaaaaaaaaaattttttttttttttttttttttttrrrr................
.......aaaaaaaaaaaa...ttttttttttttttttttttttrrrrr...............
........aaaaaaaaaa....ttttttttttttttttttttttrrrrrr..............
.........aaaaafff...fffffffffffffooooooooooooooooor.............
...........a.afff..ffffffffffffffooooooooooooooooorr............
..................fffffffffffffffooooooooooooooooorr............
..................fffffffffffffffooooooooooooooooorr............
..................fffffffffffffffooooooooooooooooott............
..................fffffffffffffffooooooooooooooooottt...........
.................ffffffffffffffffoooooooooooooooootttt..........
................fffffffffffffffff.....oooooooooooottttt.........
...............ffffffffffffffffff.....oooooooooooottttt.........
...............fffffffffffffffff.......ooo.oooooootttttt........
...............fffffffffffff.ff............oooooootttttt........
...............ffffffffffff.................ooooootttttt........
...............fffffffffff...................oooootttttt........
...............ffffffffff.....................ooootttttt........
................................................................
................................................................
................................................................
................................................................
................................................................
................................................................
