# enemy_snarecaster_n_windup: one letter per part (t=torso f=foot_l o=foot_r a=arm_l r=arm_r h=head). Edit freely; sprite:split reads it.
................................................................
................................................................
................................................................
................................................................
................................................................
................................................................
................................hhh................ttt..........
..............................hhhhhh..............ttttt.........
.............................hhhhhhhh............ttt.tt.........
............................hhhhhhhhhh...........tttttt.........
...........................hhhhhhhhhhhh........tttttttt.........
..........................hhhhhhhhhhhhhh......ttttttttt.........
.........................hhhhhhhhhhhhhhht.....tttttttttt........
........................hhhhhhhhhhhhhhhhtt....tttttttttt........
.......................thhhhhhhhhhhhhhhhtt....tttttttttt........
......................tthhhhhhhhhhhhhhhhttt..rrrrrrrrrrr........
......................tthhhhhhhhhhhhhhhhtttt.rrrrrrrrrr.........
.....................ttthhhhhhhhhhhhhhhhttttrrrrrrrrrrr.........
.....................ttthhhhhhhhhhhhhhhhttttrrrrrrrrrr..........
.....................ttthhhhhhhhhhhhhhhhttttrrrrrrrrrr..........
.....................ttthhhhhhhhhhhhhhhhttttrrrrrrrrrr..........
.....................ttthhhhhhhhhhhhhhhhttttrrrrrrrrr...........
....................tttthhhhhhhhhhhhhhhhttttrrrrrrrrr...........
....................ttttttttttttttttttttttttrrrrrrrrr...........
...................attttttttttttttttttttttttrrrrrrrrr...........
...................attttttttttttttttttttttttrrrrrrrrr...........
...................attttttttttttttttttttttttrrrrrrrr............
...................attttttttttttttttttttttttrrrrrrrr............
....................ttttttttttttttttttttttttrrrrrrr.............
....................ttttttttttttttttttttttttrrrrrr..............
...................attttttttttttttttttttttttrrrrr...............
................aaaattttttttttttttttttttttttrrrr................
...............aaaaattttttttttttttttttttttttrr..................
..............aaaaaattttttttttttttttttttttttr...................
..............aaaaaatttttttttttttttttttttttt....................
..........aaaaaaaaaattttttttttttttttttttttt.....................
.........aaaaaaaaaaatttttttttttttttttttttt......................
........aaaaaaaaaaaatttttttttttttttttttttt......................
........aaaaaaaaaaaattttttttttttttttttttttt.....................
........aaaaaaaaaaaattttttttttttttttttttttt.....................
........aaaaaaaaaaaatttttttttttttttttttttttt....................
........aaaaaaaaaaaattt.ttttttttttttttttttttr...................
........aaaaaaaaaaa....tttttttttttttttttttttrr..................
.........aaaaaaaaa....ttttttttttttttttttttttrrr.................
..........aaaaafff...ffffffffffffooooooooooooooo................
..............af....fffffffffffffoooooooooooooooo...............
...................ffffffffffffffoooooooooooooooo...............
...................ffffffffffffffoooooooooooooooo...............
..................fffffffffffffffoooooooooooooooo...............
...................ffffffffffffffoooooooooooooooot..............
...................ffffffffffffffoooooooooooooooott.............
..................fffffffffffffffoooooooooooooooottt............
.................ffffffffffffff....ooooooooooooootttt...........
................fffffffffffffff.....oooooooooooootttt...........
................ffffffffffffff.......ooo.ooooooootttt...........
................fffffffffff...............ooooooottttt..........
................fffffffffff...............ooooooottttt..........
................ffffffffff.................ooooootttt...........
................................................................
................................................................
................................................................
................................................................
................................................................
................................................................
