# enemy_snarecaster_w_whip: one letter per part (t=torso f=foot_l o=foot_r a=arm_l r=arm_r h=head). Edit freely; sprite:split reads it.
................................................................
................................................................
................................................................
................................................................
................................................................
................................................................
........................thhhh...................................
.....................tttthhhhhh.................................
...................tttttthhhhhhh................................
.................tttttttthhhhhhhhh..............................
...............tttttttttthhhhhhhhhhh............................
.............tttttttttttthhhhhhhhhhhh...........................
............ttttttttttttthhhhhhhhhhhhh..........................
..........ttttttttttttttthhhhhhhhhhhhhh.........................
..........ttttttttttttttthhhhhhhhhhhhhhh........................
.........aaaaaaaaaaaatttthhhhhhhhhhhhhhh........................
.........aaaaaaaaaaaatttthhhhhhhhhhhhhh.........................
.........aaaaaaaaaaaatttthhhhhhhhhhhhhh.........................
.........aaaaaaaaaaaatttthhhhhhhhhhhh...........................
..........aaaaaaaaaaatttthhhhhhhhhhhhh..........................
..........aaaaaaaaaaatttthhhhhhhhhhhhhh.........................
...........aaaaaaaaaatttthhhhhhhhhhhhhh.........................
............aaaaaaaaatttthhhhhhhhhhhhhh.........................
.............aaaaaaaatttttttttttttttttt.........................
.............aaaaaaaatttttttttttttttttt.........................
.............aaaaaaaatttttttttttttttttttttttrr..................
.............aaaaaaaatttttttttttttttttttttttrrrr................
..............aaaaaaatttttttttttttttttttttttrrrrr...............
..............aaaaaaatttttttttttttttttttttttrrrrrrrrr...........
...............aaaaaatttttttttttttttttttttttrrrrrrrrrrr.........
................aaaaatttttttttttttttttttttttrrrrrrrrrrrr........
..............aaaaaaatttttttttttttttttttttttrrrrrrrrrrrr........
.............aaaaaaaatttttttttttttttttttttttrrrrrrrrrrrr........
............aaaaaaaaatttttttttttttttttttttttrrrrrrrrrrrr........
............aaaaaaaaatttttttttttttttttttttttrrrrrrrrrrrr........
............aaaaaaaaatttttttttttttttttttttttrrrrrrrrrrrr........
............aaaaaaaaatttttttttttttttttt.ttttrrrrrrrrrrr.........
............aaaaaaaaattttttttttttttttttt.....rrrrrrrrrr.........
............aaaaaaaaatttttttttttttttttttt.....rrrrrrrr..........
.............aaaaaaaattttttttttttttttttttt.....rrr..............
..............aaaaaaatttttttttttttttttttttt.....................
................aaaaatttttttttttttttttttttt.....................
..................aaattttttttttttttttttttttt....................
...................aatttttttttttttttttttttttrr..................
..................fffffffffffffffooooooooooooo..................
.................ffffffffffffffffoooooooooooooo.................
................fffffffffffffffffooooooooooooooo................
................fffffffffffffffffoooooooooooooooo...............
................fffffffffffffffffoooooooooooooooo...............
................fffffffffffffffffooooooooooooooo................
................fffffffffffffffffoooooooooooooooo...............
...............ffffffffffffffffffooooooooooooooooo..............
..............tffffffffffffffffffooooooooooooooooot.............
.............ttffffffffffff....ffooooooooooooooooott............
.............ttfffffffffff......fooooooooooooooooott............
.............ttfffffffffff.......oo....ooooooooooott............
.............ttffffffffff..............ooooooooooott............
..............tfffffffff................oooooooooott............
................................................................
................................................................
................................................................
................................................................
................................................................
................................................................
