# enemy_snarecaster_s_whip: one letter per part (t=torso f=foot_l o=foot_r a=arm_l r=arm_r h=head). Edit freely; sprite:split reads it.
................................................................
................................................................
................................................................
................................................................
................................................................
................................................................
................................................................
................................................................
...............................hhhhh............................
..........tt.................hhhhhhhh...........................
.........ttttt.............hhhhhhhhhhh..........................
........ttt.tt...........hhhhhhhhhhhhhhh........................
........ttt.tt.........thhhhhhhhhhhhhhhht.......................
.........tttttt.......tthhhhhhhhhhhhhhhhtt......................
........ttttttttt....ttthhhhhhhhhhhhhhhhttt.....................
.......ttttttttttt..tttthhhhhhhhhhhhhhhhttt.....................
......aaaaaaaaaaaa.ttttthhhhhhhhhhhhhhhhtttt....................
......aaaaaaaaaaaaattttthhhhhhhhhhhhhhhhtttt....................
......aaaaaaaaaaaaattttthhhhhhhhhhhhhhhhttttt...................
......aaaaaaaaaaaaattttthhhhhhhhhhhhhhhhttttt...................
......aaaaaaaaaaaaattttthhhhhhhhhhhhhhhhttttt...................
......aaaaaaaaaaaaattttthhhhhhhhhhhhhhhhtttttr..................
.......aaaaaaaaaaaattttthhhhhhhhhhhhhhhhtttttr..................
.........aaaaaaaaaattttthhhhhhhhhhhhhhhhtttttr..................
...........aaaaaaaattttttttttttttttttttttttttrr.................
...........aaaaaaaattttttttttttttttttttttttttrr.................
...........aaaaaaaattttttttttttttttttttttttttrr.................
............aaaaaaattttttttttttttttttttttttttrr.................
............aaaaaaattttttttttttttttttttttttttr..................
.............aaaaaattttttttttttttttttttttttttr..................
...............aaaattttttttttttttttttttttttttr..................
................aaattttttttttttttttttttttttttr..................
..................attttttttttttttttttttttttttrrr................
...................ttttttttttttttttttttttttttrrrrr..............
...................ttttttttttttttttttttttttttrrrrrr.............
...................ttttttttttttttttttttttttttrrrrrrr............
....................tttttttttttttttttttttttttrrrrrrr............
...................ttttttttttttttttttttttttttrrrrrrr.rr.........
.................aattttttttttttttttttttttttttrrrrrrrrrrrr.......
................aaattttttttttttttttttttttttttrrrrrrrrrrrrr......
...............aaaattttttttttttttttttttttttttrrrrrrrrrrrrr......
.............aaaaaattttttttttttttttttttttttttrrrrrrrrrrrrr......
............aaaaaaattttttttttttttttttttttttttrrrrrrrrrrrrr......
...........aaffffffffffffffffffffoooooooooooooooooorrrrrrr......
............affffffffffffffffffffoooooooooooooooooorrrrrrr......
............affffffffffffffffffffoooooooooooooooooorrrrrr.......
...........aaffffffffffffffffffffoooooooooooooooooorrrrr........
..........tttffffffffffffffffffffoooooooooooooooo..tttt.........
.........ttttffffffffffffffffffffooooooooooooooo................
.........ttttffffffffffffffffffffoooooooooooooooo...............
........tttttfffffffffff...ffffffooooooooooooooooo..............
........tttttffffffffff........ffoooooooooooooooooo.............
........tttttfffffff............foooooooooooooooooo.............
........tttttfffffff.............oo...ooooooooooooo.............
........tttttffffff...................ooooooooooooo.............
.......................................oooooooooooo.............
................................................................
................................................................
................................................................
................................................................
................................................................
................................................................
................................................................
................................................................
