# enemy_snarecaster_s_anchor_cast: one letter per part (t=torso f=foot_l o=foot_r a=arm_l r=arm_r h=head). Edit freely; sprite:split reads it.
................................................................
................................................................
................................................................
................................................................
................................................................
................................................................
................................................................
.........tttt...................................................
........ttttt.................hhh...............................
........tt..tt..............hhhhhhh.............................
........tttttt.............hhhhhhhhhh...........................
........tttttt...........hhhhhhhhhhhhh..........................
.......tttttttt.........hhhhhhhhhhhhhhh.........................
......tttttttttt......tthhhhhhhhhhhhhhhh........................
......tttttttttt.....ttthhhhhhhhhhhhhhhht.......................
......tttttttttt....tttthhhhhhhhhhhhhhhhtt......................
......aaaaaaaaaa...ttttthhhhhhhhhhhhhhhhttt.....................
......aaaaaaaaaa..attttthhhhhhhhhhhhhhhhttt.....................
.......aaaaaaaaaaaattttthhhhhhhhhhhhhhhhttt.....................
.......aaaaaaaaaaaattttthhhhhhhhhhhhhhhhtttt....................
.......aaaaaaaaaaaattttthhhhhhhhhhhhhhhhtttt....................
........aaaaaaaaaaattttthhhhhhhhhhhhhhhhttttt...................
........aaaaaaaaaaattttthhhhhhhhhhhhhhhhttttt...................
.........aaaaaaaaaattttthhhhhhhhhhhhhhhhttttt...................
........aaaaaaaaaaatttttttttttttttttttttttttt...................
........aaaaaaaaaaatttttttttttttttttttttttttt...................
.........aaaaaaaaaatttttttttttttttttttttttttt...................
.........aaaaaaaaaatttttttttttttttttttttttttt...................
..........aaaaaaaaattttttttttttttttttttttttt....................
..........aaaaaaaaattttttttttttttttttttttttt....................
............aaaaaaattttttttttttttttttttttttttr..................
..............aaaaattttttttttttttttttttttttttrrr................
................aaattttttttttttttttttttttttttrrrrr..............
.................aattttttttttttttttttttttttttrrrrrr.............
...................ttttttttttttttttttttttttttrrrrrr.............
....................tttttttttttttttttttttttttrrrrrrrrrrr........
.....................ttttttttttttttttttttttttrrrrrrrrrrrr.......
.....................ttttttttttttttttttttttttrrrrrrrrrrrr.......
......................tttttttttttttttttttttttrrrrrrrrrrrr.......
......................tttttttttttttttttttttttrrrrrrrrrrrrr......
.....................ttttttttttttttttttttttttrrrrrrrrrrrrr......
....................tttttttttttttttttttttttttrrrrrrrrrrrrr......
...................tttttttttttttttttttttttttt.rrrrrrrrrrr.......
..................atttttttttttttttttttttttt....rrrrrrrrrr.......
.................ffffffffffffffffoooooooooooo...ooor.rr.........
................fffffffffffffffffooooooooooooo...oo.............
................fffffffffffffffffoooooooooooooo.................
................fffffffffffffffffoooooooooooooo.................
................fffffffffffffffffoooooooooooooo.................
...............ffffffffffffffffffoooooooooooooo.................
...............ffffffffffffffffffooooooooooooooo................
..............ffffffffffffff.ffffoooooooooooooooo...............
.............fffffffffffffff.....ooooooooooooooooo..............
.............ffffffffffffff.......ooooooooooooooooo.............
............tfffffffffff...........ooo.oooooooooooo.............
............tfffffffffff...............oooooooooooo.............
.............ffffffffff.................ooooooooooo.............
........................................ooooooooooo.............
................................................................
................................................................
................................................................
................................................................
................................................................
................................................................
