# enemy_snarecaster_w_idle0: one letter per part (t=torso f=foot_l o=foot_r a=arm_l r=arm_r h=head). Edit freely; sprite:split reads it.
................................................................
................................................................
................................................................
................................................................
................................................................
................................................................
..............................hhhhh.............................
............................hhhhhhhhh...........................
.........................thhhhhhhhhhhh..........................
......................tttthhhhhhhhhhhht.........................
.....................ttttthhhhhhhhhhhhtt........................
...................ttttttthhhhhhhhhhhhtttt......................
..................tttttttthhhhhhhhhhhhtttt......................
.................ttttttttthhhhhhhhhhhhttttt.....................
................tttttttttthhhhhhhhhhhhtttttt....................
................aaaaaaattthhhhhhhhhhhhtttrrrr...................
................aaaaaaattthhhhhhhhhhhhtttrrrr...................
.................aaaaaattthhhhhhhhhhhhtttrrrrr..................
..................aaaaattthhhhhhhhhhhhtttrrrrr..................
..................aaaaattthhhhhhhhhhhhtttrrrrr..................
...................aaaattthhhhhhhhhhhhtttrrrr...................
...................aaaattthhhhhhhhhhhhtttrr.....................
....................aaattthhhhhhhhhhhhtttrr.....................
....................aaattttttttttttttttttrrr....................
....................aaattttttttttttttttttrrr....................
.....................aattttttttttttttttttrrr....................
.....................aattttttttttttttttttrrr....................
.....................aattttttttttttttttttrr.....................
......................attttttttttttttttttr......................
......................attttttttttttttttttrrr....................
................aaaaaaattttttttttttttttttrrrrr..................
...............aaaaaaaattttttttttttttttttrrrrrr.................
..............aaaaaaaaattttttttttttttttttrrrrrrr................
.............aaaaaaaaaattttttttttttttttttrrrrrrr................
.............aaaaaaaaaattttttttttttttttttrrrrrrr................
.............aaaaaaaaaattttttttttttttttttrrrrrrrr...............
.............aaaaaaaaaattttttttttttttttttrrrrrrrr...............
.............aaaaaaaaaattttttttttttttttttrrrrrrrrr..............
..............aaaaaaaaattttttttttttttttttrrrrrrrrrr.............
...............aaaaaaaattttttttttttttttttrrrrrrrrrr.............
................aaa.aa...ttttttttttttttttrrrrrrrrrr.............
................aaa.aa...ttttttttttttttttrrrrrrrrrr.............
.................aaaaa..tttttttttttttttttrrrrrrrrr..............
..................aaa...tttttttttttttttttrrrrrrrrr..............
.......................ffffffffffooooooooooooorr................
.......................ffffffffffooooooooooo....................
......................fffffffffffoooooooooooo...................
......................fffffffffffooooooooooooo..................
.......................ffffffffffooooooooooooo..................
......................fffffffffffooooooooooooo..................
.....................ffffffffffffoooooooooooo...................
....................fffffffffffffooooooooooooo..................
....................fffffffffffffooooooooooooo..................
....................fffffffffffffooooooooooooot.................
....................fffffffffffffooooooooooooott................
.....................fffffffff......oooooooooott................
.....................................ooooooooott................
.....................................ooooooooot.................
................................................................
................................................................
................................................................
................................................................
................................................................
................................................................
