# enemy_snarecaster_n_fire: one letter per part (t=torso f=foot_l o=foot_r a=arm_l r=arm_r h=head). Edit freely; sprite:split reads it.
................................................................
................................................................
................................................................
................................................................
................................................................
................................................................
................................................................
................................................................
................................................................
.............................hhhh...............................
............................hhhhhhh.............................
...........................hhhhhhhhh............................
.........................hhhhhhhhhhhh...........................
........................hhhhhhhhhhhhhh..........................
.......................thhhhhhhhhhhhhhh.........................
.......................thhhhhhhhhhhhhhhh........................
......................tthhhhhhhhhhhhhhhht.......................
.....................ttthhhhhhhhhhhhhhhht.......................
.....................ttthhhhhhhhhhhhhhhht.......................
....................tttthhhhhhhhhhhhhhhhtt......................
....................tttthhhhhhhhhhhhhhhhtt......................
....................tttthhhhhhhhhhhhhhhhttt.....................
...................ttttthhhhhhhhhhhhhhhhttt.....................
..................attttthhhhhhhhhhhhhhhhtttt....................
..................attttttttttttttttttttttttt....................
..................atttttttttttttttttttttttt.....................
..................atttttttttttttttttttttttt.....rrrr............
..................atttttttttttttttttttttttttt..rrrrrr...........
...................ttttttttttttttttttttttttttrrrrrrrrrrrr.......
..................attttttttttttttttttttttttttrrrrrrrrrrrrr......
...............aaaattttttttttttttttttttttttttrrrrrrrrrr.rr......
.............aaaaaattttttttttttttttttttttttttrrrrrrrrrrrrr......
.............aaaaaattttttttttttttttttttttttttrrrrrrrrrrrr.......
........aaaaaaaaaaattttttttttttttttttttttttttrrrrrrrrr..........
.......aaaaaaaaaaaattttttttttttttttttttttttttrrrrrrr............
.......aaaaaaaaaaaattttttttttttttttttttttttttrr.................
.......aaaaaaaaaaaatttttttttttttttttttttttttt...................
......aaaaaaaaaaaaattttttttttttttttttt..........................
......aaaaaaaaaaaaattttttttttttttttttt..........................
......aaaaaaaaaaaaatttttttttttttttttttt.........................
.......aaaaaaaaaaaat.ttttttttttttttttttt........................
........aaaaaaaa...tttttttttttttttttttttt.......................
...........aaff...fffffffffffffffooooooooo......................
............af...ffffffffffffffffoooooooooo.....................
................fffffffffffffffffooooooooooo....................
...............ffffffffffffffffffooooooooooo....................
...............ffffffffffffffffffooooooooooo....................
................fffffffffffffffffoooooooooooo...................
...............ffffffffffffffffffooooooooooooo..................
..............fffffffffffffff...fooooooooooooo..................
.............fffffffffffffff.....oooooooooooooo.................
.............fffffffffffffff.....ooooooooooooooo................
............tffffffffff..............ooooooooooo................
............tffffffffff...............oooooooooo................
.............fffffffff.................ooooooooo................
................................................................
................................................................
................................................................
................................................................
................................................................
................................................................
................................................................
................................................................
................................................................
