# enemy_snarecaster_s_dormant0: one letter per part (t=torso f=foot_l o=foot_r a=arm_l r=arm_r h=head). Edit freely; sprite:split reads it.
................................................................
................................................................
................................................................
................................................................
................................................................
................................................................
.............................hhhh...............................
............................hhhhhh..............................
...........................hhhhhhhhh............................
..........................hhhhhhhhhhh...........................
.........................hhhhhhhhhhhhh..........................
........................thhhhhhhhhhhhhh.........................
......................ttthhhhhhhhhhhhhhh........................
.....................tttthhhhhhhhhhhhhhh........................
.....................tttthhhhhhhhhhhhhhht.......................
....................atttthhhhhhhhhhhhhhhtt......................
....................atttthhhhhhhhhhhhhhhtt......................
....................atttthhhhhhhhhhhhhhhtt......................
...................aatttthhhhhhhhhhhhhhhttt.....................
...................aatttthhhhhhhhhhhhhhhttt.....................
..................aaatttthhhhhhhhhhhhhhhtttt....................
..................aaatttthhhhhhhhhhhhhhhtttt....................
..................aaatttthhhhhhhhhhhhhhhttttr...................
..................aaatttttttttttttttttttttttr...................
..................aaatttttttttttttttttttttttr...................
..................aaattttttttttttttttttttttt....................
..................aaattttttttttttttttttttttt....................
...................aattttttttttttttttttttttt....................
..................aaatttttttttttttttttttttttr...................
................aaaaatttttttttttttttttttttttrrr.................
..............aaaaaaatttttttttttttttttttttttrrrrr...............
..............aaaaaaatttttttttttttttttttttttrrrrrr..............
...........aaaaaaaaaatttttttttttttttttttttttrrrrrr..............
.........aaaaaaaaaaaatttttttttttttttttttttttrrrrrrrrrrr.........
.........aaaaaaaaaaaatttttttttttttttttttttttrrrrrrrrrrrr........
........aaaaaaaaaaaaatttttttttttttttttttttttrrrrrrrrrrrr........
........aaaaaaaaaaaaatttttttttttttttttttttttrrrrrrrrrrrrr.......
........aaaaaaaaaaaaatttttttttttttttttttttttrrrrrrrrrrrrr.......
........aaaaaaaaaaaaatttttttttttttttttttttttrrrrrrrrrrrrr.......
.........aaaaaaaaaaaa.ttttttttttttttttttttttrrrrrrrrrrrr........
.........aaaaaaaaaaa.tttttttttttttttttttttttrrrrrrrrrrrr........
...........aaaaaaaa..tttttttttttttttttttttt...rrrrrrrrr.........
............aa.aa...attttttttttttttttttttttt...rrrr.............
............aa.aa...atttttttttttttttttttttttr...rr..............
............aaaff..ffffffffffffffooooooooooooo..................
.............aa...fffffffffffffffoooooooooooooo.................
.................ffffffffffffffffoooooooooooooo.................
.................ffffffffffffffffoooooooooooooo.................
.................ffffffffffffffffoooooooooooooo.................
..................fffffffffffffffoooooooooooooo.................
..................fffffffffffffffoooooooooooooo.................
.................ffffffffffffffffooooooooooooooo................
................fffffffffffff.....ooooooooooooooo...............
................ffffffffffff.......oooooooooooooo...............
...............fffffffffff............oooooooooooo..............
...............fffffffffff.............ooooooooooo..............
...............ffffffffff..............ooooooooooo..............
...............ffffffffff...............oooooooooo..............
................................................................
................................................................
................................................................
................................................................
................................................................
................................................................
