# enemy_turret_idle0: one letter per part (c=core p=pod_l o=pod_r). Edit freely; sprite:split reads it.
................................................................
................................................................
................................................................
................................................................
................................................................
..............................cccc..............................
.............................cccccc.............................
............................cccccccc............................
...........................cccccccccc...........................
...........................cccccccccc...........................
...........................cccccccccc...........................
...........................cccccccccc...........................
........................cccccccccccccccc........................
................ccc....cccccccccccccccccc....ccc................
...............pcccc..cccccccccccccccccccc..cccco...............
..............ppccccccccccccccccccccccccccccccccoo..............
.............pppccccccccccccccccccccccccccccccccooo.............
............ppppccccccccccccccccccccccccccccccccoooo............
...........pppppccccccccccccccccccccccccccccccccooooo...........
...........pppppccccccccccccccccccccccccccccccccooooo...........
...........pppppccccccccccccccccccccccccccccccccooooo...........
............ppppccccccccccccccccccccccccccccccccoooo............
.............pppccccccccccccccccccccccccccccccccooo.............
............ppppccccccccccccccccccccccccccccccccoooo............
...........pppppccccccccccccccccccccccccccccccccooooo...........
..........ppppppccccccccccccccccccccccccccccccccoooooo..........
..........ppppppccccccccccccccccccccccccccccccccoooooo..........
..........ppppppccccccccccccccccccccccccccccccccoooooo..........
.........pppppppccccccccccccccccccccccccccccccccoooooo..........
.....pppppppppppccccccccccccccccccccccccccccccccooooooooooo.....
....ppppppppppppccccccccccccccccccccccccccccccccoooooooooooo....
....ppppppppppppccccccccccccccccccccccccccccccccoooooooooooo....
....ppppppppppppccccccccccccccccccccccccccccccccoooooooooooo....
....ppppppppppppccccccccccccccccccccccccccccccccoooooooooooo....
....ppppppppppppccccccccccccccccccccccccccccccccoooooooooooo....
.....pppppppppppccccccccccccccccccccccccccccccccooooooooooo.....
......ppppppppppccccccccccccccccccccccccccccccccoooooooooo......
..........ppppppccccccccccccccccccccccccccccccccoooooo..........
..........ppppppccccccccccccccccccccccccccccccccoooooo..........
..........ppppppccccccccccccccccccccccccccccccccoooooo..........
...........pppppccccccccccccccccccccccccccccccccooooo...........
............ppppccccccccccccccccccccccccccccccccoooo............
.............pppccccccccccccccccccccccccccccccccooo.............
.............pppccccccccccccccccccccccccccccccccooo.............
............ppppccccccccccccccccccccccccccccccccoooo............
...........pppppccccccccccccccccccccccccccccccccooooo...........
...........pppppccccccccccccccccccccccccccccccccooooo...........
...........pppppccccccccccccccccccccccccccccccccooooo...........
............ppppccccccccccccccccccccccccccccccccoooo............
.............pppccccccccccccccccccccccccccccccccooo.............
..............ppcccccccccccccccccccccccccccccccco...............
...............pcccc..cccccccccccccccccccc..cccc................
.................cc....cccccccccccccccccc....cc.................
........................cccccccccccccccc........................
...........................cccccccccc...........................
...........................cccccccccc...........................
...........................cccccccccc...........................
............................cccccccc............................
.............................cccccc.............................
..............................cccc..............................
................................................................
................................................................
................................................................
................................................................
