# enemy_summoner_s_dormant: one letter per part (t=torso f=foot_l o=foot_r a=arm_l r=arm_r h=head). Edit freely; sprite:split reads it.
................................................................................................
................................................................................................
................................................................................................
................................................................................................
................................................................................................
..............................................hhhhhh............................................
.............................................hhhhhhhh...........................................
............................................hhhhhhhhhh..........................................
..........................................hhhhhhhhhhhhh.........................................
..........................................hhhhhhhhhhhhhh........................................
.........................................hhhhhhhhhhhhhhhh.......................................
........................................hhhhhhhhhhhhhhhhhh......................................
.......................................hhhhhhhhhhhhhhhhhhht.....................................
......................................thhhhhhhhhhhhhhhhhhht.....................................
.....................................tthhhhhhhhhhhhhhhhhhhtt....................................
.....................................tthhhhhhhhhhhhhhhhhhhtt....................................
....................................ttthhhhhhhhhhhhhhhhhhhttt...................................
...................................tttthhhhhhhhhhhhhhhhhhhtttt..................................
...................................tttthhhhhhhhhhhhhhhhhhhtttt..................................
..................................ttttthhhhhhhhhhhhhhhhhhhttttt.................................
..................................ttttthhhhhhhhhhhhhhhhhhhtttttt................................
..................................ttttthhhhhhhhhhhhhhhhhhhtttttt................................
.................................tttttthhhhhhhhhhhhhhhhhhhtttttt................................
................................atttttthhhhhhhhhhhhhhhhhhhttttttr...............................
................................atttttthhhhhhhhhhhhhhhhhhhttttttr...............................
................................atttttthhhhhhhhhhhhhhhhhhhttttttr...............................
................................atttttthhhhhhhhhhhhhhhhhhhttttttr...............................
................................atttttthhhhhhhhhhhhhhhhhhhttttttr...............................
................................atttttthhhhhhhhhhhhhhhhhhhttttttr...............................
...............................aatttttthhhhhhhhhhhhhhhhhhhttttttrrr.............................
.............................aaaatttttthhhhhhhhhhhhhhhhhhhttttttrrrr............................
.............................aaaatttttthhhhhhhhhhhhhhhhhhhttttttrrrr............................
............................aaaaatttttthhhhhhhhhhhhhhhhhhhttttttrrrrr...........................
............................aaaaatttttttttttttttttttttttttttttttrrrrr...........................
............................aaaaatttttttttttttttttttttttttttttttrrrrr...........................
...........................aaaaaatttttttttttttttttttttttttttttttrrrrr...........................
..........................aaaaaaatttttttttttttttttttttttttttttttrrrrrr..........................
..........................aaaaaaatttttttttttttttttttttttttttttttrrrrrrr.........................
.........................aaaaaaaatttttttttttttttttttttttttttttttrrrrrrrr........................
........................aaaaaaaaatttttttttttttttttttttttttttttttrrrrrrrrr.......................
........................aaaaaaaaatttttttttttttttttttttttttttttttrrrrrrrrr.......................
........................aaaaaaaaatttttttttttttttttttttttttttttttrrrrrrrrr.......................
........................aaaaaaaaatttttttttttttttttttttttttttttttrrrrrrrrr.......................
........................aaaaaaaaatttttttttttttttttttttttttttttttrrrrrrrrr.......................
........................aaaaaaaaatttttttttttttttttttttttttttttttrrrrrrrrr.......................
........................aaaaaaaaatttttttttttttttttttttttttttttttrrrrrrrrr.......................
.......................aaaaaaaaaatttttttttttttttttttttttttttttttrrrrrrrrrr......................
......................aaaaaaaaaaatttttttttttttttttttttttttttttttrrrrrrrrrrr.....................
......................aaaaaaaaaaatttttttttttttttttttttttttttttttrrrrrrrrrrr.....................
......................aaaaaaaaaaatttttttttttttttttttttttttttttttrrrrrrrrrrr.....................
......................aaaaaaaaaaatttttttttttttttttttttttttttttttrrrrrrrrrrr.....................
.....................aaaaaaaaaaaatttttttttttttttttttttttttttttttrrrrrrrrrrrr....................
....................aaaaaaaaaaaaatttttttttttttttttttttttttttttttrrrrrrrrrrrrr...................
....................aaaaaaaaaaaaatttttttttttttttttttttttttttttttrrrrrrrrrrrrr...................
....................aaaaaaaaaaaaatttttttttttttttttttttttttttttttrrrrrrrrrrrrr...................
....................aaaaaaaaaaaaatttttttttttttttttttttttttttttttrrrrrrrrrrrrr...................
....................aaaaaaaaaaaaatttttttttttttttttttttttttttttttrrrrrrrrrrrrr...................
....................aaaaaaaaaaaaatttttttttttttttttttttttttttttttrrrrrrrrrrrrr...................
...................aaaaaaaaaaaaaatttttttttttttttttttttttttttttttrrrrrrrrrrrrrr..................
..................aaaaaaaaaaaaaaatttttttttttttttttttttttttttttttrrrrrrrrrrrrrrr.................
..................aaaaaaaaaaaaaaatttttttttttttttttttttttttttttttrrrrrrrrrrrrrrr.................
..................aaaaaaaaaaaaaaatttttttttttttttttttttttttttttttrrrrrrrrrrrrrrr.................
..................aaaaaaaaaaaaaaatttttttttttttttttttttttttttttttrrrrrrrrrrrrrrr.................
..................aaaaaaaaaaaaaaatttttttttttttttttttttttttttttttrrrrrrrrrrrrrrr.................
..................aaaaaaaaaaaaaaatttttttttttttttttttttttttttttttrrrrrrrrrrrrrrr.................
...................aaaaaaaaaaaaaatttttttttttttttttttttttttttttttrrrrrrrrrrrrrrr.................
...................aaaaaaaaaaaaaatttttttttttttttttttttttttttttttrrrrrrrrrrrrrr..................
....................aaaaaaaaaaaaatttttttttttttttttttttttttttttttrrrrrrrrrrrrr...................
....................aaaaaafffffffffffffffffffffffoooooooooooooooooooooorrrrrr...................
.....................aaaaafffffffffffffffffffffffoooooooooooooooooooooorrrrr....................
......................aaaafffffffffffffffffffffffoooooooooooooooooooooorrrr.....................
.......................aaafffffffffffffffffffffffoooooooooooooooooooooorrr......................
........................aafffffffffffffffffffffffoooooooooooooooooooooorr.......................
.........................afffffffffffffffffffffffoooooooooooooooooooooor........................
.........................tfffffffffffffffffffffffoooooooooooooooooooooo.........................
.........................tfffffffffffffffffffffffoooooooooooooooooooooot........................
........................ttfffffffffffffffffffffffoooooooooooooooooooooott.......................
.......................tttfffffffffffffffffffffffoooooooooooooooooooooottt......................
.....................tttttfffffffffffffffffffffffooooooooooooooooooooootttt.....................
....................ttttttfffffffffffffffffffffffooooooooooooooooooooootttttt...................
...................tttttttfffffffffffffffffffffffooooooooooooooooooooootttttt...................
...................tttttttfffffffffffffffffffffffooooooooooooooooooooootttttt...................
...................tttttttfffffffffffffffffffffffooooooooooooooooooooootttttt...................
...................tttttttfffffffffffffffffffffffooooooooooooooooooooootttttt...................
....................ttttttfffffffffffffffffffffffooooooooooooooooooooootttttt...................
.....................tttttfffffffffffffffffffffffoooooooooooooooooooooottttt....................
......................ttttfffffffffffffffffffffffooooooooooooooooooooootttt.....................
........................ttfffffffffffffffffffffffoooooooooooooooooooooott.......................
..........................fffffffffffffff.....fffoo.....ooooooooooooooo.........................
.............................ffffffffff...................oooooooooo............................
..............................ffffffff.....................oooooooo.............................
................................................................................................
................................................................................................
................................................................................................
................................................................................................
................................................................................................
