# enemy_summoner_s_idle0: one letter per part (t=torso f=foot_l o=foot_r a=arm_l r=arm_r h=head). Edit freely; sprite:split reads it.
................................................................................................
................................................................................................
................................................................................................
................................................................................................
................................................................................................
..................................................................t.............................
..................................................................t.............................
..................................................................t.............................
.......................................th.........................t.............................
.......................................thh........................t.............................
.....................................ttthhh......................ttt............................
.....................................ttthhh.....................tttt............................
.....................................ttthhh....................tttttt...........................
.....................................ttthhhh..................tttttttt..........................
.....................................ttthhhh.................ttttttttttt........................
.....................................ttthhhhhh..............ttttttttttttt.......................
....................................tttthhhhhh..............ttttttttttttt.......................
....................................tttthhhhhhhh..........ttttttttttttttttt.....................
....................................tttthhhhhhhhh.........ttttttttttttttttt.....................
...................................ttttthhhhhhhhhh..........ttttttttttttt.......................
...................................ttttthhhhhhhhhhh.........ttrrrrrrrrrrr.......................
..................................attttthhhhhhhhhhh..........trrrrrrrrr.........................
..................................attttthhhhhhhhhhh...........rrrrrrrr..........................
.................................aattttthhhhhhhhhhhhh..........rrrrrrr..........................
................................aaattttthhhhhhhhhhhhh...........rrrrr...........................
.................................aattttthhhhhhhhhhhhh............rrr............................
..................................attttthhhhhhhhhhhhh.......t.....r...rr........................
..................................attttthhhhhhhhhhhhh......tt.........rr........................
..................................attttthhhhhhhhhhhhh.......t...................................
..................................attttthhhhhhhhhhhhh.............r.............................
.................................aattttthhhhhhhhhhhhh............rr.............................
................................aaattttthhhhhhhhhhhhh...........................................
...............................aaaattttthhhhhhhhhhhhhhh.........................................
...............................aaaatttttttttttttttttttt...........r....rr.......................
...............................aaaatttttttttttttttttttt..........rrr.rrrrr......................
..............................aaaaattttttttttttttttttttt........rrrrrrrrrrr.....................
.............................aaaaaattttttttttttttttttttt.......rrrrrrrrrrrr.....................
............................aaaaaaatttttttttttttttttttttt.....rrrrrrrrrrrrr.....................
...........................aaaaaaaatttttttttttttttttttttt...ttrrrrrrrrrrr.......................
...........................aaaaaaaattttttttttttttttttttttt..ttrrrrrrrrrrr.......................
...........................aaaaaaaatttttttttttttttttttttttttttrrrrrrrrrr........................
...........................aaaaaaaatttttttttttttttttttttttttttrrrrrrrr..........................
...........................aaaaaaaatttttttttttttttttttttttttttrrrrrrr...........................
...........................aaaaaaaatttttttttttttttttttttttttttrrrrrr............................
...........................aaaaaaaatttttttttttttttttttttttttttrrrrr.............................
...........................aaaaaaaatttttttttttttttttttttttttttrrrrr.............................
..........................aaaaaaaaatttttttttttttttttttttttttttrrrrr.............................
..........................aaaaaaaaatttttttttttttttttttttttttttrrrrr.............................
.........................aaaaaaaaaa.ttttttttttttttttttttttttttrrrrr.............................
.........................aaaaaaaaaa.ttttttttttttttttttttttttttrrrrr.............................
.........................aaaaaaaaaa.ttttttttttttttttttttttttttrrrrr.............................
.........................aaaaaaaaaa.ttttttttttttttttttttttttttrrrrr.............................
........................aaaaaaaaaaatttttttttttttttttttttttttttrrrrr.............................
........................aaaaaaaaaaatttttttttttttttttttttttttttrrrrr.............................
........................aaaaaaaaaaatttttttttttttttttttttttttttrrrrr.............................
........................aaaaaaaaaaatttttttttttttttttttttttttttrrrr..............................
.......................aaaaaaaaaaaatttttttttttttttttttttttttttrrrr..............................
.......................aaaaaaaaaaaatttttttttttttttttttt.ttttttrrr...............................
......................aaaaaaaaaaaaatttttttttttttttttttt.ttttttrr................................
......................aaaaaaaaaaaaatttttttttttttttttttt...ttttrr................................
......................aaaaaaaaaaaaatttttttttttttttttttt...ttttrr................................
......................aaaaaaaaaaaaatttttttttttttttttttt.....ttr.................................
......................aaaaaaaaaaaaattttttttttttttttttttt........................................
......................aaaaaaaaaaaaattttttttttttttttttttt........................................
.......................aaaaaaaaaaaattttttttttttttttttttt........................................
........................aaaaaaaaaaattttttttttttttttttttt........................................
.........................aaaaaaaaaattttttttttttttttttttt........................................
.........................aaaaaaaaaatttttttttttttttttttttt.......................................
...........................aaffffffffffffffffffffooooooooo......................................
.............................ffffffffffffffffffffooooooooo......................................
..............................fffffffffffffffffffooooooooo......................................
..............................fffffffffffffffffffooooooooo......................................
..............................fffffffffffffffffffoooooooooo.....................................
.............................ffffffffffffffffffffooooooooooo....................................
............................tffffffffffffffffffffooooooooooo....................................
............................tffffffffffffffffffffooooooooooo....................................
............................tffffffffffffffffffffooooooooooo....................................
...........................ttffffffffffffffffffffooooooooooo....................................
...........................ttffffffffffffffffffffoooooooooooo...................................
...........................ttffffffffffffffffffffoooooooooooo...................................
...........................ttffffffffffffffffffffoooooooooooo...................................
...........................ttffffffffffffffffffffoooooooooooo...................................
.........................ttttffffffffffffffffffffoooooooooooooo.................................
.........................ttttffffffffffffffffffffoooooooooooooo.................................
.........................ttttffffffffffffffffffffoooooooooooooo.................................
.........................ttttffffffffffffffffffffoooooooooooooo.................................
.........................ttttffffffffffffffffffffoooooooooooooo.................................
.........................ttttffffffffffffffffffffoooooooooooooo.................................
...........................ttffffffffffffffffffffoooooooooooo...................................
...............................ffffffffffffffffffoooooooooo.....................................
................................fffffffffffffffffooooooooo......................................
................................................................................................
................................................................................................
................................................................................................
................................................................................................
................................................................................................
