# enemy_summoner_n_idle0: one letter per part (t=torso f=foot_l o=foot_r a=arm_l r=arm_r h=head). Edit freely; sprite:split reads it.
................................................................................................
................................................................................................
................................................................................................
................................................................................................
................................................................................................
...................................t............................................................
...................................t............................................................
...................................t............................................................
...................................t.................hh.........................................
..................................ttt................hhh........................................
..................................ttt...............hhhht.......................................
.................................ttttt..............hhhht.......................................
................................ttttttt............hhhhht.......................................
..............................ttttttttttt.........hhhhhht.......................................
..............................ttttttttttt.........hhhhhhtt......................................
.............................tttttttttttth........hhhhhhtt......................................
............................ttttttttttttthhh.....hhhhhhhttt.....................................
...........................tttttttttttttthhh....hhhhhhhhtttt....................................
.............................tttttttttttth......hhhhhhhhttttt...................................
.............................tttttttttttth....hhhhhhhhhhtttttt..................................
..............................aaaaaaatttt.....hhhhhhhhhhttttrr..................................
...............................aaaaaattt.....hhhhhhhhhhhttttrrr.................................
................................aaaaatt......hhhhhhhhhhhttttrrr.................................
.................................aaaat.......hhhhhhhhhhhttttrrr.................................
..................................aaa........hhhhhhhhhhhttttrrr.................................
.............................................hhhhhhhhhhhttttrrr.................................
..............................................hhhhhhhhhhttttrr..................................
..............................a...............hhhhhhhhhhttttrr..................................
..............................a....aa.........hhhhhhhhhhttttrr..................................
...................................aa.........hhhhhhhhhhttttrr..................................
...................................a.........hhhhhhhhhhhttttrrr.................................
............................................hhhhhhhhhhhhttttrrrr................................
...........................................hhhhhhhhhhhhhttttrrrrr...............................
..........................aa..aaa..........tttttttttttttttttrrrrr...............................
........................aaaaaaaaaa........ttttttttttttttttttrrrrr...............................
........................aaaaaaaaaa........ttttttttttttttttttrrrrr...............................
........................aaaaaaaaaaa......tttttttttttttttttttrrrrrr..............................
........................aaaaaaaaaaaaa....tttttttttttttttttttrrrrrrr.............................
.........................aaaaaaaaaaaat...tttttttttttttttttttrrrrrrrr............................
..........................aaaaaaaaaaatttttttttttttttttttttttrrrrrrrr............................
...........................aaaaaaaaaatttttttttttttttttttttttrrrrrrrr............................
............................aaaaaaaaatttttttttttttttttttttttrrrrrrrr............................
.............................aaaaaaaatttttttttttttttttttttttrrrrrrrr............................
..............................aaaaaaatttttttttttttttttttttttrrrrrrrr............................
..............................aaaaaaatttttttttttttttttttttttrrrrrrrr............................
..............................aaaaaaatttttttttttttttttttttttrrrrrrrr............................
..............................aaaaaaatttttttttttttttttttttttrrrrrrrrr...........................
..............................aaaaaaatttttttttttttttttttttttrrrrrrrrr...........................
..............................aaaaaaatttttttttttttttttttttttrrrrrrrrr...........................
..............................aaaaaaatttttttttttttttttttttttrrrrrrrrrr..........................
..............................aaaaaaatttttttttttttttttttttttrrrrrrrrrrr.........................
..............................aaaaaaatttttttttttttttttttttttrrrrrrrrrrr.........................
..............................aaaaaaatttttttttttttttttttttttrrrrrrrrrrr.........................
..............................aaaaaaatttttttttttttttttttttttrrrrrrrrrrr.........................
..............................aaaaaaatttttttttttttttttttttttrrrrrrrrrrrr........................
...............................aaaaaatttttttttttttttttttttttrrrrrrrrrrrrr.......................
................................aaaaatttttttttttttttttttttttrrrrrrrrrrrrr.......................
.................................aaaatttt.ttttttttttttttttttrrrrrrrrrrrrr.......................
.................................aaaattt..ttttttttttttttttttrrrrrrrrrrrrr.......................
.................................aaaatt..tttttttttttttttttttrrrrrrrrrrrrr.......................
..................................aaat...tttttttttttttttttttrrrrrrrrrrrrr.......................
...................................aa....tttttttttttttttttttrrrrrrrrrrrrr.......................
.........................................tttttttttttttttttttrrrrrrrrrrrrr.......................
........................................ttttttttttttttttttttrrrrrrrrrrrrr.......................
........................................ttttttttttttttttttttrrrrrrrrrrrrr.......................
.......................................tttttttttttttttttttttrrrrrrrrrrr.........................
.......................................tttttttttttttttttttttrrrrrrrrrr..........................
.......................................tttttttttttttttttttttrrrrrrrrr...........................
......................................fffffffffffooooooooooooooooor.............................
......................................fffffffffffooooooooooooooooo..............................
.....................................ffffffffffffooooooooooooooooorr............................
....................................fffffffffffffooooooooooooooooorr............................
....................................fffffffffffffooooooooooooooooorr............................
....................................fffffffffffffooooooooooooooooorr............................
....................................fffffffffffffooooooooooooooooott............................
...................................ffffffffffffffooooooooooooooooottt...........................
..................................fffffffffffffffooooooooooooooooottt...........................
..................................fffffffffffffffooooooooooooooooottt...........................
..................................fffffffffffffffooooooooooooooooottt...........................
..................................fffffffffffffffooooooooooooooooottttt.........................
.................................ffffffffffffffffooooooooooooooooottttt.........................
................................fffffffffffffffffooooooooooooooooottttt.........................
................................fffffffffffffffffooooooooooooooooottttt.........................
................................fffffffffffffffffooooooooooooooooottttt.........................
................................fffffffffffffffffooooooooooooooooottttt.........................
................................fffffffffffffffffooooooooooooooooottttt.........................
..................................fffffffffffffffooooooooooooooooottt...........................
.....................................ffffffffffffoooooooooooooooo...............................
.....................................ffffffffffffoooooooooooooooo...............................
............................................fffffoooooooooooo...................................
..............................................fffoooooooooooo...................................
................................................................................................
................................................................................................
................................................................................................
................................................................................................
................................................................................................
