# enemy_summoner_w_tether: one letter per part (t=torso f=foot_l o=foot_r a=arm_l r=arm_r h=head). Edit freely; sprite:split reads it.
................................................................................................
................................................................................................
................................................................................................
................................................................................................
................................................................................................
.......................................t........................................................
......................................tth......hh...............................................
.....................................ttthh....hhhh..............................................
....................................tttthhh...hhhhh.............................................
...................................ttttthhh...hhhhh.............................................
...................................ttttthhhh..hhhhhh............................................
....................................tttthhh..hhhhhhhh...........................................
....................................tttthh...hhhhhhhhh..........................................
..........................tt.........ttthh...hhhhhhhhhh.........................................
.........................tttt.........tth....hhhhhhhhhhh........................................
........................tttttt..............hhhhhhhhhhhht.......................................
.......................ttttttt..............hhhhhhhhhhhhtt......................................
......................ttttttttt.............hhhhhhhhhhhhttt.....................................
......................ttttttttt............hhhhhhhhhhhhhtttt....................................
.......................ttttttt.............hhhhhhhhhhhhhttttt...................................
........................aaaaaa.............hhhhhhhhhhhhhttttt...................................
.........................aaa..............hhhhhhhhhhhhhhttttt...................................
..........................aa..............hhhhhhhhhhhhhhttttt...................................
..........................................hhhhhhhhhhhhhhttttt...................................
.........................................hhhhhhhhhhhhhhhttttt...................................
.........................................hhhhhhhhhhhhhhhtttt....................................
.....................aaaaa..aa...........hhhhhhhhhhhhhhhttt.....................................
.....................aaaaaaaaaaa.........hhhhhhhhhhhhhhhttt.....................................
.....................aaaaaaaaaaa.........hhhhhhhhhhhhhhhttt.....................................
.....................aaaaaaaaaaa.........hhhhhhhhhhhhhhhttt.....................................
......................aaaaaaaaaaa.........hhhhhhhhhhhhhhtttt....................................
.......................aaaaaaaaaaa........hhhhhhhhhhhhhhtttt....................................
........................aaaaaaaaaaa.......hhhhhhhhhhhhhhttttt...................................
.........................aaaaaaaaaatt....ttttttttttttttttttttr..................................
..........................aaaaaaaaattt..tttttttttttttttttttttr..................................
...........................aaaaaaaattttttttttttttttttttttttttrr.................................
...........................aaaaaaaattttttttttttttttttttttttttrr.................................
...........................aaaaaaaattttttttttttttttttttttttttrr.................................
..........................aaaaaaaaattttttttttttttttttttttttttr..................................
..........................aaaaaaaaattttttttttttttttttttttttttr..................................
..........................aaaaaaaaattttttttttttttttttttttttttr..................................
..........................aaaaaaaaattttttttttttttttttttttttttrr.................................
..........................aaaaaaaaattttttttttttttttttttttttttrr.................................
..........................aaaaaaaaattttttttttttttttttttttttttr..................................
..........................aaaaaaaaattttttttttttttttttttttttttr..................................
..........................aaaaaaaaattttttttttttttttttttttttt....................................
..........................aaaaaaaaatttttttttttttttttttttttt.....................................
...........................aaaaaaaatttttttttttttttttttttttt.....................................
...........................aaaaaaaatttttttttttttttttttttttt.....................................
...........................aaaaaaaatttttttttttttttttttttttt.....................................
...........................aaaaaaaattttttttttttttttttttttttt....................................
...........................aaaaaaaattttttttttttttttttttttttt....................................
...........................aaaaaaaattttttttttttttttttttttttt....................................
...........................aaaaaaaa..ttttttttttttttttttttttt....................................
...........................aaaaaaa..tttttttttttttttttttttttt....................................
...........................aaaaa....ttttttttttttttttttttttttt...................................
...........................aaaa.....ttttttttttttttttttttttttt...................................
............................aa......ttttttttttttttttttttttttt...................................
....................................tttttttttttttttttttttttttr..................................
....................................tttttttttttttttttttttttttr..................................
....................................tttttttttttttttttttttttttr..................................
....................................tttttttttttttttttttttttttr..................................
.....................................ttttttttttttttttttttttttrr.................................
.......................................ttttttttttttttttttttttrr.................................
.......................................ttttttttttttttttttttttrrr................................
......................................tttttttttttttttttttttttrrr................................
......................................tttttttttttttttttttttttrrr................................
......................................tttttttttttttttttttttttrrrr...............................
......................................fffffffffffoooooooooooooooo...............................
.....................................ffffffffffffoooooooooooooooo...............................
.....................................ffffffffffffooooooooooooooooo..............................
.....................................ffffffffffffooooooooooooooooo..............................
.....................................ffffffffffffoooooooooooooooooo.............................
....................................fffffffffffffoooooooooooooooooo.............................
....................................fffffffffffffooooooooooooooooooo............................
....................................fffffffffffffooooooooooooooooooot...........................
....................................fffffffffffffooooooooooooooooooot...........................
...................................ffffffffffffffooooooooooooooooooott..........................
...................................ffffffffffffffooooooooooooooooooottt.........................
...................................ffffffffffffffoooooooooooooooooootttt........................
...................................ffffffffffffffoooooooooooooooooootttttt......................
..................................fffffffffffffffooooooooooooooooooottttttt.....................
..................................fffffffffffffffooooooooooooooooooottttttt.....................
..................................fffffffffffffffooooooooooooooooooottttttt.....................
..................................fffffffffffffffoooooooooooooooooootttttt......................
..................................fffffffffffffffoooooooooooooooooootttttt......................
..................................fffffffffffffffoooooooooooooooooootttt........................
..................................fffffffffffffffooooooooooooooooooott..........................
........................................fffffffffooooooooooooooooo..............................
.........................................ffffffffoooooooooooooo.................................
..............................................fffoooo...........................................
................................................................................................
................................................................................................
................................................................................................
................................................................................................
................................................................................................
