# enemy_summoner_n_dormant: one letter per part (t=torso f=foot_l o=foot_r a=arm_l r=arm_r h=head). Edit freely; sprite:split reads it.
................................................................................................
................................................................................................
................................................................................................
................................................................................................
................................................................................................
..............................................hhhhh.............................................
............................................hhhhhhhh............................................
...........................................hhhhhhhhhh...........................................
..........................................hhhhhhhhhhhh..........................................
........................................hhhhhhhhhhhhhhh.........................................
.......................................hhhhhhhhhhhhhhhhhh.......................................
......................................thhhhhhhhhhhhhhhhhht......................................
.....................................tthhhhhhhhhhhhhhhhhht......................................
.....................................tthhhhhhhhhhhhhhhhhhtt.....................................
....................................ttthhhhhhhhhhhhhhhhhhttt....................................
...................................tttthhhhhhhhhhhhhhhhhhtttt...................................
..................................ttttthhhhhhhhhhhhhhhhhhttttt..................................
..................................ttttthhhhhhhhhhhhhhhhhhttttt..................................
.................................tttttthhhhhhhhhhhhhhhhhhtttttt.................................
................................ttttttthhhhhhhhhhhhhhhhhhtttttt.................................
................................atttttthhhhhhhhhhhhhhhhhhttttttr................................
................................atttttthhhhhhhhhhhhhhhhhhttttttr................................
...............................aatttttthhhhhhhhhhhhhhhhhhttttttrr...............................
..............................aaatttttthhhhhhhhhhhhhhhhhhttttttrrr..............................
..............................aaatttttthhhhhhhhhhhhhhhhhhttttttrrr..............................
..............................aaatttttthhhhhhhhhhhhhhhhhhttttttrrr..............................
..............................aaatttttthhhhhhhhhhhhhhhhhhttttttrrr..............................
.............................aaaatttttthhhhhhhhhhhhhhhhhhttttttrrrr.............................
............................aaaaatttttthhhhhhhhhhhhhhhhhhttttttrrrrr............................
...........................aaaaaatttttthhhhhhhhhhhhhhhhhhttttttrrrrrr...........................
..........................aaaaaaatttttthhhhhhhhhhhhhhhhhhttttttrrrrrr...........................
..........................aaaaaaatttttthhhhhhhhhhhhhhhhhhttttttrrrrrrr..........................
..........................aaaaaaatttttthhhhhhhhhhhhhhhhhhttttttrrrrrrr..........................
..........................aaaaaaattttttttttttttttttttttttttttttrrrrrrr..........................
..........................aaaaaaattttttttttttttttttttttttttttttrrrrrrr..........................
..........................aaaaaaattttttttttttttttttttttttttttttrrrrrrr..........................
..........................aaaaaaattttttttttttttttttttttttttttttrrrrrrr..........................
.........................aaaaaaaattttttttttttttttttttttttttttttrrrrrrrr.........................
........................aaaaaaaaattttttttttttttttttttttttttttttrrrrrrrrr........................
.......................aaaaaaaaaattttttttttttttttttttttttttttttrrrrrrrrr........................
.......................aaaaaaaaaattttttttttttttttttttttttttttttrrrrrrrrrr.......................
.......................aaaaaaaaaattttttttttttttttttttttttttttttrrrrrrrrrr.......................
.......................aaaaaaaaaattttttttttttttttttttttttttttttrrrrrrrrrr.......................
.......................aaaaaaaaaattttttttttttttttttttttttttttttrrrrrrrrrr.......................
.......................aaaaaaaaaattttttttttttttttttttttttttttttrrrrrrrrrr.......................
......................aaaaaaaaaaattttttttttttttttttttttttttttttrrrrrrrrrrr......................
.....................aaaaaaaaaaaattttttttttttttttttttttttttttttrrrrrrrrrrr......................
.....................aaaaaaaaaaaattttttttttttttttttttttttttttttrrrrrrrrrrrr.....................
.....................aaaaaaaaaaaattttttttttttttttttttttttttttttrrrrrrrrrrrr.....................
.....................aaaaaaaaaaaattttttttttttttttttttttttttttttrrrrrrrrrrrr.....................
.....................aaaaaaaaaaaattttttttttttttttttttttttttttttrrrrrrrrrrrr.....................
.....................aaaaaaaaaaaattttttttttttttttttttttttttttttrrrrrrrrrrrr.....................
...................aaaaaaaaaaaaaattttttttttttttttttttttttttttttrrrrrrrrrrrrr....................
..................aaaaaaaaaaaaaaattttttttttttttttttttttttttttttrrrrrrrrrrrrrr...................
..................aaaaaaaaaaaaaaattttttttttttttttttttttttttttttrrrrrrrrrrrrrrr..................
..................aaaaaaaaaaaaaaattttttttttttttttttttttttttttttrrrrrrrrrrrrrrr..................
..................aaaaaaaaaaaaaaattttttttttttttttttttttttttttttrrrrrrrrrrrrrrr..................
..................aaaaaaaaaaaaaaattttttttttttttttttttttttttttttrrrrrrrrrrrrrrr..................
..................aaaaaaaaaaaaaaattttttttttttttttttttttttttttttrrrrrrrrrrrrrrr..................
..................aaaaaaaaaaaaaaattttttttttttttttttttttttttttttrrrrrrrrrrrrrrr..................
..................aaaaaaaaaaaaaaattttttttttttttttttttttttttttttrrrrrrrrrrrrrrr..................
..................aaaaaaaaaaaaaaattttttttttttttttttttttttttttttrrrrrrrrrrrrrrr..................
...................aaaaaaaaaaaaaattttttttttttttttttttttttttttttrrrrrrrrrrrrrr...................
...................aaaaaaaaaaaaaattttttttttttttttttttttttttttttrrrrrrrrrrrrrr...................
....................aaaaaaaaaaaaattttttttttttttttttttttttttttttrrrrrrrrrrrrr....................
.....................aaaaaaaaaaaattttttttttttttttttttttttttttttrrrrrrrrrrrr.....................
......................aaaaaaaaaaattttttttttttttttttttttttttttttrrrrrrrrrrr......................
.......................aaaaaaaaaattttttttttttttttttttttttttttttrrrrrrrrrr.......................
........................aafffffffffffffffffffffffooooooooooooooooooooorr........................
.........................afffffffffffffffffffffffooooooooooooooooooooor.........................
..........................fffffffffffffffffffffffooooooooooooooooooooo..........................
..........................fffffffffffffffffffffffoooooooooooooooooooo...........................
..........................fffffffffffffffffffffffooooooooooooooooooooo..........................
..........................fffffffffffffffffffffffooooooooooooooooooooo..........................
........................ttfffffffffffffffffffffffooooooooooooooooooooott........................
.......................tttfffffffffffffffffffffffooooooooooooooooooooottt.......................
......................ttttfffffffffffffffffffffffoooooooooooooooooooootttt......................
.....................tttttfffffffffffffffffffffffooooooooooooooooooooottttt.....................
...................tttttttfffffffffffffffffffffffoooooooooooooooooooootttttt....................
...................tttttttfffffffffffffffffffffffooooooooooooooooooooottttttt...................
...................tttttttfffffffffffffffffffffffooooooooooooooooooooottttttt...................
...................tttttttfffffffffffffffffffffffooooooooooooooooooooottttttt...................
...................tttttttfffffffffffffffffffffffooooooooooooooooooooottttttt...................
...................tttttttfffffffffffffffffffffffooooooooooooooooooooottttttt...................
....................ttttttfffffffffffffffffffffffooooooooooooooooooooottttt.....................
.....................tttttfffffffffffffffffffffffoooooooooooooooooooootttt......................
.........................tfffffffffffffffffffffffooooooooooooooooooooot.........................
..........................fffffffffffffffffffffffoooooooooooooooooooo...........................
............................ffffffff..fffffffffffooooooooo..oooooooo............................
........................................fffffffffooooooo........................................
.........................................ffffffffoooooo.........................................
................................................................................................
................................................................................................
................................................................................................
................................................................................................
................................................................................................
