# enemy_summoner_w_idle0: one letter per part (t=torso f=foot_l o=foot_r a=arm_l r=arm_r h=head). Edit freely; sprite:split reads it.
................................................................................................
................................................................................................
................................................................................................
................................................................................................
................................................................................................
...........................................h....................................................
..........................................hhh...................................................
.........................................hhhhh..................................................
.........................................hhhhhh.................................................
.........................................hhhhhhh................................................
.........................................hhhhhhhh...............................................
.........................tt..............hhhhhhhhhh.............................................
.........................tt..............hhhhhhhhhhh............................................
.........................tt............hhhhhhhhhhhhhhh..........................................
..........................t............hhhhhhhhhhhhhhhh.........................................
.........................ttt...........hhhhhhhhhhhhhhhhh........................................
........................ttttt..........hhhhhhhhhhhhhhhhhh.......................................
.......................ttttttt.........hhhhhhhhhhhhhhhhhh.......................................
......................ttttttttt........hhhhhhhhhhhhhhhhhh.......................................
.....................ttttttttttt.......hhhhhhhhhhhhhhhhhh.......................................
....................aaaaaaaaaaaaa......hhhhhhhhhhhhhhhhhh.......................................
..................aaaaaaaaaaaaaaat.....hhhhhhhhhhhhhhhhhh.......................................
..................aaaaaaaaaaaaaaat.....hhhhhhhhhhhhhhhhhh.......................................
....................aaaaaaaaaaaaa......hhhhhhhhhhhhhhhhh........................................
....................aaaaaaaaaaaa.......hhhhhhhhhhhhhhhhh........................................
.....................aaaaaaaaaaa.......hhhhhhhhhhhhhhhh.........................................
......................aaaaaaaaa........hhhhhhhhhhhhhhhh.........................................
.......................aaaaaaa.........hhhhhhhhhhhhhhhhh........................................
........................aaaaa..........hhhhhhhhhhhhhhhhhh.......................................
.........................aaa...........hhhhhhhhhhhhhhhhhh.......................................
..........................a............hhhhhhhhhhhhhhhhhh.......................................
.....................aa..................hhhhhhhhhhhhhhhht......................................
......................a..................hhhhhhhhhhhhhhhhtt.....................................
.........................aa..............tttttttttttttttttt.....................................
.........................aa..............tttttttttttttttttt.....................................
..........................a.............tttttttttttttttttt......................................
........................................tttttttttttttttttt......................................
........................................tttttttttttttttttt......................................
.......................aa...aa.........ttttttttttttttttttt......................................
.....................aaaaaaaaaaa.......tttttttttttttttttttt.....................................
.....................aaaaaaaaaaaa......tttttttttttttttttttt.....................................
.....................aaaaaaaaaaaa......tttttttttttttttttttt.....................................
.....................aaaaaaaaaaaatttttttttttttttttttttttttt.....................................
.......................aaaaaaaaaatttttttttttttttttttttttttt.....................................
.......................aaaaaaaaaattttttttttttttttttttttttt......................................
........................aaaaaaaaatttttttttttttttttttttttt.......................................
..........................aaaaaaatttttttttttttttttttttttt.......................................
...........................aaaaaatttttttttttttttttttttttt.......................................
.............................aaaatttttttttttttttttttttttt.......................................
...............................aatttttttttttttttttttttttt.......................................
...............................aattttttttttttttttttttttttt......................................
...............................aattttttttttttttttttttttttt......................................
...............................aattttttttttttttttttttttttt......................................
...............................aattttttttttttttttttttttttt......................................
...............................aattttttttttttttttttttttttt......................................
...............................aattttttttttttttttttttttttttt....................................
.................................ttttttttttttttttttttttttttt....................................
.................................ttttttttttttttttttttttttttt....................................
.................................ttttttttttttttttttttttttttt....................................
.................................ttttttttttttttttttttttttttt....................................
.................................tttttttttttttttttttttttttttt...................................
.................................tttttttttttttttttttttttttttt...................................
..................................ttttttttttttttttttttttttttt...................................
....................................tttttttttttttttttttttttttt..................................
....................................ttttttttttttttttttttttttttt.................................
....................................ttttttttttttttttttttttttttt.................................
....................................ttttttttttttttttttttttttttt.................................
....................................ttttttttttttttttttttttttttt.................................
....................................fffffffffffffooooooooooooooo................................
....................................fffffffffffffoooooooooooooooo...............................
...................................ffffffffffffffoooooooooooooooo...............................
..................................fffffffffffffffooooooooooooooooo..............................
..................................fffffffffffffffooooooooooooooooo..............................
..................................fffffffffffffffoooooooooooooooooo.............................
..................................fffffffffffffffooooooooooooooooooo............................
..................................fffffffffffffffoooooooooooooooooooo...........................
.................................ffffffffffffffffooooooooooooooooooooo..........................
.................................ffffffffffffffffooooooooooooooooooooott........................
.................................ffffffffffffffffooooooooooooooooooooottt.......................
.................................ffffffffffffffffooooooooooooooooooooottttt.....................
.................................ffffffffffffffffoooooooooooooooooooootttttttt..................
...............................ffffffffffffffffffoooooooooooooooooooootttttttt..................
...............................ffffffffffffffffffoooooooooooooooooooootttttt....................
...............................ffffffffffffffffffoooooooooooooooooooootttttt....................
...............................ffffffffffffffffffoooooooooooooooooooootttt......................
...............................ffffffffffffffffffooooooooooooooooooooottt.......................
...............................ffffffffffffffffffooooooooooooooooooooo..........................
................................fffffffffffffffffooooooooooooooooo..............................
.................................ffffffffffffffffoooooooooooooooo...............................
.........................................ffffffffoooooooooooo...................................
.............................................ffffooooooooooo....................................
................................................................................................
................................................................................................
................................................................................................
................................................................................................
................................................................................................
