# enemy_rifter_dormant: one letter per part (c=core p=pod_l o=pod_r). Edit freely; sprite:split reads it.
................................................................
................................................................
................................................................
................................................................
................................................................
................................................................
............................cccccccc............................
...........................cccccccccc...........................
..........................ccccccccccccc.........................
..............cccc.....cccccccccccccccccc.....cccc..............
.............cccccc...cccccccccccccccccccc....ccccc.............
............pppppcc..cccccccccccccccccccccc..ccooooo............
...........ppppppccccccccccccccccccccccccccccccoooooo...........
..........pppppppccccccccccccccccccccccccccccccooooooo..........
.........ppppppppccccccccccccccccccccccccccccccoooooooo.........
.........ppppppppccccccccccccccccccccccccccccccoooooooo.........
.......ppppppppppccccccccccccccccccccccccccccccoooooooooo.......
.......ppppppppppccccccccccccccccccccccccccccccoooooooooo.......
.......ppppppppppccccccccccccccccccccccccccccccoooooooooo.......
.......ppppppppppccccccccccccccccccccccccccccccoooooooooo.......
.......ppppppppppccccccccccccccccccccccccccccccooooooooo........
.........ppppppppccccccccccccccccccccccccccccccoooooooo.........
..........pppppppccccccccccccccccccccccccccccccooooooo..........
..........pppppppccccccccccccccccccccccccccccccooooooo..........
..........pppppppccccccccccccccccccccccccccccccooooooo..........
..........pppppppccccccccccccccccccccccccccccccooooooo..........
..........pppppppccccccccccccccccccccccccccccccooooooo..........
........pppppppppccccccccccccccccccccccccccccccooooooooo........
.......ppppppppppccccccccccccccccccccccccccccccoooooooooo.......
......pppppppppppccccccccccccccccccccccccccccccooooooooooo......
......pppppppppppccccccccccccccccccccccccccccccooooooooooo......
......pppppppppppccccccccccccccccccccccccccccccooooooooooo......
......pppppppppppccccccccccccccccccccccccccccccooooooooooo......
......pppppppppppccccccccccccccccccccccccccccccooooooooooo......
......pppppppppppccccccccccccccccccccccccccccccooooooooooo......
......pppppppppppccccccccccccccccccccccccccccccooooooooooo......
.......ppppppppppccccccccccccccccccccccccccccccoooooooooo.......
.......ppppppppppccccccccccccccccccccccccccccccooooooooo........
.........ppppppppccccccccccccccccccccccccccccccoooooooo.........
..........pppppppccccccccccccccccccccccccccccccooooooo..........
..........pppppppccccccccccccccccccccccccccccccooooooo..........
..........pppppppccccccccccccccccccccccccccccccooooooo..........
.........ppppppppccccccccccccccccccccccccccccccoooooooo.........
.......ppppppppppccccccccccccccccccccccccccccccooooooooo........
.......ppppppppppccccccccccccccccccccccccccccccoooooooooo.......
......pppppppppppccccccccccccccccccccccccccccccooooooooooo......
......pppppppppppccccccccccccccccccccccccccccccooooooooooo......
......pppppppppppccccccccccccccccccccccccccccccoooooooooo.......
.......ppppppppppccccccccccccccccccccccccccccccoooooooooo.......
........pppppppppccccccccccccccccccccccccccccccooooooooo........
.........ppppppppccccccccccccccccccccccccccccccoooooooo.........
..........pppppppccc.cccccccccccccccccccccc.cccooooooo..........
...........ppppppcc..cccccccccccccccccccccc..ccoooooo...........
............cccccc....cccccccccccccccccccc....cccccc............
.............ccc..........ccccccccccccc........cccc.............
..........................cccccccccccc..........................
...........................cccccccccc...........................
............................cccccccc............................
................................................................
................................................................
................................................................
................................................................
................................................................
................................................................
