# enemy_rifter_telegraph_walk: one letter per part (c=core p=pod_l o=pod_r). Edit freely; sprite:split reads it.
................................................................
................................................................
................................................................
................................................................
................................................................
................................................................
............................cccccccc............................
...........................cccccccccc...........................
..........................cccccccccccc..........................
..........................cccccccccccc..........................
...............ccc.....cccccccccccccccccc.....ccc...............
..............pppcc...cccccccccccccccccccc...ccooo..............
.............ppppccc..cccccccccccccccccccc..cccoooo.............
............pppppccccccccccccccccccccccccccccccooooo............
...........ppppppccccccccccccccccccccccccccccccoooooo...........
..........pppppppccccccccccccccccccccccccccccccooooooo..........
.........ppppppppccccccccccccccccccccccccccccccoooooooo.........
........pppppppppccccccccccccccccccccccccccccccooooooooo........
........pppppppppccccccccccccccccccccccccccccccooooooooo........
........pppppppppccccccccccccccccccccccccccccccooooooooo........
........pppppppppccccccccccccccccccccccccccccccooooooooo........
.........ppppppppccccccccccccccccccccccccccccccoooooooo.........
..........pppppppccccccccccccccccccccccccccccccooooooo..........
...........ppppppccccccccccccccccccccccccccccccoooooo...........
............pppppccccccccccccccccccccccccccccccooooo............
...........ppppppccccccccccccccccccccccccccccccoooooo...........
..........pppppppccccccccccccccccccccccccccccccooooooo..........
........pppppppppccccccccccccccccccccccccccccccoooooooo.........
.......ppppppppppccccccccccccccccccccccccccccccoooooooooo.......
......pppppppppppccccccccccccccccccccccccccccccooooooooooo......
......pppppppppppccccccccccccccccccccccccccccccooooooooooo......
......pppppppppppccccccccccccccccccccccccccccccooooooooooo......
......pppppppppppccccccccccccccccccccccccccccccooooooooooo......
......pppppppppppccccccccccccccccccccccccccccccooooooooooo......
......pppppppppppccccccccccccccccccccccccccccccooooooooooo......
......pppppppppppccccccccccccccccccccccccccccccooooooooooo......
......pppppppppppccccccccccccccccccccccccccccccooooooooooo......
......pppppppppppccccccccccccccccccccccccccccccooooooooooo......
.......ppppppppppccccccccccccccccccccccccccccccooooooooo........
.........ppppppppccccccccccccccccccccccccccccccoooooooo.........
..........pppppppccccccccccccccccccccccccccccccooooooo..........
...........ppppppccccccccccccccccccccccccccccccoooooo...........
...........ppppppccccccccccccccccccccccccccccccoooooo...........
..........pppppppccccccccccccccccccccccccccccccooooooo..........
.........ppppppppccccccccccccccccccccccccccccccoooooooo.........
........pppppppppccccccccccccccccccccccccccccccooooooooo........
........pppppppppccccccccccccccccccccccccccccccooooooooo........
........pppppppppccccccccccccccccccccccccccccccooooooooo........
........pppppppppccccccccccccccccccccccccccccccooooooooo........
.........ppppppppccccccccccccccccccccccccccccccoooooooo.........
..........pppppppccccccccccccccccccccccccccccccooooooo..........
...........ppppppcccc.ccccccccccccccccccccc.cccoooooo...........
............pppppccc..ccccccccccccccccccccc.cccooooo............
.............cccccc....ccccccccccccccccccc...cccccc.............
..............cccc......cccccccccccccccc.......ccc..............
..........................cccccccccccc..........................
...........................cccccccccc...........................
............................cccccccc............................
................................................................
................................................................
................................................................
................................................................
................................................................
................................................................
