# enemy_rifter_erupt: one letter per part (c=core p=pod_l o=pod_r). Edit freely; sprite:split reads it.
................................................................
................................................................
................................................................
................................................................
................................................................
................................................................
............................cccccccc............................
...........................cccccccccc...........................
..........................cccccccccccc..........................
..........................cccccccccccc..........................
...............cccc.......cccccccccccc.......cccc...............
..............pppcc....cccccccccccccccccc....ccooo..............
.............ppppcccc.cccccccccccccccccccc.ccccoooo.............
............pppppccccccccccccccccccccccccccccccooooo............
...........ppppppccccccccccccccccccccccccccccccoooooo...........
..........pppppppccccccccccccccccccccccccccccccooooooo..........
.........ppppppppccccccccccccccccccccccccccccccoooooooo.........
........pppppppppccccccccccccccccccccccccccccccooooooooo........
........pppppppppccccccccccccccccccccccccccccccooooooooo........
........pppppppppccccccccccccccccccccccccccccccooooooooo........
........pppppppppccccccccccccccccccccccccccccccooooooooo........
.........ppppppppccccccccccccccccccccccccccccccoooooooo.........
..........pppppppccccccccccccccccccccccccccccccooooooo..........
...........ppppppccccccccccccccccccccccccccccccoooooo...........
............pppppccccccccccccccccccccccccccccccooooo............
...........ppppppccccccccccccccccccccccccccccccoooooo...........
..........pppppppccccccccccccccccccccccccccccccooooooo..........
.......ppppppppppccccccccccccccccccccccccccccccoooooooooo.......
......pppppppppppccccccccccccccccccccccccccccccooooooooooo......
......pppppppppppccccccccccccccccccccccccccccccooooooooooo......
......pppppppppppccccccccccccccccccccccccccccccooooooooooo......
......pppppppppppccccccccccccccccccccccccccccccooooooooooo......
......pppppppppppccccccccccccccccccccccccccccccooooooooooo......
......pppppppppppccccccccccccccccccccccccccccccooooooooooo......
......pppppppppppccccccccccccccccccccccccccccccooooooooooo......
......pppppppppppccccccccccccccccccccccccccccccooooooooooo......
......pppppppppppccccccccccccccccccccccccccccccooooooooooo......
.......ppppppppppccccccccccccccccccccccccccccccoooooooooo.......
........pppppppppccccccccccccccccccccccccccccccooooooooo........
..........pppppppccccccccccccccccccccccccccccccooooooo..........
...........ppppppccccccccccccccccccccccccccccccoooooo...........
............pppppccccccccccccccccccccccccccccccoooooo...........
...........ppppppccccccccccccccccccccccccccccccoooooo...........
..........pppppppccccccccccccccccccccccccccccccooooooo..........
.........ppppppppccccccccccccccccccccccccccccccoooooooo.........
........pppppppppccccccccccccccccccccccccccccccooooooooo........
........pppppppppccccccccccccccccccccccccccccccooooooooo........
........pppppppppccccccccccccccccccccccccccccccooooooooo........
........pppppppppccccccccccccccccccccccccccccccooooooooo........
..........pppppppccccccccccccccccccccccccccccccoooooooo.........
...........ppppppccccccccccccccccccccccccccccccooooooo..........
............pppppcccc.cccccccccccccccccccc.ccccooooo............
.............ppppccc...cccccccccccccccccc...cccooooo............
..............ccccc......ccccccccccccccc.....cccccc.............
...............ccc.........ccccccccccc........cccc..............
...........................ccccccccccc..........................
...........................cccccccccc...........................
............................cccccccc............................
................................................................
................................................................
................................................................
................................................................
................................................................
................................................................
