# enemy_rifter_idle0: one letter per part (c=core p=pod_l o=pod_r). Edit freely; sprite:split reads it.
................................................................
................................................................
................................................................
................................................................
................................................................
................................................................
............................cccccccc............................
...........................ccccccccccc..........................
..........................cccccccccccc..........................
..............ccc......cccccccccccccccccc......ccc..............
.............ccccc...cccccccccccccccccccccc...ccccc.............
............pppppcc..cccccccccccccccccccccc..ccooooo............
...........ppppppccccccccccccccccccccccccccccccoooooo...........
..........pppppppccccccccccccccccccccccccccccccooooooo..........
.........ppppppppccccccccccccccccccccccccccccccoooooooo.........
........pppppppppccccccccccccccccccccccccccccccooooooooo........
.......ppppppppppccccccccccccccccccccccccccccccoooooooooo.......
.......ppppppppppccccccccccccccccccccccccccccccoooooooooo.......
.......ppppppppppccccccccccccccccccccccccccccccoooooooooo.......
.......ppppppppppccccccccccccccccccccccccccccccoooooooooo.......
.......ppppppppppccccccccccccccccccccccccccccccooooooooo........
........pppppppppccccccccccccccccccccccccccccccooooooooo........
.........ppppppppccccccccccccccccccccccccccccccoooooooo.........
..........pppppppccccccccccccccccccccccccccccccooooooo..........
..........pppppppccccccccccccccccccccccccccccccooooooo..........
..........pppppppccccccccccccccccccccccccccccccooooooo..........
..........pppppppccccccccccccccccccccccccccccccooooooo..........
........pppppppppccccccccccccccccccccccccccccccooooooooo........
.......ppppppppppccccccccccccccccccccccccccccccoooooooooo.......
......pppppppppppccccccccccccccccccccccccccccccooooooooooo......
......pppppppppppccccccccccccccccccccccccccccccooooooooooo......
......pppppppppppccccccccccccccccccccccccccccccooooooooooo......
......pppppppppppccccccccccccccccccccccccccccccooooooooooo......
......pppppppppppccccccccccccccccccccccccccccccooooooooooo......
......pppppppppppccccccccccccccccccccccccccccccooooooooooo......
......pppppppppppccccccccccccccccccccccccccccccooooooooooo......
.......ppppppppppccccccccccccccccccccccccccccccoooooooooo.......
........pppppppppccccccccccccccccccccccccccccccoooooooooo.......
.........ppppppppccccccccccccccccccccccccccccccoooooooo.........
..........pppppppccccccccccccccccccccccccccccccooooooo..........
..........pppppppccccccccccccccccccccccccccccccooooooo..........
.........ppppppppccccccccccccccccccccccccccccccoooooooo.........
........pppppppppccccccccccccccccccccccccccccccoooooooo.........
.......ppppppppppccccccccccccccccccccccccccccccooooooooo........
......pppppppppppccccccccccccccccccccccccccccccooooooooooo......
......pppppppppppccccccccccccccccccccccccccccccooooooooooo......
......pppppppppppccccccccccccccccccccccccccccccooooooooooo......
......pppppppppppccccccccccccccccccccccccccccccooooooooooo......
.......ppppppppppccccccccccccccccccccccccccccccoooooooooo.......
........pppppppppccccccccccccccccccccccccccccccooooooooo........
.........ppppppppccccccccccccccccccccccccccccccoooooooo.........
..........pppppppcc.ccccccccccccccccccccccc.cccooooooo..........
...........ppppppc...cccccccccccccccccccccc..ccoooooo...........
............cccccc....cccccccccccccccccccc....cccccc............
.............ccc..........cccccccccccc.........cccc.............
..........................cccccccccccc..........................
...........................cccccccccc...........................
............................cccccccc............................
................................................................
................................................................
................................................................
................................................................
................................................................
................................................................
