# enemy_rifter_telegraph: one letter per part (c=core p=pod_l o=pod_r). Edit freely; sprite:split reads it.
................................................................
................................................................
................................................................
................................................................
................................................................
................................................................
............................cccccccc............................
...........................cccccccccc...........................
..........................cccccccccccc..........................
..........................cccccccccccc..........................
...............ccc......cccccccccccccccc......ccc...............
..............pppcc....cccccccccccccccccc....ccooo..............
.............ppppccc..cccccccccccccccccccc..cccoooo.............
............pppppccccccccccccccccccccccccccccccooooo............
...........ppppppccccccccccccccccccccccccccccccoooooo...........
..........pppppppccccccccccccccccccccccccccccccooooooo..........
.........ppppppppccccccccccccccccccccccccccccccoooooooo.........
........pppppppppccccccccccccccccccccccccccccccooooooooo........
........pppppppppccccccccccccccccccccccccccccccooooooooo........
........pppppppppccccccccccccccccccccccccccccccooooooooo........
.........ppppppppccccccccccccccccccccccccccccccoooooooo.........
.........ppppppppccccccccccccccccccccccccccccccooooooo..........
..........pppppppccccccccccccccccccccccccccccccoooooo...........
...........ppppppccccccccccccccccccccccccccccccooooo............
............pppppccccccccccccccccccccccccccccccooooo............
...........ppppppccccccccccccccccccccccccccccccoooooo...........
..........pppppppccccccccccccccccccccccccccccccooooooo..........
.......ppppppppppccccccccccccccccccccccccccccccoooooooooo.......
......pppppppppppccccccccccccccccccccccccccccccoooooooooo.......
......pppppppppppccccccccccccccccccccccccccccccooooooooooo......
......pppppppppppccccccccccccccccccccccccccccccooooooooooo......
......pppppppppppccccccccccccccccccccccccccccccooooooooooo......
......pppppppppppccccccccccccccccccccccccccccccooooooooooo......
......pppppppppppccccccccccccccccccccccccccccccooooooooooo......
......pppppppppppccccccccccccccccccccccccccccccooooooooooo......
......pppppppppppccccccccccccccccccccccccccccccooooooooooo......
......pppppppppppccccccccccccccccccccccccccccccooooooooooo......
.......ppppppppppccccccccccccccccccccccccccccccoooooooooo.......
.......ppppppppppccccccccccccccccccccccccccccccooooooooo........
..........pppppppccccccccccccccccccccccccccccccooooooo..........
...........ppppppccccccccccccccccccccccccccccccoooooo...........
............pppppccccccccccccccccccccccccccccccooooo............
...........ppppppccccccccccccccccccccccccccccccoooooo...........
..........pppppppccccccccccccccccccccccccccccccooooooo..........
.........ppppppppccccccccccccccccccccccccccccccoooooooo.........
........pppppppppccccccccccccccccccccccccccccccooooooooo........
........pppppppppccccccccccccccccccccccccccccccooooooooo........
........pppppppppccccccccccccccccccccccccccccccooooooooo........
.........ppppppppccccccccccccccccccccccccccccccoooooooo.........
..........pppppppccccccccccccccccccccccccccccccooooooo..........
...........ppppppccccccccccccccccccccccccccccccoooooo...........
............pppppccc.ccccccccccccccccccccc.ccccooooo............
.............ppppccc..cccccccccccccccccccc..cccoooo.............
..............ccccc....cccccccccccccccccc....ccccc..............
...............ccc........cccccccccccc........ccc...............
..........................ccccccccccc...........................
...........................cccccccccc...........................
............................cccccccc............................
................................................................
................................................................
................................................................
................................................................
................................................................
................................................................
