# enemy_sentinel_tele: one letter per part (c=core p=pod_l o=pod_r). Edit freely; sprite:split reads it.
................................................................
................................................................
................................................................
................................................................
................................................................
................................................................
...........ccccc................................ccccc...........
..........ccccccc..............................ccccccc..........
.........ccccccccc............................ccccccccc.........
........ccccccccccc..........................ccccccccccc........
.......ccccccccccccc...ccccccccccccccccccc..ccccccccccccc.......
......pppppppppppccc..cccccccccccccccccccc..cccooooooooooo......
.....ppppppppppppccccccccccccccccccccccccccccccoooooooooooo.....
.....ppppppppppppccccccccccccccccccccccccccccccoooooooooooo.....
.....ppppppppppppccccccccccccccccccccccccccccccoooooooooooo.....
.....ppppppppppppccccccccccccccccccccccccccccccoooooooooooo.....
.....ppppppppppppccccccccccccccccccccccccccccccoooooooooooo.....
.....ppppppppppppccccccccccccccccccccccccccccccoooooooooooo.....
.....ppppppppppppccccccccccccccccccccccccccccccoooooooooooo.....
......pppppppppppccccccccccccccccccccccccccccccooooooooooo......
.......ppppppppppccccccccccccccccccccccccccccccoooooooooo.......
........pppppppppccccccccccccccccccccccccccccccooooooooo........
.........ppppppppccccccccccccccccccccccccccccccoooooooo.........
..........pppppppccccccccccccccccccccccccccccccooooooo..........
..........pppppppccccccccccccccccccccccccccccccooooooo..........
..........pppppppccccccccccccccccccccccccccccccooooooo..........
........pppppppppccccccccccccccccccccccccccccccooooooooo........
........pppppppppccccccccccccccccccccccccccccccooooooooo........
........pppppppppccccccccccccccccccccccccccccccooooooooo........
........pppppppppccccccccccccccccccccccccccccccooooooooo........
........pppppppppccccccccccccccccccccccccccccccooooooooo........
........pppppppppccccccccccccccccccccccccccccccooooooooo........
........pppppppppccccccccccccccccccccccccccccccooooooooo........
........pppppppppccccccccccccccccccccccccccccccooooooooo........
........pppppppppccccccccccccccccccccccccccccccooooooooo........
........pppppppppccccccccccccccccccccccccccccccooooooooo........
........pppppppppccccccccccccccccccccccccccccccooooooooo........
........pppppppppccccccccccccccccccccccccccccccooooooooo........
.........ppppppppccccccccccccccccccccccccccccccoooooooo.........
..........pppppppccccccccccccccccccccccccccccccooooooo..........
..........pppppppccccccccccccccccccccccccccccccooooooo..........
..........pppppppccccccccccccccccccccccccccccccooooooo..........
.........ppppppppccccccccccccccccccccccccccccccoooooooo.........
........pppppppppccccccccccccccccccccccccccccccooooooooo........
......pppppppppppccccccccccccccccccccccccccccccoooooooooo.......
......pppppppppppccccccccccccccccccccccccccccccooooooooooo......
.....ppppppppppppccccccccccccccccccccccccccccccoooooooooooo.....
.....ppppppppppppccccccccccccccccccccccccccccccoooooooooooo.....
.....ppppppppppppccccccccccccccccccccccccccccccoooooooooooo.....
.....ppppppppppppccccccccccccccccccccccccccccccoooooooooooo.....
.....ppppppppppppccccccccccccccccccccccccccccccoooooooooooo.....
.....ppppppppppppccccccccccccccccccccccccccccccoooooooooooo.....
......pppppppppppccccccccccccccccccccccccccccccooooooooooo......
.......ccccccccccccc..cccccccccccccccccccc..ccccccccccccc.......
........ccccccccccc....cccccccccccccccccc....ccccccccccc........
.........ccccccccc............................ccccccccc.........
..........ccccccc..............................ccccccc..........
...........ccccc................................ccccc...........
................................................................
................................................................
................................................................
................................................................
................................................................
................................................................
