# enemy_rusher_s_idle0: one letter per part (s=shell h=head l=leg_l r=leg_r). Edit freely; sprite:split reads it.
................................................................
................................................................
................................................................
................................................................
................................................................
................................................................
................................................................
................................................................
...............................ss...............................
...............................ss...............................
.............................ssssss.............................
.............................sssssss............................
.............................sssssss............................
..................s.........ssssssss............................
.................ss........ssssssssss........ss.................
...............ssssss......sssssssssss.....ssssss...............
...............sssssss....sssssssssssss...sssssss...............
...............ssssssss...sssssssssssss..ssssssss...............
...............sssssssss.ssssssssssssssssssssssss...............
...............ssssssssssssssssssssssssssssssssss...............
...............ssssssssssssssssssssssssssssssssss...............
...............ssssssssssssssssssssssssssssssssss...............
...............ssssssssssssssssssssssssssssssssss...............
...............llssssssssssssssssssssssssssssssrr...............
...............llssssssssssssssssssssssssssssssrr...............
.......lll.....llssssssssssssssssssssssssssssssrr.....rr........
.......lll.....llssssssssssssssssssssssssssssssrrr..rrrrr.......
......lllllllllllssssssssssssssssssssssssssssssrrrrrrrrrrr......
......lllllllllllssssssssssssssssssssssssssssssrrrrrrrrrrr......
......lllllllllllssssssssssssssssssssssssssssssrrrrrrrrrrr......
......lllllllllllssssssssssssssssssssssssssssssrrrrrrrrrrr......
......lllllllllllssssssssssssssssssssssssssssssrrrrrrrrrrr......
.......llllllllllssssssssssssssssssssssssssssssrrrrrrrrrr.......
.......llllllllllssssssssssssssssssssssssssssssrrrrrrrrr........
.......llllllllllssssssssssssssssssssssssssssssrrrrrrrrr........
........lllllllllssssssssssssssssssssssssssssssrrrrrrrrr........
........lllllllllssssssssssssssssssssssssssssssrrrrrrrrr........
......lllllllllllssssssssssssssssssssssssssssssrrrrrrrrrrr......
......lllllllllllssssssssssssssssssssssssssssssrrrrrrrrrrrr.....
....lllllllllllllssssssssssssssssssssssssssssssrrrrrrrrrrrrr....
....lllllllllllllssssssssssssssssssssssssssssssrrrrrrrrrrrrr....
....lllllllllllllssssssssssssssssssssssssssssssrrrrrrrrrrrrr....
....lllllllllllllssssssssssssssssssssssssssssssrrrrrrrrrrrr.....
......lllllllllllssssssssssssssssssssssssssssssrrrrrrrrrrr......
......lllllllllllsshhhhhhhhhhhhhhhhhhhhhhhhhhssrrrrrrrrrrr......
......lllllllllllsshhhhhhhhhhhhhhhhhhhhhhhhhhssrrrrrrrrrrr......
......lllllllllllsshhhhhhhhhhhhhhhhhhhhhhhhhhssrrrrrrrrrrr......
......lllllllllllsshhhhhhhhhhhhhhhhhhhhhhhhhhssrrrrrrrrrrr......
......llllllllllls..hhhhhhhhhhhhhhhhhhhhhhhhh.srrrrrrrrrrr......
......llllllllllls..hhhhhhhhhhhhhhhhhhhhhhhhh.srrrrrrrrrrr......
....llllllllllllls...hhhhhhhhhhhhhhhhhhhhhh...srrrrrrrrrrrrr....
....llllllllllllls....hhhhhhhhhhhhhhhhhhhh....srrrrrrrrrrrrr....
....llllllllllllls.....hhhhhhhhhhhhhhhhhhh....srrrrrrrrrrrrr....
....llllllllllllls......hhhhhhhhhhhhhhhhh.....srrrrrrrrrrrrr....
....llllllllllllls.......hhhhhhhhhhhhhhh......srrrrrrrrrrrrr....
....llllllllllllls.........hhhhhhhhhh.........srrrrrrrrrrrrr....
.....lllllllllllls.........hhhhhhhhhh..........rrrrrrrrrrrrr....
................................................................
................................................................
................................................................
................................................................
................................................................
................................................................
................................................................
