# enemy_rusher_n_lunge: one letter per part (s=shell h=head l=leg_l r=leg_r). Edit freely; sprite:split reads it.
................................................................
................................................................
................................................................
................................................................
................................................................
................................................................
................................................................
................................................................
................................................................
................................................................
................................................................
...............................ss...............................
..............................ssss..............................
.............................ssssss.............................
.............................ssssss.............................
............................sssssss.............................
..................sss.......sssssss........sss..................
..................ssss......ssssssss......ssss..................
..................sssss....sssssssss.....sssss..................
..................ssssss...ssssssssss..sssssss..................
..................ssssssssssssssssssssssssssss..................
..................ssssssssssssssssssssssssssss..................
..................ssssssssssssssssssssssssssss..................
..................ssssssssssssssssssssssssssss..................
..................ssssssssssssssssssssssssssss......sss.........
.........ssss.....ssssssssssssssssssssssssssss....sssss.........
.........sssssss...ssssssssssssssssssssssssss...sssssss.........
.........ssssssssssssssssssssssssssssssssssssssssssssss.........
.........ssssssssssssssssssssssssssssssssssssssssssssss.........
..........ssssssssssssssssssssssssssssssssssssssssssss..........
...........ssssssssssssssssssssssssssssssssssssssssss...........
............ssssssssssssssssssssssssssssssssssssssss............
............sssssssssssssssssssssssssssssssssssssss.............
............ssssssssssssssssssssssssssssssssssssssss............
..........ssssssssssssssssssssssssssssssssssssssssssss..........
.........ssssssssssssssssssssssssssssssssssssssssssssss.........
.......lllllllllllllssssssssssssssssssssssssrrrrrrrrrrrr........
......llllllllllllllssssssssssssssssssssssssrrrrrrrrrrrrrr......
.....lllllllllllllllssssssssssssssssssssssssrrrrrrrrrrrrrrr.....
.....lllllllllllllllssssssssssssssssssssssssrrrrrrrrrrrrrrr.....
.....lllllllllllllllssssssssssssssssssssssssrrrrrrrrrrrrrrr.....
...........lllllllllssssssssssssssssssssssssrrrrrrrrr...........
...........lllllllllssssssssssssssssssssssssrrrrrrrrr...........
...........lllllllllssssssssssssssssssssssssrrrrrrrrr...........
..........llllllllllssssssssssssssssssssssssrrrrrrrrrr..........
..........llllllllllssssssss.ssssss.ssssssssrrrrrrrrrr..........
..........llllllllllssssssss.sssss..ssssssssrrrrrrrrrr..........
...........lllll.lllssssssss..ssss..ssssssssrrr.rrrrr...........
................llllsssssss....ss....sssssssrrrr................
...............lllllsssssss..........sssssssrrrr................
...............lllllssssss............ssssssrrrr................
...............lllllsssss..............sssssrrrr................
................llllsssss..............sssssrrrr................
................................................................
................................................................
................................................................
................................................................
................................................................
................................................................
................................................................
................................................................
................................................................
................................................................
................................................................
