# enemy_rusher_s_lunge: one letter per part (s=shell h=head l=leg_l r=leg_r). Edit freely; sprite:split reads it.
................................................................
................................................................
................................................................
................................................................
................................................................
................................................................
................................................................
................................................................
................................................................
................................................................
................................................................
................................................................
...............................ss...............................
..............................ssss..............................
..............................ssss..............................
..............................sssss.............................
.............................ssssss.............................
.............................ssssss.............................
.................ssss.......ssssssss.......ssss.................
.................sssss......ssssssss......sssss.................
.................ssssss....ssssssssss....ssssss.................
.................sssssss..sssssssssss...sssssss.................
.................ssssssssssssssssssssssssssssss.................
.................ssssssssssssssssssssssssssssss.................
.................ssssssssssssssssssssssssssssss.................
..................ssssssssssssssssssssssssssss..................
........lll.......ssssssssssssssssssssssssssss.......rrr........
........llllll....ssssssssssssssssssssssssssss....rrrrrr........
........lllllll...ssssssssssssssssssssssssssss...rrrrrrr........
........llllllllllssssssssssssssssssssssssssssrrrrrrrrrr........
.........lllllllllssssssssssssssssssssssssssssrrrrrrrrr.........
.........lllllllllssssssssssssssssssssssssssssrrrrrrrrr.........
..........llllllllssssssssssssssssssssssssssssrrrrrrrr..........
..........llllllllssssssssssssssssssssssssssssrrrrrrr...........
...........lllllllssssssssssssssssssssssssssssrrrrrrr...........
............llllllssssssssssssssssssssssssssssrrrrrr............
..........llllllllssssssssssssssssssssssssssssrrrrrrrr..........
.........lllllllllssssssssssssssssssssssssssssrrrrrrrrr.........
........llllllllllssssssssssssssssssssssssssssrrrrrrrrrr........
......llllllllllllssssssssssssssssssssssssssssrrrrrrrrrrrr......
.....lllllllllllllssssssssssssssssssssssssssssrrrrrrrrrrrrr.....
.....lllllllllllllssssssssssssssssssssssssssssrrrrrrrrrrrrr.....
.....lllllllllllllshhhhhhhhhhhhhhhhhhhhhhhhhhsrrrrrrrrrrrrr.....
.....lllllllllllllshhhhhhhhhhhhhhhhhhhhhhhhhhsrrrrrrrrrrrrr.....
......lll..lllllllshhhhhhhhhhhhhhhhhhhhhhhhhhsrrrrrrr.rrrr......
...........lllllllshhhhhhhhhhhhhhhhhhhhhhhhhhsrrrrrrr...........
...........lllllllshhhhhhhhhhhhhhhhhhhhhhhhhhsrrrrrrr...........
.........lllllllllshh..hhhhhhhhhhhhhhhhhh..hhsrrrrrrrrr.........
.........lllllllllshh...hhhhhhhhhhhhhhhh...hhsrrrrrrrrr.........
.........lllllllllshh....hhhhhhhhhhhhhh....hhsrrrrrrrrr.........
.........lllllllllshh.....hhhhhhhhhhhh.....hhsrrrrrrrrr.........
.........lllllllllshh......hhhhhhhhhh......hhsrrrrrrrrr.........
.........lllllllllsh........hhhhhhhh........hsrrrrrrrrr.........
................................................................
................................................................
................................................................
................................................................
................................................................
................................................................
................................................................
................................................................
................................................................
................................................................
................................................................
