# enemy_rusher_n_windup: one letter per part (s=shell h=head l=leg_l r=leg_r). Edit freely; sprite:split reads it.
................................................................
................................................................
................................................................
................................................................
................................................................
................................................................
................................................................
................................................................
................................................................
................................................................
................................................................
................................................................
..............................sssss.............................
............................ssssssss............................
...........................ssssssssss...........................
.........................ssssssssssssss.........................
..................sss...sssssssssssssssss..sss..................
.................ssssssssssssssssssssssssssssss.................
................ssssssssssssssssssssssssssssssss................
...............ssssssssssssssssssssssssssssssssss...............
..............ssssssssssssssssssssssssssssssssssss..............
.............ssssssssssssssssssssssssssssssssssssss.............
.............ssssssssssssssssssssssssssssssssssssss.............
.............ssssssssssssssssssssssssssssssssssssss.............
............ssssssssssssssssssssssssssssssssssssssss............
...........ssssssssssssssssssssssssssssssssssssssssss...........
..........ssssssssssssssssssssssssssssssssssssssssssss..........
.........ssssssssssssssssssssssssssssssssssssssssssssss.........
.........sssssssssssssssssssssssssssssssssssssssssssssss........
........ssssssssssssssssssssssssssssssssssssssssssssssss........
.......ssssssssssssssssssssssssssssssssssssssssssssssssss.......
.......ssssssssssssssssssssssssssssssssssssssssssssssssss.......
.......ssssssssssssssssssssssssssssssssssssssssssssssssss.......
......ssssssssssssssssssssssssssssssssssssssssssssssssssss......
......sssssssssssssssssssssssssssssssssssssssssssssssssssss.....
.....lllllllllllllllssssssssssssssssssssssssrrrrrrrrrrrrrrr.....
.....lllllllllllllllssssssssssssssssssssssssrrrrrrrrrrrrrrr.....
.....lllllllllllllllssssssssssssssssssssssssrrrrrrrrrrrrrrr.....
......llllllllllllllssssssssssssssssssssssssrrrrrrrrrrrrrrr.....
.......lllllllllllllssssssssssssssssssssssssrrrrrrrrrrrrrr......
......llllllllllllllssssssssssssssssssssssssrrrrrrrrrrrrrr......
......llllllllllllllssssssssssssssssssssssssrrrrrrrrrrrrrrr.....
......llllllllllllllssssssssssssssssssssssssrrrrrrrrrrrrrrr.....
......llllllllllllllssssssssssssssssssssssssrrrrrrrrrrrrrrr.....
......llllllllllllllssssssssssssssssssssssssrrrrrrrrrrrrrrr.....
......llllllllllllllsssssss..ssssss...ssssssrrrrrrrrrrrrrrr.....
...........lllllllllsssssss...sssss...ssssssrrrrrrrrrr..........
...........lllllllllssssss.....sss.....sssssrrrrrrrrrr..........
...........lllllllllsssss..............sssssrrrrrrrrrr..........
...........lllllllllssss.................sssrrrrrrrrrr..........
...........lllllllllssss..................ssrrrrrrrrrr..........
...........lllllllllsss....................srrrrrrrrr...........
................................................................
................................................................
................................................................
................................................................
................................................................
................................................................
................................................................
................................................................
................................................................
................................................................
................................................................
................................................................
