# enemy_rusher_w_dormant: one letter per part (s=shell h=head l=leg_l r=leg_r). Edit freely; sprite:split reads it.
................................................................
................................................................
................................................................
................................................................
................................................................
................................................................
................................................................
................................................................
................................................................
................................................................
................................................................
................................................................
................................................................
................................................................
.............................sss................................
............................sssss...............................
............................sssss..........sss..................
...........................sssssss........sssss.................
...........................sssssss.......ssssss.................
..........................sssssssss....ssssssss.................
.........................ssssssssss...sssssssss.................
...............ssss......ssssssssssssssssssssss.................
..............sssssss...sssssssssssssssssssssss....sss..........
..............ssssssss.ssssssssssssssssssssssss...sssss.........
..............sssssssssssssssssssssssssssssssss.sssssss.........
..............sssssssssssssssssssssssssssssssssssssssss.........
..............sssssssssssssssssssssssssssssssssssssssss.........
............sssssssssssssssssssssssssssssssssssssssssss.........
..........sssssssssssssssssssssssssssssssssssssssssssss.........
.........sssssssssssssssssssssssssssssssssssssssssssss..........
........hhhhhhhhhsssssssssssssssssssssssssssssssssssss..........
.......hhhhhhhhhhssssssssssssssssssssssssssssssssssss...........
......hhhhhhhhhhhsssssssssssssssssssssssssssssssssssss..........
.....hhhhhhhhhhhhssssssssssssssssssssssssssssssssssssssss.......
....hhhhhhhhhhhhhsssssssssssssssssssssssssssssssssssssssss......
....hhhhhhhhhhhhhssssssssssssssssssssssssssssssssssssssssss.....
....hhhhhhhhhhhhhssssssssssssssssssssssssssssssssssssssssss.....
....hhhhhhhhhhhhhsssssssssssssssssssssssssssssssssssssssssss....
....hhhhhhhhhhhhhsssssssssssssssssssssssssssssssssssssssssss....
....hhhhhhhhhhhhhsssssssssssssssssssssssssssssssssssssssssss....
....hhhhhhhhhhhhhllllllllllllllssssssrrrrrrrrrrrrrrrrsssssss....
.....hhhhhhhhhhhhllllllllllllllssssssrrrrrrrrrrrrrrrrsssssss....
......hhhhhhhhhhhllllllllllllllssssssrrrrrrrrrrrrrrrrssssss.....
.......hhhhhhhhhhllllllllllllllssssssrrrrrrrrrrrrrrrrsss........
.......hhhhhhhhhhllllllllllllllssssssrrrrrrrrrrrrrrrrssss.......
........hhhhhhhhhllllllllllllllssssssrrrrrrrrrrrrrrrrssss.......
.........hhhhhhhhllllllllllllllssssssrr...rrrrrrrrrrrssss.......
..........ssssllll.llllllllllllssss.......rrrrrrrrrrrssss.......
...........ssslll..llllllllllllssss.......rrrrrrrrrrrsss........
....................lllllllllllsss.........rrrrrrrrrrss.........
................................................................
................................................................
................................................................
................................................................
................................................................
................................................................
................................................................
................................................................
................................................................
................................................................
................................................................
................................................................
................................................................
................................................................
