# enemy_rusher_s_windup: one letter per part (s=shell h=head l=leg_l r=leg_r). Edit freely; sprite:split reads it.
................................................................
................................................................
................................................................
................................................................
................................................................
................................................................
................................................................
................................................................
................................................................
................................................................
................................................................
................................................................
................................................................
................................................................
.............................ssssss.............................
............................ssssssss............................
...........................ssssssssss...........................
..................sss....ssssssssssssss....ss...................
..................ssss.sssssssssssssssssssssss..................
.................ssssssssssssssssssssssssssssss.................
................ssssssssssssssssssssssssssssssss................
...............ssssssssssssssssssssssssssssssssss...............
..............ssssssssssssssssssssssssssssssssssss..............
..............ssssssssssssssssssssssssssssssssssss..............
..............ssssssssssssssssssssssssssssssssssss..............
.............ssssssssssssssssssssssssssssssssssssss.............
............llllllssssssssssssssssssssssssssssrrrrrrr...........
...........lllllllssssssssssssssssssssssssssssrrrrrrr...........
..........llllllllssssssssssssssssssssssssssssrrrrrrrr..........
..........llllllllssssssssssssssssssssssssssssrrrrrrrrr.........
........llllllllllssssssssssssssssssssssssssssrrrrrrrrrr........
........llllllllllssssssssssssssssssssssssssssrrrrrrrrrr........
........llllllllllssssssssssssssssssssssssssssrrrrrrrrrr........
.......lllllllllllssssssssssssssssssssssssssssrrrrrrrrrrr.......
......llllllllllllssssssssssssssssssssssssssssrrrrrrrrrrrr......
......llllllllllllssssssssssssssssssssssssssssrrrrrrrrrrrr......
......llllllllllllssssssssssssssssssssssssssssrrrrrrrrrrrr......
......llllllllllllssssssssssssssssssssssssssssrrrrrrrrrrrr......
......llllllllllllssssssssssssssssssssssssssssrrrrrrrrrrrr......
.......lllllllllllssssssssssssssssssssssssssssrrrrrrrrrrr.......
.......lllllllllllssssssssssssssssssssssssssssrrrrrrrrrrr.......
.......lllllllllllshhhhhhhhhhhhhhhhhhhhhhhhhhsrrrrrrrrrrr.......
.......lllllllllllshhhhhhhhhhhhhhhhhhhhhhhhhhsrrrrrrrrrrr.......
......llllllllllllshhhhhhhhhhhhhhhhhhhhhhhhhhsrrrrrrrrrrrr......
......llllllllllll...hhhhhhhhhhhhhhhhhhhhhh..srrrrrrrrrrrr......
.....llllllllllllls...hhhhhhhhhhhhhhhhhhhh..hsrrrrrrrrrrrrr.....
.....llllllllllllls...hhhhhhhhhhhhhhhhhhh...hsrrrrrrrrrrrrr.....
.....llllllllllllls....hhhhhhhhhhhhhhhhh....hsrrrrrrrrrrrrr.....
.....llllllllllllls.....hhhhhhhhhhhhhhh.....hsrrrrrrrrrrrrr.....
......lllllllllllls.......hhhhhhhhhhhh.......srrrrrrrrrrrr......
...........................hhhhhhhhhh...........................
................................................................
................................................................
................................................................
................................................................
................................................................
................................................................
................................................................
................................................................
................................................................
................................................................
................................................................
................................................................
................................................................
