# enemy_tank_w_idle0: one letter per part (t=torso f=foot_l o=foot_r a=arm_l r=arm_r h=head). Edit freely; sprite:split reads it.
................................................................................................
................................................................................................
................................................................................................
................................................................................................
................................................................................................
......................................hhh.......hhhhhhhh........................................
......................................hhh......hhhhhhhhh........................................
..........................tttt......thhhhhh...hhhhhhhhhhhh......................................
..........................tttt......thhhhhh...hhhhhhhhhhhhht....................................
........................aaaaaaa.....thhhhhhhhhhhhhhhhhhhhhhttt..................................
.......................aaaaaaaat....thhhhhhhhhhhhhhhhhhhhhhttttt................................
.....................aaaaaaaaaat....thhhhhhhhhhhhhhhhhhhhhhttttt................................
.....................aaaaaaaaaat....thhhhhhhhhhhhhhhhhhhhhhtttttt...............................
...................aaaaaaaaaaaatttt.thhhhhhhhhhhhhhhhhhhhhhttttttrr.............................
...................aaaaaaaaaaaatttttthhhhhhhhhhhhhhhhhhhhhhttttttrr.............................
..................aaaaaaaaaaaaatttttthhhhhhhhhhhhhhhhhhhhhhttttttrrr............................
.................aaaaaaaaaaaaaatttttthhhhhhhhhhhhhhhhhhhhhhttttttrrrr...........................
................aaaaaaaaaaaaaaatttttthhhhhhhhhhhhhhhhhhhhhhttttttrrrr...........................
...............aaaaaaaaaaaaaaaatttttthhhhhhhhhhhhhhhhhhhhhhttttttrrrr...........................
...............aaaaaaaaaaaaaaaatttttthhhhhhhhhhhhhhhhhhhhhhttttttrrrrrr.........................
...............aaaaaaaaaaaaaaaatttttthhhhhhhhhhhhhhhhhhhhhhttttttrrrrrrr........................
..............aaaaaaaaaaaaaaaaatttttthhhhhhhhhhhhhhhhhhhhhhttttttrrrrrrr........................
.............aaaaaaaaaaaaaaaaaatttttthhhhhhhhhhhhhhhhhhhhhhttttttrrrrrrrrr......................
............aaaaaaaaaaaaaaaaaaatttttthhhhhhhhhhhhhhhhhhhhhhttttttrrrrrrrrr......................
............aaaaaaaaaaaaaaaaaaatttttthhhhhhhhhhhhhhhhhhhhhhttttttrrrrrrrrr......................
............aaaaaaaaaaaaaaaaaaatttttthhhhhhhhhhhhhhhhhhhhhhttttttrrrrrrrrr......................
............aaaaaaaaaaaaaaaaaaatttttthhhhhhhhhhhhhhhhhhhhhhttttttrrrrrrrrr......................
............aaaaaaaaaaaaaaaaaaatttttthhhhhhhhhhhhhhhhhhhhhhttttttrrrrrrrrr......................
............aaaaaaaaaaaaaaaaaaatttttthhhhhhhhhhhhhhhhhhhhhhttttttrrrrrrrrr......................
............aaaaaaaaaaaaaaaaaaatttttthhhhhhhhhhhhhhhhhhhhhhttttttrrrrrrrrr......................
............aaaaaaaaaaaaaaaaaaatttttthhhhhhhhhhhhhhhhhhhhhhttttttrrrrrrrrr......................
............aaaaaaaaaaaaaaaaaaatttttthhhhhhhhhhhhhhhhhhhhhhttttttrrrrrrrrr......................
............aaaaaaaaaaaaaaaaaaatttttthhhhhhhhhhhhhhhhhhhhhhttttttrrrrrrrrr......................
............aaaaaaaaaaaaaaaaaaatttttthhhhhhhhhhhhhhhhhhhhhhttttttrrrrrrrrrrr....................
............aaaaaaaaaaaaaaaaaaatttttthhhhhhhhhhhhhhhhhhhhhhttttttrrrrrrrrrrr....................
............aaaaaaaaaaaaaaaaaaatttttthhhhhhhhhhhhhhhhhhhhhhttttttrrrrrrrrrrr....................
............aaaaaaaaaaaaaaaaaaatttttthhhhhhhhhhhhhhhhhhhhhhttttttrrrrrrrrrrr....................
............aaaaaaaaaaaaaaaaaaatttttthhhhhhhhhhhhhhhhhhhhhhttttttrrrrrrrrrrr....................
............aaaaaaaaaaaaaaaaaaatttttthhhhhhhhhhhhhhhhhhhhhhttttttrrrrrrrrrrr....................
............aaaaaaaaaaaaaaaaaaatttttthhhhhhhhhhhhhhhhhhhhhhttttttrrrrrrrrrrr....................
............aaaaaaaaaaaaaaaaaaatttttthhhhhhhhhhhhhhhhhhhhhhttttttrrrrrrrrrrr....................
............aaaaaaaaaaaaaaaaaaatttttthhhhhhhhhhhhhhhhhhhhhhttttttrrrrrrrrrr.....................
...............aaaaaaaaaaaaaaaattttttttttttttttttttttttttttttttttrrrrrrrrrr.....................
...............aaaaaaaaaaaaaaaattttttttttttttttttttttttttttttttttrrrrrrrrrr.....................
.................aaaaaaaaaaaaaattttttttttttttttttttttttttttttttttrrrrrrrrrr.....................
..................aaaaaaaaaaaaattttttttttttttttttttttttttttttttttrrrrrrrrrrr....................
..................aaaaaaaaaaaaattttttttttttttttttttttttttttttttttrrrrrrrrrrrr...................
...................aaaaaaaaaaaattttttttttttttttttttttttttttttttttrrrrrrrrrrrr...................
....................aaaaaaaaaaattttttttttttttttttttttttttttttttttrrrrrrrrrrrr...................
.....................aaaaaaaaaattttttttttttttttttttttttttttttttttrrrrrrrrrrrr...................
......................aaaaaaaaattttttttttttttttttttttttttttttttttrrrrrrrrrrrr...................
.......................aaaaaaaattttttttttttttttttttttttttttttttttrrrrrrrrrrrr...................
........................aaaaaaattttttttttttttttttttttttttttttttttrrrrrrrrrrrrr..................
.......................aaaaaaaattttttttttttttttttttttttttttttttttrrrrrrrrrrrrrr.................
.......................aaaaaaaattttttttttttttttttttttttttttttttttrrrrrrrrrrrrrr.................
.......................aaaaaaaattttttttttttttttttttttttttttttttttrrrrrrrrrrrrrr.................
.......................aaaaaaaattttttttttttttttttttttttttttttttttrrrrrrrrrrrrrr.................
.....................aaaaaaaaaattttttttttttttttttttttttttttttttttrrrrrrrrrrrrrr.................
.....................aaaaaaaaaattttttttttttttttttttttttttttttttttrrrrrrrrrrrrrr.................
.....................aaaaaaaaaattttttttttttttttttttttttttttttttttrrrrrrrrrrrrrr.................
.....................aaaaaaaaaattttttttttttttttttttttttttttttttttrrrrrrrrrrrrrr.................
.....................aaaaaaaaaattttttttttttttttttttttttttttttttttrrrrrrrrrrrrrrrr...............
.....................aaaaaaaaaattttttttttttttttttttttttttttttttttrrrrrrrrrrrrrrrr...............
.....................aaaaaaaaaattttttttttttttttttttttttttttttttttrrrrrrrrrrrrrrrr...............
....................aaaaaaaaaaattttttttttttttttttttttttttttttttttrrrrrrrrrrrrrrrr...............
...................aafffffffffffffffffffffffttttttttooooooooooooooooooooooorrrrrr...............
...............aaaaaafffffffffffffffffffffffttttttttooooooooooooooooooooooorrrrrr...............
...............aaaaaafffffffffffffffffffffffttttttttooooooooooooooooooooooorrrrrr...............
.............aaaaaaaafffffffffffffffffffffffttttttttooooooooooooooooooooooorrrrrr...............
.............aaaaaaaafffffffffffffffffffffffttttttttooooooooooooooooooooooorrrrrr...............
.............aaaaaaaafffffffffffffffffffffffttttttttooooooooooooooooooooooorrrrrr...............
...........aaaaaaaaaafffffffffffffffffffffffttttttttoooooooo..ooooooooooooorrrrrr...............
...........aaaaaaaaaafffffffffffffffffffffffttttttttooooooo...ooooooooooooorrrrrrr..............
...........aaaaaaaaaaffffffffffffffffff.ffffttttttttoooooooo..ooooooooooooorrrrrrrr.............
...........aaaaaaaaaaffffffffffffffffff..fffttttttttoooooooo..ooooooooooooorrrrrrrr.............
...........aaaaaaaaaaffffffffffffffff....fffttttttttoooooooo..ooooooooooooorrrrrrrr.............
...........aaaaaaaaaaffffffffffffffff....fffttttttttooooooooooooooooooooooorrrrrrrrrr...........
...........aaaaaaaaaafffffffffffffff......ffttttttttooooooooooooooooooooooorrrrrrrrrr...........
...........aaaaaaaaaafffffffffffffff.......fttttttttooooooooooo..oooooooooorrrrrrrrrr...........
...........aaaaaaaaaafffffffffffffff.......fttttttttooooooooooo..oooooooooorrrrrrrrrr...........
...........aaaaaaaaaafffffffffffffff.........tttttttooooooooooo....oooooooorrrrrrrrrr...........
...........aaaaaaaaaaffffffffffffff.........ttttttttooooooooooo....oooooooorrrr.rrr.............
...........aaaaaaaaaaffffffffffffff........fttttttttoooooooooooo....ooooooorrr...rr.............
...........ttttttttttfffffffffffff........ffttttttttooooooooooooo.....ooooottt..................
.............ttttttttffffffffffff........fffttttttttooooooooooooo.....ooooottt..................
.............ttttttttfffffffffff.........fffttttttttoooooooooooooo......ooott...................
...............ttttttffffffffff........fffffttttttttoooooooooooooo......ooot....................
................tttttfffffff...........fffffttttttttoooooooooooooo..............................
....................tfffff.............fffffttttttttoooooooooooooo..............................
.....................ffff..............fffffttttttttooooooooooooo...............................
.......................................fffffttttttttoooooooooooo................................
................................................................................................
................................................................................................
................................................................................................
................................................................................................
................................................................................................
