# enemy_tank_s_windup: one letter per part (t=torso f=foot_l o=foot_r a=arm_l r=arm_r h=head). Edit freely; sprite:split reads it.
................................................................................................
................................................................................................
................................................................................................
................................................................................................
................................................................................................
........................................hhhh....................................................
......................................hhhhhh....................................................
.....................................hhhhhhh....................................................
....................................hhhhhhh.....................................................
...................................thhhhhhh.........................rrr.........................
..................................tthhhhhh.........................rrrrr........................
.................................ttthhhhhh..........hhhh...........rrrrrrr......................
.................................ttthhhhhh........hhhhhh............rrrrrr......................
................................tttthhhhhh......hhhhhhhhh...........rrrrrrr.....................
................................tttthhhhhh....hhhhhhhhhhhhh.........rrrrrrrr....................
................................tttthhhhhh...hhhhhhhhhhhhhhh........rrrrrrrr....................
................................tttthhhhhhh.hhhhhhhhhhhhhhhht.......rrrrrrrrr...................
................................tttthhhhhhhhhhhhhhhhhhhhhhhhtt......rrrrrrrrr...................
................................tttthhhhhhhhhhhhhhhhhhhhhhhhtt......rrrrrrrrr...................
................................tttthhhhhhhhhhhhhhhhhhhhhhhhttt....rrrrrrrrrr...................
................................tttthhhhhhhhhhhhhhhhhhhhhhhhttt...rrrrrrrrrrr...................
................................tttthhhhhhhhhhhhhhhhhhhhhhhhttttttrrrrrrrrrrr...................
.................................ttthhhhhhhhhhhhhhhhhhhhhhhhttttttrrrrrrrrrrr...................
................................tttthhhhhhhhhhhhhhhhhhhhhhhhttttttrrrrrrrrrrr...................
............................aaattttthhhhhhhhhhhhhhhhhhhhhhhhttttttrrrrrrrrrrr...................
..........................aaaaattttthhhhhhhhhhhhhhhhhhhhhhhhttttttrrrrrrrrrrr...................
........................aaaaaaattttthhhhhhhhhhhhhhhhhhhhhhhhttttttrrrrrrrrrr....................
.......................aaaaaaaattttthhhhhhhhhhhhhhhhhhhhhhhhttttttrrrrrrrrrr....................
......................aaaaaaaaattttthhhhhhhhhhhhhhhhhhhhhhhhttttttrrrrrrrrr.....................
.....................aaaaaaaaaattttthhhhhhhhhhhhhhhhhhhhhhhhttttttrrrrrrrrr.....................
....................aaaaaaaaaaattttthhhhhhhhhhhhhhhhhhhhhhhhttttttrrrrrrrrrrr...................
...................aaaaaaaaaaaattttthhhhhhhhhhhhhhhhhhhhhhhhttttttrrrrrrrrrrrrr.................
...................aaaaaaaaaaaattttthhhhhhhhhhhhhhhhhhhhhhhhttttttrrrrrrrrrrrrrr................
...................aaaaaaaaaaaattttthhhhhhhhhhhhhhhhhhhhhhhhttttttrrrrrrrrrrrrrrr...............
...................aaaaaaaaaaaattttthhhhhhhhhhhhhhhhhhhhhhhhttttttrrrrrrrrrrrrrrr...............
.................aaaaaaaaaaaaaattttthhhhhhhhhhhhhhhhhhhhhhhhttttttrrrrrrrrrrrrrrrr..............
...............aaaaaaaaaaaaaaaattttthhhhhhhhhhhhhhhhhhhhhhhhttttttrrrrrrrrrrrrrrrrr.............
..............aaaaaaaaaaaaaaaaattttthhhhhhhhhhhhhhhhhhhhhhhhttttttrrrrrrrrrrrrrrrrr.............
.............aaaaaaaaaaaaaaaaaattttthhhhhhhhhhhhhhhhhhhhhhhhttttttrrrrrrrrrrrrrrrrrr............
............aaaaaaaaaaaaaaaaaaattttthhhhhhhhhhhhhhhhhhhhhhhhttttttrrrrrrrrrrrrrrrrrr............
...........aaaaaaaaaaaaaaaaaaaattttthhhhhhhhhhhhhhhhhhhhhhhhttttttrrrrrrrrrrrrrrrrrr............
...........aaaaaaaaaaaaaaaaaaaattttthhhhhhhhhhhhhhhhhhhhhhhhttttttrrrrrrrrrrrrrrrrrr............
..........aaaaaaaaaaaaaaaaaaaaatttttttttttttttttttttttttttttttttttrrrrrrrrrrrrrrrrrr............
..........aaaaaaaaaaaaaaaaaaaaatttttttttttttttttttttttttttttttttttrrrrrrrrrrrrrrrrrr............
..........aaaaaaaaaaaaaaaaaaaaatttttttttttttttttttttttttttttttttttrrrrrrrrrrrrrrrrrrr...........
..........aaaaaaaaaaaaaaaaaaaaatttttttttttttttttttttttttttttttttttrrrrrrrrrrrrrrrrrrrr..........
..........aaaaaaaaaaaaaaaaaaaaatttttttttttttttttttttttttttttttttttrrrrrrrrrrrrrrrrrrrr..........
..........aaaaaaaaaaaaaaaaaaaaatttttttttttttttttttttttttttttttttttrrrrrrrrrrrrrrrrrrrr..........
..........aaaaaaaaaaaaaaaaaaaaatttttttttttttttttttttttttttttttttttrrrrrrrrrrrrrrrrrrrr..........
..........aaaaaaaaaaaaaaaaaaaaatttttttttttttttttttttttttttttttttttrrrrrrrrrrrrrrrrrrrr..........
...........aaaaaaaaaaaaaaaaaaaatttttttttttttttttttttttttttttttttttrrrrrrrrrrrrrrrrrrr...........
...........aaaaaaaaaaaaaaaaaaaatttttttttttttttttttttttttttttttttttrrrrrrrrrrrrrrrrrr............
............aaaaaaaaaaaaaaaaaaatttttttttttttttttttttttttttttttttttrrrrrrrrrrrrrrrr..............
.............aaaaaaaaaaaaaaaaaatttttttttttttttttttttttttttttttttttrrrrrrrrrrrrrrr...............
..............aaaaaaaaaa.aaaaaatttttttttttttttttttttttttttttttttttrrrrrrrrrrrrrrr...............
................aaaaaaa..aaaaaatttttttttttttttttttttttttttttttttttrrrrrrrrrrrrrr................
........................aaaaaaatttttttttttttttttttttttttttttttttttrrrrrrrrrrrrrr................
........................aaaaaaatttttttttttttttttttttttttttttttttttrrrrrrrrrrrrr.................
........................aaaaaaatttttttttttttttttttttttttttttttttttrrrrrrrrrrrr..................
.........................aaaaaatttttttttttttttttttttttttttttttttttrrrrrrrrrrrr..................
........................aaaaaaatttttttttttttttttttttttttttttttttttrrrrrrrrrrr...................
.......................aaaaaaaatttttttttttttttttttttttttttttttttttrrrrrrrrrr....................
......................aaaaaaaaatttttttttttttttttttttttttttttttttttrrrrrrrrr.....................
.....................aaaaaaaaaatttttttttttttttttttttttttttttttttttrrrrrrrr......................
....................aaaaaaaaaaatttttttttttttttttttttttttttttttttttrrrrrrrr......................
...................aafffffffffffffffffffffffttttttttooooooooooooooooooooo.......................
...................aafffffffffffffffffffffffttttttttooooooooooooooooooooo.......................
...................aafffffffffffffffffffffffttttttttoooooooooooooooooooooo......................
...................aafffffffffffffffffffffffttttttttoooooooooooooooooooooo......................
..................aaafffffffffffffffffffffffttttttttooooooooooooooooooooooo.....................
..................aaafffffffffffffffffffffffttttttttoooooooooooooooooooooooo....................
..................aaafffffffffffffffffffffffttttttttoooooooooooooooooooooooor...................
..................aaaffffffffffffffffffff.ffttttttttoooooooooooooooooooooooorr..................
..................aaafffffffffffffffff......ttttttttoooooooooooooooooooooooorrr.................
..................aaaffffffffffffffffff......tttttttoooooooooooooooooooooooorrr.................
...................aaffffffffffffffffff.......tttttto...oooooooooooooooooooorrrr................
...................aaffffffffffffffffff.........tttto....ooooooooooooooooooorrrr................
...................aaffffffffffffffffff...........tt......oooooooooooooooooorrrrr...............
...................aaffffffffffffffffff...................oooooooooooooooooorrrrrr..............
...................aaffffffffffffffffff...................oooooooooooooooooorrrrrr..............
.................aaaaffffffffffffffffff....................ooooooooooooooooorrrrrrr.............
................aaaaafffffffffffffffffff...................ooooooooooooooooorrrrrrrr............
...............aaaaaafffffffffffffffffff....................oooooooooooooooorrrrrrrrr...........
..............tttttttffffffffffffffffffff.....................oooooooooooooottttttttt...........
..............tttttttfffffffffffffffffff......................oooooooooooooottttttttt...........
.............ttttttttfffffffffffffffffff.....................ooooooooooooooottttttttt...........
.............ttttttttffffffffffffffffffff....................ooooooooooooooottttttttt...........
.............ttttttttffffffffffffffff........................ooooooooooooooottttttttt...........
..............tttttttfffffffff................................oooooooooooooottttttttt...........
..............................................................oooooooooooooottttttttt...........
..................................................................oooooooooottttttttt...........
................................................................................................
................................................................................................
................................................................................................
................................................................................................
................................................................................................
