# enemy_tank_s_cleave_shock: one letter per part (t=torso f=foot_l o=foot_r a=arm_l r=arm_r h=head). Edit freely; sprite:split reads it.
................................................................................................
................................................................................................
................................................................................................
................................................................................................
................................................................................................
................................................................................................
.....................................hhhhh......................................................
....................................hhhhhh......................................................
..................................thhhhhhh......................................................
.................................tthhhhhh.......................................................
................................ttthhhhh.........................ttt............................
...............................tttthhhhh........................ttttr...........................
...............................tttthhhh..........hhhh...........ttttrr..........................
..............................ttttthhhh........hhhhhhh..........ttttrrr.........................
..............................ttttthhhh......hhhhhhhhhh..........tttrrrr........................
.............................tttttthhhh.....hhhhhhhhhhhh.........tttrrrr........................
.............................tttttthhhhh..hhhhhhhhhhhhhhh........tttrrrr........................
.............................tttttthhhhhhhhhhhhhhhhhhhhhhh.......tttrrrrr.......................
.............................tttttthhhhhhhhhhhhhhhhhhhhhhhhhht..ttttrrrrr.......................
.............................tttttthhhhhhhhhhhhhhhhhhhhhhhhhhtttttttrrrrrr......................
..........................aattttttthhhhhhhhhhhhhhhhhhhhhhhhhhtttttttrrrrrr......................
.......................aaaaattttttthhhhhhhhhhhhhhhhhhhhhhhhhhtttttttrrrrrr......................
....................aaaaaaaattttttthhhhhhhhhhhhhhhhhhhhhhhhhhtttttttrrrrrr......................
...................aaaaaaaaattttttthhhhhhhhhhhhhhhhhhhhhhhhhhtttttttrrrrr.......................
.................aaaaaaaaaaattttttthhhhhhhhhhhhhhhhhhhhhhhhhhtttttttrrrrr.......................
................aaaaaaaaaaaattttttthhhhhhhhhhhhhhhhhhhhhhhhhhtttttttrrrrrrr.....................
...............aaaaaaaaaaaaattttttthhhhhhhhhhhhhhhhhhhhhhhhhhtttttttrrrrrrrrr...................
...............aaaaaaaaaaaaattttttthhhhhhhhhhhhhhhhhhhhhhhhhhtttttttrrrrrrrrrr..................
..............aaaaaaaaaaaaaattttttthhhhhhhhhhhhhhhhhhhhhhhhhhtttttttrrrrrrrrrrr.................
.............aaaaaaaaaaaaaaattttttthhhhhhhhhhhhhhhhhhhhhhhhhhtttttttrrrrrrrrrrrr................
............aaaaaaaaaaaaaaaattttttthhhhhhhhhhhhhhhhhhhhhhhhhhtttttttrrrrrrrrrrrrr...............
............aaaaaaaaaaaaaaaattttttthhhhhhhhhhhhhhhhhhhhhhhhhhtttttttrrrrrrrrrrrrr...............
...........aaaaaaaaaaaaaaaaattttttthhhhhhhhhhhhhhhhhhhhhhhhhhtttttttrrrrrrrrrrrrrr..............
...........aaaaaaaaaaaaaaaaattttttthhhhhhhhhhhhhhhhhhhhhhhhhhtttttttrrrrrrrrrrrrrr..............
...........aaaaaaaaaaaaaaaaattttttthhhhhhhhhhhhhhhhhhhhhhhhhhtttttttrrrrrrrrrrrrrr..............
...........aaaaaaaaaaaaaaaaattttttthhhhhhhhhhhhhhhhhhhhhhhhhhtttttttrrrrrrrrrrrrrr..............
...........aaaaaaaaaaaaaaaaattttttthhhhhhhhhhhhhhhhhhhhhhhhhhtttttttrrrrrrrrrrrrrr..............
..........aaaaaaaaaaaaaaaaaattttttthhhhhhhhhhhhhhhhhhhhhhhhhhtttttttrrrrrrrrrrrrrrr.............
.........aaaaaaaaaaaaaaaaaaattttttthhhhhhhhhhhhhhhhhhhhhhhhhhtttttttrrrrrrrrrrrrrrrr............
........aaaaaaaaaaaaaaaaaaaattttttthhhhhhhhhhhhhhhhhhhhhhhhhhtttttttrrrrrrrrrrrrrrrrrr..........
.......aaaaaaaaaaaaaaaaaaaaattttttthhhhhhhhhhhhhhhhhhhhhhhhhhtttttttrrrrrrrrrrrrrrrrrr..........
.......aaaaaaaaaaaaaaaaaaaaattttttthhhhhhhhhhhhhhhhhhhhhhhhhhtttttttrrrrrrrrrrrrrrrrrrr.........
......aaaaaaaaaaaaaaaaaaaaaattttttttttttttttttttttttttttttttttttttttrrrrrrrrrrrrrrrrrrr.........
......aaaaaaaaaaaaaaaaaaaaaattttttttttttttttttttttttttttttttttttttttrrrrrrrrrrrrrrrrrrr.........
.....aaaaaaaaaaaaaaaaaaaaaaattttttttttttttttttttttttttttttttttttttttrrrrrrrrrrrrrrrrrrrr........
.....aaaaaaaaaaaaaaaaaaaaaaattttttttttttttttttttttttttttttttttttttttrrrrrrrrrrrrrrrrrrrr........
.....aaaaaaaaaaaaaaaaaaaaaaattttttttttttttttttttttttttttttttttttttttrrrrrrrrrrrrrrrrrrrrr.......
.....aaaaaaaaaaaaaaaaaaaaaaatttttttttttttttttttttttttttttttttttt..ttrrrrrrrrrrrrrrrrrrrrr.......
.....aaaaaaaaaaaaaaaaaaaaaaatttttttttttttttttttttttttttttttttttt...trrrrrrrrrrrrrrrrrrrrrr......
......aaaaaaaaaaaaaaaaaaaaaatttttttttttttttttttttttttttttttttttt....rrrrrrrrrrrrrrrrrrrrrr......
.......aaaaaaaaaaaaaaaaaaaaatttttttttttttttttttttttttttttttttttt......rrrrrrrrrrrrrrrrrrrr......
.......aaaaaaaaaaaaaaaaaaaaattttttttttttttttttttttttttttttttttttt......rrrrrrrrrrrrrrrrrrr......
........aaaaaaaaaaaaaaaaaaaatttttttttttttttttttttttttttttttttttttt......rrrrrrrrrrrrrrrrrr......
.........aaaaaaaaaaaaaaaaaaattttttttttttttttttttttttttttttttttttttt.......rrrrrrrrrrrrrrrrr.....
..........aaaaaaaaaaaaaaaaaatttttttttttttttttttttttttttttttttttttttt.......rrrrrrrrrrrrrrrr.....
...........aaaaaaaaaaaaaaaaatttttttttttttttttttttttttttttttttttttttt........rrrrrrrrrrrrrrr.....
.............aaaaaaaaaaaaaaattttttttttttttttttttttttttttttttttttttttr.......rrrrrrrrrrrrrrr.....
................aaaaaaaaaaaattttttttttttttttttttttttttttttttttttttttrr.....rrrrrrrrrrrrrrrr.....
..................aaaaaaaaaattttttttttttttttttttttttttttttttttttttttrr.....rrrrrrrrrrrrrrr......
.......................a.aaattttttttttttttttttttttttttttttttttttttttrr.....rrrrrrrrrrrrrrr......
...........................attttttttttttttttttttttttttttttttttttttttrr......rrrrrrrrrrrrrr......
..........................aattttttttttttttttttttttttttttttttttttttttrr......rrrrrrrrrrrrrr......
..........................aattttttttttttttttttttttttttttttttttttttttr........rrrrrrrrrrrr.......
.........................aaattttttttttttttttttttttttttttttttttttttttrr........rrrrrrrrrr........
.........................aaattttttttttttttttttttttttttttttttttttttttrrr........rrrrrrrr.........
.........................ffffffffffffffffffttttttttttooooooooooooooooooo........rrrrr...........
.........................ffffffffffffffffffttttttttttoooooooooooooooooooo.......................
..........................fffffffffffffffffttttttttttooooooooooooooooooooo......................
..........................fffffffffffffffffttttttttttooooooooooooooooooooo......................
...........................ffffffffffffffffttttttttttoooooooooooooooooooooo.....................
...........................ffffffffffffffffttttttttttoooooooooooooooooooooo.....................
...........................fffffffffffffffftttt...tttoooooooooooooooooooooo.....................
..........................ffffffffffffffffftttt...tttoooooooooooooooooooooo.....................
..........................fffffffffffffffffttt....tttoooooooooooooooooooooo.....................
.........................ffffffffffffffffffttt.....ttooooooooooooooooooooo......................
.........................ffffffffffffffffffttt......toooooooooooooooooooo.......................
.........................ffffffffffffffffffttt........oooooooooooooooooo........................
........................fffffffffffffffffffttt..........oo.ooooooooooooo........................
........................ffffffffffffffffffftt...............oooooooooooo........................
........................ffffffffffffffffffftt................ooooooooooo........................
........................ffffffffffffffffffft..................oooooooooo........................
.......................fffffffffffffffffffft...................ooooooooo........................
.......................fffffffffffffffffffft.....................oooooo.........................
......................ffffffffffffffffffffft....................................................
......................ffffffffffffffffffffftt...................................................
.....................fffffffffffffffffffffftt...................................................
.....................fffffffffffffffffffffftt...................................................
.....................fffffffffffffffffffffftt...................................................
.....................fffffffffffffffffffffftt...................................................
......................ffffffffffffffffffffftt...................................................
.......................fffffffffffffffffffft....................................................
................................................................................................
................................................................................................
................................................................................................
................................................................................................
................................................................................................
