# enemy_tank_s_tele: one letter per part (t=torso f=foot_l o=foot_r a=arm_l r=arm_r h=head). Edit freely; sprite:split reads it.
................................................................................................
................................................................................................
................................................................................................
................................................................................................
................................................................................................
................................................hh..............................................
....................................tth........hhhh........ttt..................................
...................................ttthh......hhhhhh......ttttt.................................
.................................ttttthh.....hhhhhhhh.....tttttt................................
.................................ttttthh....hhhhhhhhhh....tttttrr...............................
................................attttthh..hhhhhhhhhhhhh...tttttrrr..............................
...............................aattttth..hhhhhhhhhhhhhhh...ttttrrr..............................
...............................aattttth.hhhhhhhhhhhhhhhhh..ttttrrrr.............................
...............................aattttthhhhhhhhhhhhhhhhhhhh.ttttrrrr.............................
..............................aaattttthhhhhhhhhhhhhhhhhhhhtttttrrrr.............................
..............................aaattttthhhhhhhhhhhhhhhhhhhhtttttrrrr.............................
..............................aaattttthhhhhhhhhhhhhhhhhhhhtttttrrrr.............................
...........................aaaaaattttthhhhhhhhhhhhhhhhhhhhtttttrrrrrr...........................
..........................aaaaaaattttthhhhhhhhhhhhhhhhhhhhtttttrrrrrrr..........................
.......................aaaaaaaaaattttthhhhhhhhhhhhhhhhhhhhtttttrrrrrrrrr........................
......................aaaaaaaaaaattttthhhhhhhhhhhhhhhhhhhhtttttrrrrrrrrrrr......................
.....................aaaaaaaaaaaattttthhhhhhhhhhhhhhhhhhhhtttttrrrrrrrrrrrr.....................
....................aaaaaaaaaaaaattttthhhhhhhhhhhhhhhhhhhhtttttrrrrrrrrrrrrr....................
...................aaaaaaaaaaaaaattttthhhhhhhhhhhhhhhhhhhhtttttrrrrrrrrrrrrrr...................
...................aaaaaaaaaaaaaattttthhhhhhhhhhhhhhhhhhhhtttttrrrrrrrrrrrrrrr..................
..................aaaaaaaaaaaaaaattttthhhhhhhhhhhhhhhhhhhhtttttrrrrrrrrrrrrrrr..................
.................aaaaaaaaaaaaaaaattttthhhhhhhhhhhhhhhhhhhhtttttrrrrrrrrrrrrrrrr.................
.................aaaaaaaaaaaaaaaattttthhhhhhhhhhhhhhhhhhhhtttttrrrrrrrrrrrrrrrr.................
................aaaaaaaaaaaaaaaaattttthhhhhhhhhhhhhhhhhhhhtttttrrrrrrrrrrrrrrrrr................
................aaaaaaaaaaaaaaaaattttthhhhhhhhhhhhhhhhhhhhtttttrrrrrrrrrrrrrrrrr................
................aaaaaaaaaaaaaaaaattttthhhhhhhhhhhhhhhhhhhhtttttrrrrrrrrrrrrrrrrr................
................aaaaaaaaaaaaaaaaattttthhhhhhhhhhhhhhhhhhhhtttttrrrrrrrrrrrrrrrrr................
................aaaaaaaaaaaaaaaaattttthhhhhhhhhhhhhhhhhhhhtttttrrrrrrrrrrrrrrrrr................
................aaaaaaaaaaaaaaaaattttthhhhhhhhhhhhhhhhhhhhtttttrrrrrrrrrrrrrrrrr................
................aaaaaaaaaaaaaaaaattttthhhhhhhhhhhhhhhhhhhhtttttrrrrrrrrrrrrrrrrr................
................aaaaaaaaaaaaaaaaattttthhhhhhhhhhhhhhhhhhhhtttttrrrrrrrrrrrrrrrrr................
................aaaaaaaaaaaaaaaaattttthhhhhhhhhhhhhhhhhhhhtttttrrrrrrrrrrrrrrrrr................
................aaaaaaaaaaaaaaaaattttthhhhhhhhhhhhhhhhhhhhtttttrrrrrrrrrrrrrrrrr................
.................aaaaaaaaaaaaaaaattttthhhhhhhhhhhhhhhhhhhhtttttrrrrrrrrrrrrrrrrr................
..................aaaaaaaaaaaaaaattttthhhhhhhhhhhhhhhhhhhhtttttrrrrrrrrrrrrrrr..................
....................aaaaaaaaaaaaattttthhhhhhhhhhhhhhhhhhhhtttttrrrrrrrrrrrrrr...................
....................aaaaaaaaaaaaattttthhhhhhhhhhhhhhhhhhhhtttttrrrrrrrrrrrrr....................
....................aaaaaaaaaaaaattttttttttttttttttttttttttttttrrrrrrrrrrrrr....................
....................aaaaaaaaaaaaattttttttttttttttttttttttttttttrrrrrrrrrrrrr....................
....................aaaaaaaaaaaaattttttttttttttttttttttttttttttrrrrrrrrrrrrr....................
....................aaaaaaaaaaaaattttttttttttttttttttttttttttttrrrrrrrrrrrrr....................
.....................aaaaaaaaaaaattttttttttttttttttttttttttttttrrrrrrrrrrrr.....................
......................aaaaaaaaaaattttttttttttttttttttttttttttttrrrrrrrrrrrr.....................
......................aaaaaaaaaaattttttttttttttttttttttttttttttrrrrrrrrrrr......................
.......................aaaaaaaaaattttttttttttttttttttttttttttttrrrrrrrrrr.......................
........................aaaaaaaaattttttttttttttttttttttttttttttrrrrrrrrrr.......................
.........................aaaaaaaattttttttttttttttttttttttttttttrrrrrrrrr........................
..........................aaaaaaattttttttttttttttttttttttttttttrrrrrrrrr........................
...........................aaaaaattttttttttttttttttttttttttttttrrrrrrrr.........................
............................aaaaattttttttttttttttttttttttttttttrrrrrr...........................
.............................aaaattttttttttttttttttttttttttttttrrrrr............................
................................attttttttttttttttttttttttttttttrr...............................
...............................aattttttttttttttttttttttttttttttrrr..............................
..............................aaattttttttttttttttttttttttttttttrrrr.............................
..............................aaattttttttttttttttttttttttttttttrrrr.............................
.............................aaaattttttttttttttttttttttttttttttrrrrr............................
............................aaaaattttttttttttttttttttttttttttttrrrrrr...........................
...........................aaaaaattttttttttttttttttttttttttttttrrrrrr...........................
..........................aaaaaaattttttttttttttttttttttttttttttrrrrrrr..........................
..........................aaaaaaattttttttttttttttttttttttttttttrrrrrrrr.........................
.........................ffffffffffffffffffffttttttoooooooooooooooooooo.........................
.........................ffffffffffffffffffffttttttoooooooooooooooooooor........................
........................affffffffffffffffffffttttttoooooooooooooooooooorr.......................
.......................aaffffffffffffffffffffttttttoooooooooooooooooooorrr......................
.......................aaffffffffffffffffffffttttttoooooooooooooooooooorrr......................
......................aaaffffffffffffffffffffttttttoooooooooooooooooooorrr......................
......................aaaffffffffffffffffffffttttttoooooooooooooooooooorrr......................
......................aaaffffffffffffffffffffttttttoooooooooooooooooooorrr......................
......................aaaffffffffffffffffffffttttttoooooooooooooooooooorrr......................
.......................aaffffffffffffffffffffttttttoooooooooooooooooooorrr......................
........................affffffffffffffffffffttttttoooooooooooooooooooorr.......................
.........................ffffffffffffffff.fffttttttoooooooooooooooooooor........................
.........................fffffffffffffff..fffttttttoooooooooooooooooooor........................
.........................fffffffffffffff..fffttttttoooooooooooooooooooor........................
.........................fffffffffffffff..fffttttttoooooooooooooooooooor........................
.........................ffffffffffffff....ffttttttoooo..oooooooooooooor........................
........................affffffffffffff....ffttttttoooo...ooooooooooooor........................
.......................aaffffffffffffff......ttttttooo....ooooooooooooorr.......................
......................tttffffffffffffff......ttttttoo....oooooooooooooottt......................
......................tttfffffffffffffff......ttttto.....ooooooooooooootttt.....................
....................tttttfffffffffffffff.......tttt......oooooooooooooottttt....................
....................tttttfffffffffffffff.......tttt......ooooooooooooootttttt...................
...................ttttttfffffffffffffff........t........oooooooooooooottttttt..................
...................ttttttfffffffffffffff.................oooooooooooooottttttt..................
...................ttttttffffffffffffff...................ooooooooooooottttttt..................
...................ttttttfffffffffffff......................ooooooooooottttttt..................
................................................................................................
................................................................................................
................................................................................................
................................................................................................
................................................................................................
