# enemy_tank_w_windup: one letter per part (t=torso f=foot_l o=foot_r a=arm_l r=arm_r h=head). Edit freely; sprite:split reads it.
................................................................................................
................................................................................................
................................................................................................
................................................................................................
................................................................................................
..................................................hhhhh.........................................
...............................................hhhhhhhhh.....ttt................................
..............................................hhhhhhhhh....htttttt..............................
.............................................hhhhhhhhhh..hhhttttttt.............................
............................................hhhhhhhhhh.hhhhhtttttrr.............................
...........................................hhhhhhhhhhhhhhhhhtttttr..............................
..........................................hhhhhhhhhhhhhhhhhhttttt...............................
..........................................hhhhhhhhhhhhhhhhhhttttt...............................
.........................................hhhhhhhhhhhhhhhhhhhtttt................................
........................................hhhhhhhhhhhhhhhhhhhhtttt................................
........................................hhhhhhhhhhhhhhhhhhhhtttt................................
.......................................hhhhhhhhhhhhhhhhhhhhhtttt................................
.......................................hhhhhhhhhhhhhhhhhhhhhtttttrrrrrrrr.......................
......................................hhhhhhhhhhhhhhhhhhhhhhtttttrrrrrrrrrrr....................
.....................................thhhhhhhhhhhhhhhhhhhhhhtttttrrrrrrrrrrrr...................
.....................................thhhhhhhhhhhhhhhhhhhhhhtttttrrrrrrrrrrrrr..................
.....................................thhhhhhhhhhhhhhhhhhhhhhtttttrrrrrrrrrrrrrr.................
......................................hhhhhhhhhhhhhhhhhhhhhhtttttrrrrrrrrrrrrrrr................
......................................hhhhhhhhhhhhhhhhhhhhhhtttttrrrrrrrrrrrrrrrr...............
......................................hhhhhhhhhhhhhhhhhhhhhhtttttrrrrrrrrrrrrrrrr...............
......................................hhhhhhhhhhhhhhhhhhhhhhtttttrrrrrrrrrrrrrrrrr..............
......................................hhhhhhhhhhhhhhhhhhhhhhtttttrrrrrrrrrrrrrrrrr..............
......................................hhhhhhhhhhhhhhhhhhhhhhtttttrrrrrrrrrrrrrrrrr..............
......................................hhhhhhhhhhhhhhhhhhhhhhtttttrrrrrrrrrrrrrrrrr..............
......................................hhhhhhhhhhhhhhhhhhhhhhtttttrrrrrrrrrrrrrrrrrr.............
.......................................hhhhhhhhhhhhhhhhhhhhhtttttrrrrrrrrrrrrrrrrrr.............
............................aaaa.......hhhhhhhhhhhhhhhhhhhhhtttttrrrrrrrrrrrrrrrrrrr............
..........................aaaaaatt.....hhhhhhhhhhhhhhhhhhhhhtttttrrrrrrrrrrrrrrrrrrr............
.........................aaaaaaattt...hhhhhhhhhhhhhhhhhhhhhhtttttrrrrrrrrrrrrrrrrrrr............
........................aaaaaaaatttt.thhhhhhhhhhhhhhhhhhhhhhtttttrrrrrrrrrrrrrrrrrrr............
.......................aaaaaaaaatttttthhhhhhhhhhhhhhhhhhhhhhtttttrrrrrrrrrrrrrrrrrrr............
......................aaaaaaaaaatttttthhhhhhhhhhhhhhhhhhhhhhtttttrrrrrrrrrrrrrrrrrrr............
.....................aaaaaaaaaaatttttthhhhhhhhhhhhhhhhhhhhhhtttttrrrrrrrrrrrrrrrrrr.............
.....................aaaaaaaaaaatttttthhhhhhhhhhhhhhhhhhhhhhtttttrrrrrrrrrrrrrrr................
.....................aaaaaaaaaaatttttthhhhhhhhhhhhhhhhhhhhhhtttttrrrrrrrrrrrrrrr................
.....................aaaaaaaaaaatttttthhhhhhhhhhhhhhhhhhhhhhtttttrrrrrrrrrrrrrrr................
.....................aaaaaaaaaaatttttthhhhhhhhhhhhhhhhhhhhhhtttttrrrrrrrrrrrrrrr................
.....................aaaaaaaaaaatttttttttttttttttttttttttttttttttrrrrrrrrrrrrrrr................
......................aaaaaaaaaatttttttttttttttttttttttttttttttttrrrrrrrrrrrrrrr................
......................aaaaaaaaaatttttttttttttttttttttttttttttttttrrrrrrrrrrrrrr.................
.......................aaaaaaaaatttttttttttttttttttttttttttttttttrrrrrrrrrrrrr..................
........................aaaaaaaatttttttttttttttttttttttttttttttttrrrrrrrrrrrrr..................
.........................aaaaaaatttttttttttttttttttttttttttttttttrrrrrrrrrrrr...................
.........................aaaaaaatttttttttttttttttttttttttttttttttrrrrrrrrrrr....................
.........................aaaaaaatttttttttttttttttttttttttttttttttrrrrrrrrrr.....................
.........................aaaaaaatttttttttttttttttttttttttttttttttrrrrrrrrr......................
..........................aaaaaatttttttttttttttttttttttttttttttttrrrrrrrrr......................
...........................aaaaatttttttttttttttttttttttttttttttttrrrrrrrrr......................
............................aaaatttttttttttttttttttttttttttttttttrrrrrrrrr......................
............................aaaatttttttttttttttttttttttttttttttttrrrrrrrrrr.....................
.............................aaatttttttttttttttttttttttttttttttttrrrrrrrrrr.....................
..............................aatttttttttttttttttttttttttttttttttrrrrrrrrrr.....................
.............................aaatttttttttttttttttttttttttttttttttrrrrrrrrrrr....................
............................aaaatttttttttttttttttttttttttttttttttrrrrrrrrrrr....................
...........................aaaaatttttttttttttttttttttttttttttttttrrrrrrrrrrr....................
...........................aaaaatttttttttttttttttttttttttttttttttrrrrrrrrrrr....................
..........................aaaaaatttttttttttttttttttttttttttttttttrrrrrrrrrrrr...................
........................aaaaaaaatttttttttttttttttttttttttttttttttrrrrrrrrrrrr...................
.......................aaaaaaaaatttttttttttttttttttttttttttttttttrrrrrrrrrrrrr..................
.......................aaaaaaaaatttttttttttttttttttttttttttttttttrrrrrrrrrrrrr..................
......................afffffffffffffffffffffftttttttoooooooooooooooooooooorrrr..................
......................afffffffffffffffffffffftttttttoooooooooooooooooooooorrrrr.................
......................afffffffffffffffffffffftttttttoooooooooooooooooooooorrrrr.................
......................afffffffffffffffffffffftttttttoooooooooooooooooooooorrrrrr................
......................afffffffffffffffffffffftttttttoooooooooooooooooooo.orrrrrr................
.......................fffffffffffffffffffffftttttttooooooooooooooooooo..orrrrrr................
.......................fffffffffffffffffffffftttttttoooooooooooooooooooo...rrrrr................
........................ffffffffffffffffffffft....ttooooooooooooooooooooo...rrrr................
.......................ffffffffffffffffffffff.....ttooooooooooooooooooooo....rrr................
.......................ffffffffffffffffffffff......toooooooooooooooooooooo......................
.......................ffffffffffffffffff.ff........oooooooooooooooooooooo......................
.......................ffffffffffffffffff............ooooooooooooooooooooo......................
......................afffffffffffffffff..............oooooooooooooooooooo......................
.....................aafffffffffffffffff..............oooooooooooooooooooor.....................
...................aaaaffffffffffffffff................ooooooooooooooooooorrr...................
.................aaaaaafffffffffffffff..................oooooooooooooooooorrr...................
...............aaaaaaaafffffffffffffff...................ooooooooooooooooorrrr..................
..............aaaaaaaaaffffffffffffffff...................oooooooooooooooorrrr..................
.............ttttttttttffffffffffffffff...................ooooooooooooooootttt..................
.............ttttttttttffffffffffffffff...................ooooooooooooooootttt..................
.............ttttttttttffffffffffffffff..................oooooooooooooooootttt..................
.............ttttttttttffffffffffffffff..................ooooooooooooooooottttt.................
.............ttttttttttffffffffffffffff.................oooooooooooooooooottttt.................
........................................................oooooooooooooooooottttt.................
........................................................ooooooooooooooooootttt..................
........................................................ooooooooooooooooootttt..................
................................................................................................
................................................................................................
................................................................................................
................................................................................................
................................................................................................
