# enemy_tank_w_tele: one letter per part (t=torso f=foot_l o=foot_r a=arm_l r=arm_r h=head). Edit freely; sprite:split reads it.
................................................................................................
................................................................................................
................................................................................................
................................................................................................
................................................................................................
...........................................hh...................................................
..........................................hhhh..................................................
.........................................hhhhhh.................................................
....................................ttth.hhhhhhh................................................
..................................atttthhhhhhhhhhh..............................................
.................................aatttthhhhhhhhhhhhh............................................
...............................aaaatttthhhhhhhhhhhhhhhhh........................................
..............................aaaaatttthhhhhhhhhhhhhhhhhht......................................
.............................aaaaaatttthhhhhhhhhhhhhhhhhhttt....................................
............................aaaaaaatttthhhhhhhhhhhhhhhhhhtttt...................................
...........................aaaaaaaatttthhhhhhhhhhhhhhhhhhttttr..................................
...........................aaaaaaaatttthhhhhhhhhhhhhhhhhhttttrrr................................
..........................aaaaaaaaatttthhhhhhhhhhhhhhhhhhttttrrrr...............................
..........................aaaaaaaaatttthhhhhhhhhhhhhhhhhhttttrrrr...............................
.........................aaaaaaaaaatttthhhhhhhhhhhhhhhhhhttttrrrrr..............................
.........................aaaaaaaaaatttthhhhhhhhhhhhhhhhhhttttrrrrr..............................
........................aaaaaaaaaaatttthhhhhhhhhhhhhhhhhhttttrrrrrr.............................
........................aaaaaaaaaaatttthhhhhhhhhhhhhhhhhhttttrrrrrr.............................
........................aaaaaaaaaaatttthhhhhhhhhhhhhhhhhhttttrrrrrrr............................
........................aaaaaaaaaaatttthhhhhhhhhhhhhhhhhhttttrrrrrrrr...........................
........................aaaaaaaaaaatttthhhhhhhhhhhhhhhhhhttttrrrrrrrrr..........................
.........................aaaaaaaaaatttthhhhhhhhhhhhhhhhhhttttrrrrrrrrr..........................
..........................aaaaaaaaatttthhhhhhhhhhhhhhhhhhttttrrrrrrrrrr.........................
..........................aaaaaaaaatttthhhhhhhhhhhhhhhhhhttttrrrrrrrrrr.........................
..........................aaaaaaaaatttthhhhhhhhhhhhhhhhhhttttrrrrrrrrrr.........................
..........................aaaaaaaaatttthhhhhhhhhhhhhhhhhhttttrrrrrrrrrr.........................
..........................aaaaaaaaatttthhhhhhhhhhhhhhhhhhttttrrrrrrrrrr.........................
...........................aaaaaaaatttthhhhhhhhhhhhhhhhhhttttrrrrrrrrrr.........................
...........................aaaaaaaatttthhhhhhhhhhhhhhhhhhttttrrrrrrrrrr.........................
............................aaaaaaatttthhhhhhhhhhhhhhhhhhttttrrrrrrrrrr.........................
............................aaaaaaatttthhhhhhhhhhhhhhhhhhttttrrrrrrrrrr.........................
...........................aaaaaaaatttthhhhhhhhhhhhhhhhhhttttrrrrrrrrr..........................
.........................aaaaaaaaaatttthhhhhhhhhhhhhhhhhhttttrrrrrrrr...........................
........................aaaaaaaaaaatttthhhhhhhhhhhhhhhhhhttttrrrrrrrr...........................
.......................aaaaaaaaaaaatttthhhhhhhhhhhhhhhhhhttttrrrrrrrr...........................
.......................aaaaaaaaaaaatttthhhhhhhhhhhhhhhhhhttttrrrrrrr............................
......................aaaaaaaaaaaaatttthhhhhhhhhhhhhhhhhhttttrrrrrrr............................
......................aaaaaaaaaaaaattttttttttttttttttttttttttrrrrrr.............................
.....................aaaaaaaaaaaaaattttttttttttttttttttttttttrrrrrr.............................
....................aaaaaaaaaaaaaaattttttttttttttttttttttttttrrrrrr.............................
....................aaaaaaaaaaaaaaattttttttttttttttttttttttttrrrrrr.............................
....................aaaaaaaaaaaaaaattttttttttttttttttttttttttrrrrrr.............................
....................aaaaaaaaaaaaaaattttttttttttttttttttttttttrrrrrrr............................
....................aaaaaaaaaaaaaaattttttttttttttttttttttttttrrrrrrr............................
....................aaaaaaaaaaaaaaattttttttttttttttttttttttttrrrrrrr............................
....................aaaaaaaaaaaaaaattttttttttttttttttttttttttrrrrrrr............................
.....................aaaaaaaaaaaaaattttttttttttttttttttttttttrrrrrrrr...........................
.....................aaaaaaaaaaaaaattttttttttttttttttttttttttrrrrrrrr...........................
......................aaaaaaaaaaaaattttttttttttttttttttttttttrrrrrrrr...........................
.......................aaaaaaaaaaaattttttttttttttttttttttttttrrrrrrrr...........................
........................aaaaaaaaaaattttttttttttttttttttttttttrrrrrrrr...........................
..........................aaaaaaaaattttttttttttttttttttttttttrrrrrrrrr..........................
..............................aaaaattttttttttttttttttttttttttrrrrrrrrrr.........................
..............................aaaaattttttttttttttttttttttttttrrrrrrrrrr.........................
..............................aaaaattttttttttttttttttttttttttrrrrrrrrrr.........................
..............................aaaaattttttttttttttttttttttttttrrrrrrrrrr.........................
..............................aaaaattttttttttttttttttttttttttrrrrrrrrrrr........................
.............................aaaaaattttttttttttttttttttttttttrrrrrrrrrrr........................
.............................aaaaaattttttttttttttttttttttttttrrrrrrrrrrr........................
.............................aaaaaattttttttttttttttttttttttttrrrrrrrrrrr........................
.............................ffffffffffffffffttttttooooooooooooooooorrrrr.......................
............................fffffffffffffffffttttttooooooooooooooooorrrrr.......................
............................fffffffffffffffffttttttooooooooooooooooorrrrr.......................
............................fffffffffffffffffttttttooooooooooooooooorrrrrr......................
............................fffffffffffffffffttttttooooooooooooooooorrrrrr......................
...........................afffffffffffffffffttttttooooooooooooooooorrrrrrr.....................
...........................afffffffffffffffffttttttooooooooooooooooorrrrrrr.....................
...........................afffffffffffffffffttttttooooooooooooooooorrrrrrr.....................
...........................afffffffffffffffffttttttooooooooooooooooorrrrrrrr....................
..........................aafffffffffffffffffttttttooooooooooooooooorrrrrrrr....................
..........................aafffffffffffffffffttttttooooooooooooooooorrrrrrrr....................
..........................aafffffffffffffffffttttttooooooooooooooooorrrrrrrr....................
..........................aafffffffffffffffffttttttooooooooooooooooorrrr.rrr....................
.........................aaafffffffffffffffffttttttooooooooooooooooorrr.........................
........................aaaafffffffffffffffffttttttooooooooooooooooorrr.........................
........................aaaaffffffff...ffffffttttttooooooooooooooooorrr.........................
........................aaaaffffff.......ffffttttttoooooooooooo.oooorrr.........................
........................aaaafffff.........fffttttttoooooooooooo...oor...........................
........................ttttff.............ffttttttoooooooooooo.................................
........................ttttf.............fffttttttoooooooooooo.................................
.........................................ffffttttttooooooooooooo................................
.........................................ffffttttttoooooooooooooo...............................
........................................fffffttttttoooooooooooooo...............................
.......................................ffffffttttttoooooooooooooo...............................
.......................................ffffffttttttoooooooooooooo...............................
.......................................ffffffttttttooooooooooooo................................
................................................................................................
................................................................................................
................................................................................................
................................................................................................
................................................................................................
