# player_w_windup: one letter per part (h=head t=torso s=arm_sword c=arm_cast l=foot_l r=foot_r f=figure m=hem). Edit freely; sprite:split reads it.
................................................................
................................................................
................................................................
................................................................
.........................hhhhhhhhh..............................
.......................hhhhhhhhhhhh.............................
.....................hhhhhhhhhhhhhhhh...........................
...................hhhhhhhhhhhhhhhhhh...........................
..................hhhhhhhhhhhhhhhhhhhh..........................
.................hhhhhhhhhhhhhhhhhhhhhh.........................
................hhhhhhhhhhhhhhhhhhhhhhhh........................
...............hhhhhhhhhhhhhhhhhhhhhhhhh........................
..............hhhhhhhhhhhhhhhhhhhhhhhhhhh.......................
.............hhhhhhhhhhhhhhhhhhhhhhhhhhhhh......................
.............hhhhhhhhhhhhhhhhhhhhhhhhhhhhh......................
.............hhhhhhhhhhhhhhhhhhhhhhhhhhhhh......................
.............hhhhhhhhhhhhhhhhhhhhhhhhhhhhhh.....................
.............hhhhhhhhhhhhhhhhhhhhhhhhhhhhhht....................
.............hhhhhhhhhhhhhhhhhhhhhhhhhhhhhht....................
..............hhhhhhhhhhhhhhhhhhhhhhhhhhhhht....................
..............hhhhhhhhhhhhhhhhhhhhhhhhhhhhht....................
...............hhhhhhhhhhhhhhhhhhhhhhhhhhhht....................
................hhhhhhhhhhhhhhhhhhhhhhhhhhh.....................
................hhhhhhhhhhhhhhhhhhhhhhhhhh......................
................hhhhhhhhhhhhhhhhhhhhhhhhh.......................
.................hhhhhhhhhhhhhhhhhhhhhhc.cccc...................
..................sssssssssssssttttttttcccccccccc...............
..................sssssssssssssttttttttccccccccccc..............
...................ssssssssssssttttttttcccccccccccc.............
.....................ssssssssssttttttttcccccccccccc.............
.....................ssssssssssttttttttcccccccccccc.............
............ssssss...ssssssssssttttttttccccccccccc..............
...........ssssssssssssssssssssttttttttcccccccccc...............
..........sssssssssssssssssssssttttttttccccccccc................
..........sssssssssssssssssssssttttttttcccccccc.................
..........sssssssssssssssssssssttttttttccccccc..................
..........ssssssssssssssssssssstttttttttttttt...................
..........ssssssssssssssssssssstttttttttt.......................
..........ssssssssssssssssssssstttttttttt.......................
...........sssssssssssssssssssstttttttttttt.....................
............sssssssssssssssssssttttttttttttt....................
.................tttttttttttttttttttttttttttttt.................
..................ttttttttttttttttttttttttttttttt...............
....................tttttttttttttttttttttttttttttt..............
...................tttttttttttttttttttttttttttttttt.............
..................ttttttttttttttttttttttttttttttttt.............
..................ttttttttttttttttttttttttttttttttt.............
..................ttttttttttttttttttttttttttttttttt.............
..................tttttttttttttttttttttttttttttttt..............
...................ttttttttttttttttttttttttttttttt..............
...................tttttttttttttttttttttttttttttttt.............
...................lllllllllllltttttrrrrrrrrrrrrrrrr............
..................llllllllllll......rrrrrrrrrrrrrrrrr...........
.................llllllllllll........rrrrrrrrrrrrrrrrr..........
................lllllllllllll............rrrrrrrrrrrrrr.........
...............llllllllllllll.............rrrrrrrrrrrrr.........
...............llllllllllllll..............rrrrrrrrrrrr.........
...............llllllllllllll..............rrrrrrrrrrrr.........
...............lllllllllllll...............rrrrrrrrrrrr.........
...............llllllllllll.................rrrrrrrrrrr.........
................................................................
................................................................
................................................................
................................................................
