# player_w_dash: one letter per part (h=head t=torso s=arm_sword c=arm_cast l=foot_l r=foot_r f=figure m=hem). Edit freely; sprite:split reads it.
................................................................
................................................................
................................................................
................................................................
................................................................
................................................................
................................................................
................................................................
................................................................
................................................................
................................................................
................................................................
................................................................
................................................................
.................ffffffffff.....................................
...............ffffffffffffff...................................
.............fffffffffffffffff..................................
............ffffffffffffffffffff................................
...........ffffffffffffffffffffff...............................
..........ffffffffffffffffffffffff..............................
.........fffffffffffffffffffffffff..............................
.........fffffffffffffffffffffffff..............................
.........fffffffffffffffffffffffff..............................
.........ffffffffffffffffffffffff....fff........................
.........fffffffffffffffffffffffff..fffffffff...................
.........fffffffffffffffffffffffffffffffffffff..................
.........fffffffffffffffffffffffffffffffffffff..................
.........fffffffffffffffffffffffffffffffffffff..................
..........fffffffffffffffffffffffffffffffffff........fffffff....
...........fffffffffffffffffffffffffffffffff......ffffffffff....
...........fffffffffffffffffffffffffffffffff...fffffffffffff....
......ffffffffffffffffffffffffffffffffffffffffffffffffffffff....
.....fffffff.fffffffffffffffffffffffffffffffffffffffffffffff....
....ffffffffffffffffffffffffffffffffffffffffffffffffffffffff....
....ffffffffffffffffffffffffffffffffffffffffffffffffffffffff....
....ffffffffffffffffffffffffffffffffffffffffffffffffffffffff....
....ffffffffffffffffffffffffffffffffffffffffffffffffffffffff....
....fffffffffffffffffffffffffffffffffffffffffffffffffffffff.....
.....fffffffffffffffffffffffffffffffffffffffffffffffffffff......
......fffffffffffffffffffffffffffffffffffffffffffffff...........
..........ffffffffffffffffffffffffffffffffffffffffffff..........
...........fffffffffffffffffffffffffffffffffffffffffffff........
............fffff......ffffffffffffffffffffffffffffffffff.......
.......................ffffffffffffffffffffffffffffffffff.......
.......................ffffffffffffffffffffffffffffffffff.......
........................fffffffffffff...fff..ffffffffffff.......
..............................fffffff..........ffffffffff.......
...............................ffffff.............fffffff.......
................................fffff..............ffffff.......
.................................ffff...............fffff.......
.....................................................fff........
................................................................
................................................................
................................................................
................................................................
................................................................
................................................................
................................................................
................................................................
................................................................
................................................................
................................................................
................................................................
................................................................
