# player_w_idle0: one letter per part (h=head t=torso s=arm_sword c=arm_cast l=foot_l r=foot_r f=figure m=hem). Edit freely; sprite:split reads it.
................................................................
................................................................
................................................................
................................................................
............................hhhhhhh.............................
..........................hhhhhhhhhh............................
........................hhhhhhhhhhhhh...........................
.....................hhhhhhhhhhhhhhhhh..........................
...................hhhhhhhhhhhhhhhhhhhh.........................
..................hhhhhhhhhhhhhhhhhhhhhh........................
.................hhhhhhhhhhhhhhhhhhhhhhh........................
.................hhhhhhhhhhhhhhhhhhhhhhhh.......................
.................hhhhhhhhhhhhhhhhhhhhhhhh.......................
.................hhhhhhhhhhhhhhhhhhhhhhhh.......................
.................hhhhhhhhhhhhhhhhhhhhhhhh.......................
.................hhhhhhhhhhhhhhhhhhhhhhhhh......................
..................hhhhhhhhhhhhhhhhhhhhhhhh......................
...................hhhhhhhhhhhhhhhhhhhhhhhh.....................
...................hhhhhhhhhhhhhhhhhhhhhhhh.....................
...................hhhhhhhhhhhhhhhhhhhhhhhhh....................
...................hhhhhhhhhhhhhhhhhhhhhhhhh....................
...................hhhhhhhhhhhhhhhhhhhhhhhhh....................
....................hhhhhhhhhhhhhhhhhhhhhhhh....................
....................hhhhhhhhhhhhhhhhhhhhhhhh....................
.....................hhhhhhhhhhhhhhhhhhhhhhh....................
......................hhhhhhhhhhhhhhhhhhhhh.....................
..............sss.....sssssttttttttttttttt......................
.............sssss.....sssstttttttttttttt.......................
............sssssss....sssstttttttttttttt.......................
...........sssssssss...ssssttttttttttttttt......................
...........ssssssssssssssssttttttttttttttt......................
...........ssssssssssssssssttttttttttttttt......................
...........ssssssssssssssssttttttttttttttt......................
............ssssssssssssssstttttttttttttttt....ccc..............
.............sssssssssssssstttttttttttttttt...ccccc.............
.............ssssssssssssssttttttttttttttttc.ccccccc............
..............sssssssssssssttttttttttttttttcccccccccc...........
...............ssssssssssssttttttttttttttttcccccccccc...........
................sssssssss.sttttttttttttttttcccccccccc...........
...................sss....sttttttttttttttttcccccccccc...........
.........................ttttttttttttttttttccccccccc............
........................tttttttttttttttttttcccccccc.............
........................tttttttttttttttt.ttccccccc..............
.......................tttttttttttttttttt.tccccc................
.......................tttttttttttttttttt.......................
......................mmmmmmmmmmmmmmmmmmmm......................
......................mmmmmmmmmmmmmmmmmmmmm.....................
.....................mmmmmmmmmmmmmmmmmmmmmmm....................
....................mmmmmmmmmmmmmmmmmmmmmmmm....................
....................mmmmmmmmmmmmmmmmmmmmmmmm....................
....................mmmmmmmmmmmmmmmmmmmmmmmm....................
....................llllllllllmmmmrrrrrrrrrrr...................
...................lllllllll..mmmmrrrrrrrrrrrr..................
..................llllllllll........rrrrrrrrrr..................
.................lllllllllll.........rrrrrrrrrr.................
................llllllllllll.........rrrrrrrrrr.................
................llllllllllll........rrrrrrrrrrr.................
................llllllllllll........rrrrrrrrrrr.................
.................llllllllll.........rrrrrrrrrrr.................
....................................rrrrrrrrrr..................
................................................................
................................................................
................................................................
................................................................
