# player_n_windup: one letter per part (h=head t=torso s=arm_sword c=arm_cast l=foot_l r=foot_r f=figure m=hem). Edit freely; sprite:split reads it.
................................................................
................................................................
................................................................
................................................................
..............................hhhhhhhhhh........................
.............................hhhhhhhhhhhh.......................
............................hhhhhhhhhhhhhh......................
...........................hhhhhhhhhhhhhhhh.....................
.........................hhhhhhhhhhhhhhhhhhh....................
........................hhhhhhhhhhhhhhhhhhhh....................
.......................hhhhhhhhhhhhhhhhhhhhhh...................
.......................hhhhhhhhhhhhhhhhhhhhhh...................
......................hhhhhhhhhhhhhhhhhhhhhhhh..................
......................hhhhhhhhhhhhhhhhhhhhhhhh..................
......................hhhhhhhhhhhhhhhhhhhhhhhh..................
.....................hhhhhhhhhhhhhhhhhhhhhhhhhh.................
.....................hhhhhhhhhhhhhhhhhhhhhhhhhh.................
....................hhhhhhhhhhhhhhhhhhhhhhhsssss................
....................hhhhhhhhhhhhhhhhhhhhhhhsssss..sssss.........
...................hhhhhhhhhhhhhhhhhhhhhhhhsssssssssssss........
...................hhhhhhhhhhhhhhhhhhhhhhhhssssssssssssss.......
...................hhhhhhhhhhhhhhhhhhhhhhhhsssssssssssssss......
...................hhhhhhhhhhhhhhhhhhhhhhhhsssssssssssssss......
....................hhhhhhhhhhhhhhhhhhhhhhhsssssssssssssss......
....................hhhhhhhhhhhhhhhhhhhhhhhsssssssssssssss......
.....................hhhhhhhhhhhhhhhhhhhhhhsssssssssssssss......
......................hhhhhhhhhhhhhhhhhhhhhssssssssssssss.......
......................tttttttttttttttttttttsssssssssssss........
......................cctttttttttttttttttttsssssssssss..........
.............cccc....ccctttttttttttttttttttsssssssssss..........
.........ccccccccc..cccctttttttttttttttttttsssssssssss..........
........cccccccccccccccctttttttttttttttttttsssssssssss..........
.......ccccccccccccccccctttttttttttttttttttsssssssssss..........
.......ccccccccccccccccctttttttttttttttttttssssssssss...........
.......ccccccccccccccccctttttttttttttttttttsssssssss............
.......ccccccccccccccccctttttttttttttttttttssssssss.............
........ccccccccccccccccttttttttttttttttttt.....................
.........cccccccccccccccttttttttttttttttttt.....................
..........cccccccccccccctttttttttttttttttttt....................
...........cccccccccccccttttttttttttttttttttt...................
...........ccccccccccccctttttttttttttttttttttt..................
............ccccccccc..cttttttttttttttttttttttt.................
.............cccccc...ccttttttttttttttttttttttt.................
....................ttttttttttttttttttttttttttttt...............
....................tttttttttttttttttttttttttttttt..............
...................tttttttttttttttttttttttttttttttt.............
..................tttttttttttttttttttttttttttttttttt............
..................tttttttttttttttttttttttttttttttttt............
..................tttttttttttttttttttttttttttttttttt............
..................ttttttttttttttttttttttttttttttttt.............
..................ttttttttttttttttttttttttttttttttt.............
.................lllllllllltttttttttttttrrrrrrrrrrrr............
................lllllllllllttttttt...tttrrrrrrrrrrrrr...........
...............lllllllllllltttttt....tttrrrrrrrrrrrrrr..........
..............lllllllllllllt..............rrrrrrrrrrrrr.........
.............llllllllllllll...............rrrrrrrrrrrrrr........
.............llllllllllllll................rrrrrrrrrrrrr........
.............llllllllllllll................rrrrrrrrrrrrr........
.............lllllllllllll.................rrrrrrrrrrrrr........
.............llllllllllll...................rrrrrrrrrrrr........
................................................................
................................................................
................................................................
................................................................
