# player_n_hurt1: one letter per part (h=head t=torso s=arm_sword c=arm_cast l=foot_l r=foot_r f=figure m=hem). Edit freely; sprite:split reads it.
................................................................
................................................................
................................................................
................................................................
................................................................
................................................................
........................fffffffff...............................
......................fffffffffffff.............................
.....................fffffffffffffff............................
....................fffffffffffffffff...........................
...................fffffffffffffffffff..........................
...................ffffffffffffffffffff.........................
..................ffffffffffffffffffffff........................
.................fffffffffffffffffffffff........................
.................ffffffffffffffffffffffff.......................
.................ffffffffffffffffffffffffff.....................
................ffffffffffffffffffffffffffff....................
................fffffffffffffffffffffffffffff...................
...............fffffffffffffffffffffffffffffff..................
...............fffffffffffffffffffffffffffffff..................
...............fffffffffffffffffffffffffffffff..................
...............ffffffffffffffffffffffffffffff...................
...............ffffffffffffffffffffffffffffff...................
...............fffffffffffffffffffffffffffffff..................
................ffffffffffffffffffffffffffffffffffff............
................fffffffffffffffffffffffffffffffffffff...........
.................fffffffffffffffffffffffffffffffffffff..........
..................ffffffffffffffffffffffffffffffffffff..........
...................fffffffffffffffffffffffffffffffffffffff......
..........ffff.....ffffffffffffffffffffffffffffffffffffffff.....
.....fffffffffff..ffffffffffffffffffffffffffffffffffffffffff....
....ffffffffffffffffffffffffffffffffffffffffffffffffffffffff....
....ffffffffffffffffffffffffffffffffffffffffffffffffffffffff....
....ffffffffffffffffffffffffffffffffffffffffffffffffffffffff....
....ffffffffffffffffffffffffffffffffffffffffffffffffffffffff....
....fffffffffffffffffffffffffffffffffffffffffffffffffffffff.....
.....fffffffffffffffffffffffffffffffffffffffffffffffffffff......
......fffffffffffffffffffffffffffffffffffffffffffffffffff.......
.......fffffffffffffffffffffffffffffffffffffffffffffffff........
........fffffffffffffffffffffffffffffffffffffffffffff...........
........ffffffffffffffffffffffffffffffffffffffffffffff..........
.........fffffffffffffffffffffffffffffffffffffffffffff..........
..........fffffffffffffffffffffffffffffffffffffffffffff.........
...........ffffff..ffffffffffffffffffffffffffffffffffff.........
...................fffffffffffffffffffffffffffffffffff..........
...................ffffffffffffffffffffffffffffffffff...........
...................ffffffffffffffffffffffffffffffffff...........
..................ffffffffffffffffffffffffffffffffffff..........
.................ffffffffffffffffffffffffffffffffffffff.........
................fffffffffffffffffffffff..fffffffffffffff........
...............fffffffffffffffffffffff....ffffffffffffff........
..............fffffffffffffff................ffffffffffff.......
.............fffffffffffffff.................fffffffffffff......
.............ffffffffffffff...................ffffffffffff......
.............ffffffffffffff...................ffffffffffff......
.............fffffffffffff....................ffffffffffff......
.............ffffffffffff.....................fffffffffff.......
..............ffffffffff.......................fffffffff........
................................................................
................................................................
................................................................
................................................................
................................................................
................................................................
