# player_n_follow: one letter per part (h=head t=torso s=arm_sword c=arm_cast l=foot_l r=foot_r f=figure m=hem). Edit freely; sprite:split reads it.
................................................................
................................................................
................................................................
................................................................
............................hhhhhhhh............................
..........................hhhhhhhhhhhh..........................
.........................hhhhhhhhhhhhhh.........................
........................hhhhhhhhhhhhhhhh........................
.......................hhhhhhhhhhhhhhhhhh.......................
......................hhhhhhhhhhhhhhhhhhhh......................
.....................hhhhhhhhhhhhhhhhhhhhh......................
....................hhhhhhhhhhhhhhhhhhhhhhh.....................
....................hhhhhhhhhhhhhhhhhhhhhhh.....................
...................hhhhhhhhhhhhhhhhhhhhhhhh.....................
...................hhhhhhhhhhhhhhhhhhhhhhhh.....................
...................hhhhhhhhhhhhhhhhhhhhhhhhh....................
..................hhhhhhhhhhhhhhhhhhhhhhhhhhh...................
..................hhhhhhhhhhhhhhhhhhhhhhhhhhh...................
.................hhhhhhhhhhhhhhhhhhhhhhhhhhhh...................
.................hhhhhhhhhhhhhhhhhhhhhhhhhhhh...................
.................hhhhhhhhhhhhhhhhhhhhhhhhhhhh.....sssssss.......
.................hhhhhhhhhhhhhhhhhhhhhhhhhhhh....sssssssss......
.................hhhhhhhhhhhhhhhhhhhhhhhhhhhh...sssssssssss.....
.................hhhhhhhhhhhhhhhhhhhhhhhhhhhh...sssssssssss.....
..................hhhhhhhhhhhhhhhhhhhhhhhhhhhssssssssssssss.....
...................hhhhhhhhhhhhhhhhhhhhhhhhhhssssssssssssss.....
....................hhhhhhhhhhhhhhhhhhsssssssssssssssssssss.....
....................ccccttttttttttttttssssssssssssssssssss......
............ccc....cccccttttttttttttttsssssssssssssssssss.......
...........cccccc.ccccccttttttttttttttssssssssssssssssss........
.......cccccccccccccccccttttttttttttttsssssssssssssssss.........
......ccccccccccccccccccttttttttttttttssssssssssssssss..........
......ccccccccccccccccccttttttttttttttsssssssssssssss...........
......ccccccccccccccccccttttttttttttttsssssssssssss.............
......cccccccccccccccccctttttttttttttttttttttsssss..............
.......cccccccccccccccccttttttttttttttttt.......................
........ccccccccccccccccttttttttttttttttt.......................
.........ccccccccccccccctttttttttttttttttt......................
..........ccccccccccccccttttttttttttttttttt.....................
..........ccccccccccccccttttttttttttttttttttt...................
...........ccccccccccccctttttttttttttttttttttt..................
............ccccccc.ccccttttttttttttttttttttttt.................
...................ttttttttttttttttttttttttttttt................
..................tttttttttttttttttttttttttttttttt..............
.................tttttttttttttttttttttttttttttttttt.............
................tttttttttttttttttttttttttttttttttttt............
................tttttttttttttttttttttttttttttttttttt............
................tttttttttttttttttttttttttttttttttttt............
................ttttttttttttttttttttttttttttttttttt.............
................tttttttttttttttttttttttttttttttttt..............
................tttttttttttttttttttttttttttttttttt..............
...............lllllllllllttttttttttttttrrrrrrrrrrr.............
..............llllllllllllttttttt..tttttrrrrrrrrrrrr............
.............lllllllllllll..tttt...tttttrrrrrrrrrrrrr...........
............lllllllllllll................rrrrrrrrrrrrr..........
...........llllllllllllll.................rrrrrrrrrrrrr.........
...........llllllllllllll.................rrrrrrrrrrrrrr........
...........llllllllllllll.................rrrrrrrrrrrrrr........
...........lllllllllllll...................rrrrrrrrrrrr.........
...........llllllllllll.....................rrrrrrrrrrr.........
................................................................
................................................................
................................................................
................................................................
