# player_s_hurt1: one letter per part (h=head t=torso s=arm_sword c=arm_cast l=foot_l r=foot_r f=figure m=hem). Edit freely; sprite:split reads it.
................................................................
................................................................
................................................................
................................................................
................................................................
................................................................
.............................ffffffffff.........................
............................ffffffffffff........................
.........................ffffffffffffffff.......................
........................ffffffffffffffffff......................
.......................ffffffffffffffffffff.....................
......................fffffffffffffffffffff.....................
.....................fffffffffffffffffffffff....................
....................fffffffffffffffffffffffff...................
....................fffffffffffffffffffffffff...................
...................fffffffffffffffffffffffffff..................
...................fffffffffffffffffffffffffff..................
..................ffffffffffffffffffffffffffff..................
.................ffffffffffffffffffffffffffffff.................
................fffffffffffffffffffffffffffffff.................
................ffffffffffffffffffffffffffffffff................
...............fffffffffffffffffffffffffffffffff................
...............fffffffffffffffffffffffffffffffff................
...............fffffffffffffffffffffffffffffffff................
...............fffffffffffffffffffffffffffffffff................
...............ffffffffffffffffffffffffffffffffff...............
...........ffffffffffffffffffffffffffffffffffffff...............
..........fffffffffffffffffffffffffffffffffffffff...............
.........ffffffffffffffffffffffffffffffffffffffff...............
.........fffffffffffffffffffffffffffffffffffffff................
.........ffffffffffffffffffffffffffffffffffffff.................
.........fffffffffffffffffffffffffffffffffffff..................
........ffffffffffffffffffffffffffffffffffffff....ffff..........
......fffffffffffffffffffffffffffffffffffffffff..ffffffffff.....
.....fffffffffffffffffffffffffffffffffffffffffffffffffffffff....
....ffffffffffffffffffffffffffffffffffffffffffffffffffffffff....
....ffffffffffffffffffffffffffffffffffffffffffffffffffffffff....
....ffffffffffffffffffffffffffffffffffffffffffffffffffffffff....
....fffffffffffffffffffffffffffffffffffffffffffffffffffffff.....
....fffffffffffffffffffffffffffffffffffffffffffffffffffffff.....
....ffffffffffffffffffffffffffffffffffffffffffffffffffffff......
.....fffffffffffffffffffffffffffffffffffffffffffffffffff........
......fffffffffffffffffffffffffffffffffffffffffffffffff.........
.......ffffffffffffffffffffffffffffffffffffffffffffffff.........
...........fffffffffffffffffffffffffffffffffffffffffff..........
...........ffffffffffffffffffffffffffffffffffffffffff...........
............ffffffffffffffffffffffffffffffffff..................
.............fffffffffffffffffffffffffffffffff..................
............ffffffffffffffffffffffffffffffffff..................
...........fffffffffffffffff.ffffffffffffffffff.................
..........fffffffffffffffff...ffffffffffffffffff................
.........ffffffffffffffff...........fffffffffffff...............
........ffffffffffffff..............ffffffffffffff..............
.......fffffffffffffff...............ffffffffffffff.............
.......fffffffffffffff...............ffffffffffffff.............
.......ffffffffffffff................ffffffffffffff.............
.......ffffffffffffff.................fffffffffffff.............
.......fffffffffffff...................ffffffffffff.............
................................................................
................................................................
................................................................
................................................................
................................................................
................................................................
