# player_n_dash: one letter per part (h=head t=torso s=arm_sword c=arm_cast l=foot_l r=foot_r f=figure m=hem). Edit freely; sprite:split reads it.
................................................................
................................................................
................................................................
................................................................
................................................................
................................................................
................................................................
................................................................
..................................fffffffff.....................
.................................ffffffffffff...................
...............................fffffffffffffff..................
..............................fffffffffffffffff.................
.............................fffffffffffffffffff................
...........................ffffffffffffffffffffff...............
..........................fffffffffffffffffffffff...............
.........................fffffffffffffffffffffffff..............
........................ffffffffffffffffffffffffff..............
.......................ffffffffffffffffffffffffffff.............
.......................ffffffffffffffffffffffffffff.............
.......................fffffffffffffffffffffffffffff............
.......................fffffffffffffffffffffffffffff............
.......................fffffffffffffffffffffffffffff............
........................ffffffffffffffffffffffffffff............
........................ffffffffffffffffffffffffffff............
........................fffffffffffffffffffffffffff..ffff.......
..............ffff....fffffffffffffffffffffffffffff.ffffff......
...........ffffffff.ffffffffffffffffffffffffffffff.ffffffff.....
..........ffffffffffffffffffffffffffffffffffffffffffffffffff....
.........fffffffffffffffffffffffffffffffffffffffffffffffffff....
.........fffffffffffffffffffffffffffffffffffffffffffffffffff....
.........fffffffffffffffffffffffffffffffffffffffffffffffffff....
.........ffffffffffffffffffffffffffffffffffffffffffffffffff.....
.......ffffffffffffffffffffffffffffffffffffffffffffffffffff.....
.....fffffffffffffffffffffffffffffffffffffffffffffffffffff......
.....fffffffffffffffffffffffffffffffffffffffffffffffff..........
.....fffffffffffffffffffffffffffffffffffffffffffff..............
.....ffffffffffffffffffffffffffffffffffff....ffff...............
.....ffffffffffffffffffffffffffffffffffff.......................
......fffffffffffffffffffffffffffffffffff.......................
.......ffffffffffffffffffffffffffffffffff.......................
........ffffffffffffffffffffffffffffffffff......................
.........fffffffffffffffffffffffffffffffff......................
..........ffffffffffffffffffffffffffffffff......................
.........fffffffffffffffffffffffffffffffff......................
........fffffffffffffffffffffffffffffffff.......................
.......fffffffffffffffff..fffffffffffffff.......................
......fffffffffffffffff...fffffffffffff.........................
.....ffffffffffffffff.....fffffffff.............................
....ffffffffffffffff......ffffffff..............................
....fffffffffffff.........fffffff...............................
....ffffffffffff..........ffffff................................
....fffffffff.............fffff.................................
....ffffffff....................................................
....fffffff.....................................................
....ffffff......................................................
.....ffff.......................................................
................................................................
................................................................
................................................................
................................................................
................................................................
................................................................
................................................................
................................................................
