# player_s_windup: one letter per part (h=head t=torso s=arm_sword c=arm_cast l=foot_l r=foot_r f=figure m=hem). Edit freely; sprite:split reads it.
................................................................
................................................................
................................................................
................................................................
.........................hhhhhhhhh..............................
.......................hhhhhhhhhhhh.............................
......................hhhhhhhhhhhhhhh...........................
.....................hhhhhhhhhhhhhhhhh..........................
....................hhhhhhhhhhhhhhhhhhh.........................
...................hhhhhhhhhhhhhhhhhhhh.........................
..................hhhhhhhhhhhhhhhhhhhhhh........................
..................hhhhhhhhhhhhhhhhhhhhhhh.......................
.................hhhhhhhhhhhhhhhhhhhhhhhh.......................
.................hhhhhhhhhhhhhhhhhhhhhhhhh......................
.................hhhhhhhhhhhhhhhhhhhhhhhhh......................
................hhhhhhhhhhhhhhhhhhhhhhhhhhh.....................
................hhhhhhhhhhhhhhhhhhhhhhhhhhh.....................
................hhhhhhhhhhhhhhhhhhhhhhhhhhhh....................
...............thhhhhhhhhhhhhhhhhhhhhhhhhhhh....................
...............thhhhhhhhhhhhhhhhhhhhhhhhhhhhh...................
...............shhhhhhhhhhhhhhhhhhhhhhhhhhhhh...................
..........sss.sshhhhhhhhhhhhhhhhhhhhhhhhhhhhh...................
........sssssssshhhhhhhhhhhhhhhhhhhhhhhhhhhhh...................
.......ssssssssshhhhhhhhhhhhhhhhhhhhhhhhhhhhh...................
......sssssssssshhhhhhhhhhhhhhhhhhhhhhhhhhhhh...................
......sssssssssshhhhhhhhhhhhhhhhhhhhhhhhhhhh....................
......sssssssssshhhhhhhhhhhhhhhhhhhhhhhhhhh.....................
......sssssssssssssssssshhhhhhhhhhhhhhhhhhh.....................
......sssssssssssssssssstttttttttttttttttttt....cccc............
.......sssssssssssssssssttttttttttttttttttttc..cccccccccc.......
........ssssssssssssssssttttttttttttttttttttcc.ccccccccccc......
.........tttssssssssssssttttttttttttttttttttcccccccccccccc......
...........tssssssssssssttttttttttttttttttttcccccccccccccc......
............ssssssssssssttttttttttttttttttttcccccccccccccc......
.............sssssssssssttttttttttttttttttttccccccccccccc.......
..............ssssssssssttttttttttttttttttttcccccccccccc........
....................ssssttttttttttttttttttttccccccccccc.........
.....................tttttttttttttttttttttttcccccccccc..........
......................ttttttttttttttttttttttcccccccccc..........
.......................tttttttttttttttttttttcccccccccc..........
......................ttttttttttttttttttttttccccccccc...........
.....................tttttttttttttttttttttttt.ttttt.............
....................tttttttttttttttttttttttttt..................
...................tttttttttttttttttttttttttttt.................
..................tttttttttttttttttttttttttttttt................
.................tttttttttttttttttttttttttttttttt...............
................tttttttttttttttttttttttttttttttttt..............
................tttttttttttttttttttttttttttttttttt..............
................tttttttttttttttttttttttttttttttttt..............
................ttttttttttttttttttttttttttttttttt...............
...............llllllllllttttttttttttrrrrrrrrrrr................
...............lllllllllltttttttt....rrrrrrrrrrr................
..............lllllllllllttttttt......rrrrrrrrrrr...............
.............llllllllllllttttt........rrrrrrrrrrrr..............
............lllllllllllll.............rrrrrrrrrrrr..............
...........lllllllllllll..............rrrrrrrrrrrrr.............
...........lllllllllllll..............rrrrrrrrrrrrrr............
...........lllllllllllll..............rrrrrrrrrrrrrr............
...........llllllllllll................rrrrrrrrrrrrr............
...........lllllllllll..................rrrrrrrrrrr.............
................................................................
................................................................
................................................................
................................................................
