# player_w_hurt0: one letter per part (h=head t=torso s=arm_sword c=arm_cast l=foot_l r=foot_r f=figure m=hem). Edit freely; sprite:split reads it.
................................................................
................................................................
................................................................
................................................................
.................fffffff........................................
..............fffffffffffff.....................................
.............ffffffffffffffff...................................
............ffffffffffffffffff..................................
..........ffffffffffffffffffffff................................
.........ffffffffffffffffffffffff...............................
.........fffffffffffffffffffffffff..............................
........fffffffffffffffffffffffffff.............................
........fffffffffffffffffffffffffff.............................
.......fffffffffffffffffffffffffffff............................
.......ffffffffffffffffffffffffffffff...........................
......ffffffffffffffffffffffffffffffff..........................
......ffffffffffffffffffffffffffffffff..........................
.....fffffffffffffffffffffffffffffffff..........................
.....fffffffffffffffffffffffffffffffff..........................
.....fffffffffffffffffffffffffffffffff..........................
.....ffffffffffffffffffffffffffffffffff.........................
.....fffffffffffffffffffffffffffffffffff........................
......fffffffffffffffffffffffffffffffffff.......................
......ffffffffffffffffffffffffffffffffffff......................
.......ffffffffffffffffffffffffffffffffffff.....................
........ffffffffffffffffffffffffffffffffffff....fff.............
.........ffffffffffffffffffffffffffffffffffff..fffff............
..........fffffffffffffffffffffffffffffffffff.fffffffffff.......
...........ffffffffffffffffffffffffffffffffffffffffffffffff.....
............fffffffffffffffffffffffffffffffffffffffffffffff.....
............fffffffffffffffffffffffffffffffffffffffffffffff.....
...........ffffffffffffffffffffffffffffffffffffffffffffffff.....
...........ffffffffffffffffffffffffffffffffffffffffffffffff.....
...........fffffffffffffffffffffffffffffffffffffffffffffff......
............fffffffffffffffffffffffffffffffffffffffffffff.......
...........ffffffffffffffffffffffffffffffffffffffffffff.........
..........ffffffffffffffffffffffffffffffffffffffffffff..........
.........ffffffffffffffffffffffffffffffffffffffffffff...........
........fffffffffffffffffffffffffffffffffffffffffffff...........
.......fffffffffffffffffffffffffffffffffffffffffffff............
.......ffffffffffffffffffffffffffffffffffffffffffff.............
.......fffffffffffffffffffffffffffffffffffffffff................
.......fffffffffffffffffffffffffffffffffffffffff................
.......fffffffffffffffffffffffffffffffffffffffff................
........ffffffffffffffffffffffffffffffffffffffff................
........fffffffffffffffffffffffffffffffffffffffff...............
..........fffffffffffffffffffffffffffffffffffffff...............
...........ffff..ffffffffffffffffffffffffffffffffff.............
.................ffffffffffffffffffffffffffffffffff.............
.................fffffffffffffffff...fffffffffffffff............
.................fffffffffffffffff.....fffffffffffffff..........
.................fffffffffffffff.......fffffffffffffffff........
................ffffffffffffff..........fffffffffffffffff.......
...............ffffffffffffff............fffffffffffffffff......
..............fffffffffffffff.............ffffffffffffffff......
.............ffffffffffffffff..............ffffffffffffffff.....
.............ffffffffffffffff..............ffffffffffffffff.....
.............fffffffffffffff................fffffffffffffff.....
.............fffffffffffffff................fffffffffffffff.....
..............fffffffffffff..................fffffffffffff......
................................................................
................................................................
................................................................
................................................................
