# player_w_follow: one letter per part (h=head t=torso s=arm_sword c=arm_cast l=foot_l r=foot_r f=figure m=hem). Edit freely; sprite:split reads it.
................................................................
................................................................
................................................................
................................................................
......................hhhhhhhhh.................................
....................hhhhhhhhhhhhh...............................
..................hhhhhhhhhhhhhhhhh.............................
.................hhhhhhhhhhhhhhhhhhhh...........................
...............hhhhhhhhhhhhhhhhhhhhhh...........................
..............hhhhhhhhhhhhhhhhhhhhhhhh..........................
.............hhhhhhhhhhhhhhhhhhhhhhhhhh.........................
............hhhhhhhhhhhhhhhhhhhhhhhhhhh.........................
...........hhhhhhhhhhhhhhhhhhhhhhhhhhhh.........................
...........hhhhhhhhhhhhhhhhhhhhhhhhhhh..........................
...........hhhhhhhhhhhhhhhhhhhhhhhhhhh..........................
...........hhhhhhhhhhhhhhhhhhhhhhhhhhhhh........................
...........hhhhhhhhhhhhhhhhhhhhhhhhhhhhhh.......................
...........hhhhhhhhhhhhhhhhhhhhhhhhhhhhhh.......................
...........hhhhhhhhhhhhhhhhhhhhhhhhhhhhhh.......................
...........hhhhhhhhhhhhhhhhhhhhhhhhhhhhhh.......................
............hhhhhhhhhhhhhhhhhhhhhhhhhhhhh.......................
.............hhhhhhhhhhhhhhhhhhhhhhhhhhhh.......................
.............hhhhhhhhhhhhhhhhhhhhhhhhhhh........................
..............hhhhhhhhhhhhhhhhhhhhhhhhhh........................
..............hhhhhhhhhhhhhhhhhhhhhhhhhcc.......................
...............hhhhhhhhhhhhhhhhhhhhhhhhcccccccc.................
...............hhhhhhhhhhhhhhhhhhhhhhhhccccccccccccc............
................tttttttttttttttttttttttccccccccccccc............
.................ttttttttttttttttttttttcccccccccccccc...........
..................sssssssttttttttttttttcccccccccccccc...........
..........sssss..ssssssssttttttttttttttcccccccccccccc...........
.........ssssssssssssssssttttttttttttttccccccccccccc............
........sssssssssssssssssttttttttttttttcccccccccccc.............
.......ssssssssssssssssssttttttttttttttccccccccccc..............
.......ssssssssssssssssssttttttttttttttcccccccccc...............
.......ssssssssssssssssssttttttttttttttccccccccc................
.......ssssssssssssssssssttttttttttttttttttttt..................
.......ssssssssssssssssssttttttttttttttt........................
........ssssssssssssssssstttttttttttttttt.......................
.........ssssssssssssssssttttttttttttttttttttttt................
..........ssssssssssssssstttttttttttttttttttttttt...............
..............tttttttttttttttttttttttttttttttttttt..............
...............ttt.ttttttttttttttttttttttttttttttt..............
..................tttttttttttttttttttttttttttttttt..............
.................ttttttttttttttttttttttttttttttttt..............
................ttttttttttttttttttttttttttttttttttt.............
................tttttttttttttttttttttttttttttttttttt............
................ttttttttttttttttttttttttttttttttttttt...........
.................ttttttttttttttttttttttttttttttttttttt..........
.................tttttttttttttttttttttttttttttttttttttt.........
.................ttttttttttttttttttttttttttrrrrrrrrrrrr.........
.................lllllllllllttttt..ttttttttrrrrrrrrrrrrr........
................lllllllllllltttt....tttttttrrrrrrrrrrrrrr.......
...............lllllllllllll.........ttttt..rrrrrrrrrrrrr.......
..............lllllllllllll...........t......rrrrrrrrrrrrr......
.............llllllllllllll...................rrrrrrrrrrrr......
.............llllllllllllll....................rrrrrrrrrrr......
.............llllllllllllll....................rrrrrrrrrrr......
.............lllllllllllll......................rrrrrrrrrr......
.............lllllllllllll.......................rrrrrrrr.......
................................................................
................................................................
................................................................
................................................................
