# player_n_hurt0: one letter per part (h=head t=torso s=arm_sword c=arm_cast l=foot_l r=foot_r f=figure m=hem). Edit freely; sprite:split reads it.
................................................................
................................................................
................................................................
................................................................
................................................................
................................................................
...........................fffffffff............................
.........................fffffffffffff..........................
........................fffffffffffffff.........................
......................ffffffffffffffffff........................
.....................ffffffffffffffffffff.......................
....................ffffffffffffffffffffff......................
...................fffffffffffffffffffffff......................
..................fffffffffffffffffffffffff.....................
..................ffffffffffffffffffffffffff....................
.................ffffffffffffffffffffffffffff...................
.................fffffffffffffffffffffffffffff..................
................ffffffffffffffffffffffffffffff..................
................fffffffffffffffffffffffffffffff.................
................fffffffffffffffffffffffffffffff.................
................fffffffffffffffffffffffffffffff.................
................fffffffffffffffffffffffffffffff.................
.................ffffffffffffffffffffffffffffff.................
..........ffff...ffffffffffffffffffffffffffffff.................
.....ffffffffff...fffffffffffffffffffffffffffff.................
....fffffffffff...fffffffffffffffffffffffffffff.................
....ffffffffffffffffffffffffffffffffffffffffffff................
....ffffffffffffffffffffffffffffffffffffffffffff................
....fffffffffffffffffffffffffffffffffffffffffffff...............
....ffffffffffffffffffffffffffffffffffffffffffffffff............
.....ffffffffffffffffffffffffffffffffffffffffffffffff...........
......ffffffffffffffffffffffffffffffffffffffffffffffff..........
.......ffffffffffffffffffffffffffffffffffffffffffffffff.........
.......ffffffffffffffffffffffffffffffffffffffffffffffff.........
.......fffffffffffffffffffffffffffffffffffffffffffffffffff......
.......ffffffffffffffffffffffffffffffffffffffffffffffffffff.....
........ffffffffffffffffffffffffffffffffffffffffffffffffffff....
.........fffffffffffffffffffffffffffffffffffffffffffffffffff....
..........fffffff..fffffffffffffffffffffffffffffffffffffffff....
...................fffffffffffffffffffffffffffffffffffffffff....
..................ffffffffffffffffffffffffffffffffffffffffff....
.................fffffffffffffffffffffffffffffffffffffffffff....
................fffffffffffffffffffffffffffffffff.fffffffff.....
...............fffffffffffffffffffffffffffffffffff.fffffff......
...............fffffffffffffffffffffffffffffffffff..ffff........
...............ffffffffffffffffffffffffffffffffffff.............
................fffffffffffffffffffffffffffffffffff.............
................ffffffffffffffffffffffffffffffffff..............
...............fffffffffffffffffffffffffffffffffff..............
.............fffffffffffffffffffffff.ffffffffffff...............
............ffffffffffffffffffffffff.fffffffffff................
...........ffffffffffffffffffffffff..fffffffffff................
..........ffffffffffffffff...........ffffffffffff...............
.........ffffffffffffffff............fffffffffffff..............
.........fffffffffffffff.............fffffffffffff..............
.........fffffffffffffff.............fffffffffffff..............
.........ffffffffffffff..............fffffffffffff..............
.........fffffffffffff...............fffffffffffff..............
..........fffffffffff.................fffffffffff...............
................................................................
................................................................
................................................................
................................................................
................................................................
