# enemy_delver_n_lunge: one letter per part (t=torso f=foot_l o=foot_r a=arm_l r=arm_r h=head). Edit freely; sprite:split reads it.
................................................................
................................................................
................................................................
................................................................
................................................................
................................................................
................................................................
................................................................
................................................................
................................................................
................................................................
................................................................
................................................................
................................................................
................................................................
..............................hhhh..............................
.............................hhhhhh.............................
............................hhhhhhhh............................
...........................hhhhhhhhhh...........................
........................hhhhhhhhhhhhhhh.........................
.......................thhhhhhhhhhhhhhhht.......................
.....................ttthhhhhhhhhhhhhhhhtt......................
....................tttthhhhhhhhhhhhhhhhttt.....................
...................ttttthhhhhhhhhhhhhhhhttttt...................
..................attttthhhhhhhhhhhhhhhhtttttr..................
.................aattttthhhhhhhhhhhhhhhhtttttrr.................
................aaattttthhhhhhhhhhhhhhhhtttttrrr................
..............aaaaattttttttttttttttttttttttttrrrrrr.............
............aaaaaaattttttttttttttttttttttttttrrrrrrr............
...........aaaaaaaattttttttttttttttttttttttttrrrrrrrrr..........
..........aaaaaaaaattttttttttttttttttttttttttrrrrrrrrrr.........
.........aaaaaaaaaattttttttttttttttttttttttttrrrrrrrrrrr........
........aaaaaaaaaaattttttttttttttttttttttttttrrrrrrrrrrrr.......
.......aaaaaaaaaaaattttttttttttttttttttttttttrrrrrrrrrrrr.......
.......aaaaaaaaaaaattttttttttttttttttttttttttrrrrrrrrrrrr.......
......aaaaaaaaaaaaattttttttttttttttttttttttttrrrrrrrrrrrrr......
......aaaaaaaaaaaaattttttttttttttttttttttttttrrrrrrrrrrrrr......
......aaaaaaaaaaaaattttttttttttttttttttttttttrrrrrrrrrrrrr......
......aaaaaaaaaaaaattttttttttttttttttttttttttrrrrrrrrrrrrr......
.......aaaaaaaaaaaattttttttttttttttttttttttttrrrrrrrrrrrr.......
..........aaaffffffffffffffffffffoooooooooooooooooorr...........
...........aaffffffffffffffffffffoooooooooooooooooorr...........
............affffffffffffffffffffoooooooooooooooooo.............
...............ffffffffffffffffffoooooooooooooooo...............
..............fffffffffffffffffffooooooooooooooooo..............
.............ffffffffffffff.fffffooo.ooooooooooooo..............
.............fffffffffffff...ffffo....ooooooooooooo.............
.............ffffffffffff..............oooooooooooo.............
.............fffffffffff................ooooooooooo.............
..............fffffffff..................ooooooooo..............
................................................................
................................................................
................................................................
................................................................
................................................................
................................................................
................................................................
................................................................
................................................................
................................................................
................................................................
................................................................
................................................................
................................................................
