# enemy_delver_w_lunge: one letter per part (t=torso f=foot_l o=foot_r a=arm_l r=arm_r h=head). Edit freely; sprite:split reads it.
................................................................
................................................................
................................................................
................................................................
................................................................
................................................................
................................................................
................................................................
................................................................
................................................................
................................................................
................................................................
................................................................
................................................................
................................................................
................................................................
................................................................
................................................................
................................hhhhhhhhtttt....................
..............................hhhhhhhhhhtttttt..................
............................hhhhhhhhhhhhttttttttt...............
.........................hhhhhhhhhhhhhhhtttttttttt..............
.......................thhhhhhhhhhhhhhhhttttttttttt.............
.....................ttthhhhhhhhhhhhhhhhtttttrrrrrrr............
..................attttthhhhhhhhhhhhhhhhtttttrrrrrrr............
................aaattttthhhhhhhhhhhhhhhhtttttrrrrrrrr...........
...............aaaattttthhhhhhhhhhhhhhhhtttttrrrrrrrrr..........
...............aaaattttthhhhhhhhhhhhhhhhtttttrrrrrrrrrr.........
..............aaaaattttttttttttttttttttttttttrrrrrrrrrrr........
.............aaaaaattttttttttttttttttttttttttrrrrrrrrrrr........
............aaaaaaattttttttttttttttttttttttttrrrrrrrrrrrr.......
...........aaaaaaaattttttttttttttttttttttttttrrrrrrrrrrrr.......
..........aaaaaaaaattttttttttttttttttttttttttrrrrrrrrrrrrr......
.........aaaaaaaaaattttttttttttttttttttttttttrrrrrrrrrrrrr......
........aaaaaaaaaaattttttttttttttttttttttttttrrrrrrrrrrrr.......
.......aaaaaaaaaaaattttttttttttttttttttttttttrrrrrrrrrrrr.......
......aaaaaaaaaaaaattttttttttttttttttttttttttrrrrrrrrrrrr.......
......aaaaaaaaaaaaattttttttttttttttttttttttttrrrrrrrrrrrr.......
......aaaaaaaaaaaaattttttttttttttttttttttttttrrrrrrrrrrrr.......
.......aaaaaaf.....ffffffffffffffoooooooooooooooooorrrrrrr......
...................ffffffffffffffoooooo..oooooooooorrrrrrr......
...................ffffffffffffffooooo......ooooooottttttt......
..................fffffffffffffffoooo.........ooooottttttt......
..................fffffffffffffffoo.............oootttttt.......
...................fff.ffffffff.....................tt..........
.......................ffffff...................................
.......................fff......................................
................................................................
................................................................
................................................................
................................................................
................................................................
................................................................
................................................................
................................................................
................................................................
................................................................
................................................................
................................................................
................................................................
................................................................
................................................................
................................................................
................................................................
