# enemy_delver_s_lunge: one letter per part (t=torso f=foot_l o=foot_r a=arm_l r=arm_r h=head). Edit freely; sprite:split reads it.
................................................................
................................................................
................................................................
................................................................
................................................................
................................................................
................................................................
................................................................
................................................................
................................................................
................................................................
................................................................
................................................................
..............................hhhhhh............................
............................hhhhhhhhhhh.........................
.........................hhhhhhhhhhhhhhht.......................
........................hhhhhhhhhhhhhhhhttt.....................
.......................thhhhhhhhhhhhhhhhtttt....................
......................tthhhhhhhhhhhhhhhhttttt...................
.....................ttthhhhhhhhhhhhhhhhtttttt..................
....................tttthhhhhhhhhhhhhhhhtttttrr.................
...................ttttthhhhhhhhhhhhhhhhtttttrr.................
..................attttthhhhhhhhhhhhhhhhtttttrrr................
.................aattttthhhhhhhhhhhhhhhhtttttrrrr...............
................aaattttthhhhhhhhhhhhhhhhtttttrrrrr..............
...............aaaattttthhhhhhhhhhhhhhhhtttttrrrrrr.............
...............aaaattttttttttttttttttttttttttrrrrrr.............
..............aaaaattttttttttttttttttttttttttrrrrrrr............
..............aaaaattttttttttttttttttttttttttrrrrrrr............
.............aaaaaattttttttttttttttttttttttttrrrrrrrr...........
.............aaaaaattttttttttttttttttttttttttrrrrrrrr...........
.............aaaaaattttttttttttttttttttttttttrrrrrrrr...........
............aaaaaaattttttttttttttttttttttttttrrrrrrrr...........
..........aaaaaaaaattttttttttttttttttttttttttrrrrrrrrr..........
.........aaaaaaaaaattttttttttttttttttttttttttrrrrrrrrrr.........
........aaaaaaaaaaattttttttttttttttttttttttttrrrrrrrrrr.........
.......aaaaaaaaaaaattttttttttttttttttttttttttrrrrrrrrrrr........
.......aaaaaaaaaaaattttttttttttttttttttttttttrrrrrrrrrrrr.......
.......aaaaaaaaaaaattttttttttttttttttttttttttrrrrrrrrrrrr.......
.......aaaaaaaaaaaattttttttttttttttttttttttttrrrrrrrrrrrrr......
........aaaaaffffffffffffffffffffoooooooooooooooooorrrrrrr......
.......aaaaaaffffffffffffffffffffoooooooooooooooooorrrrrrr......
.......aaaaaaffffffffff..ffffffffoooooooooo.ooooooorrrrrrr......
......aaaaaaaffffffff....ffffffffooooooooo..ooooooorrrrrrr......
......tttttttffffff.......fffffffoooooooo.....ooooottttttt......
......ttttt..fffff.........ffffffooooooo.........ootttttt.......
.......tt.....ff............fffffoooooo...........otttt.........
..............................fffooooo.............tttt.........
..............................fffoooo...............ttt.........
...............................ffoooo...........................
................................fooo............................
................................................................
................................................................
................................................................
................................................................
................................................................
................................................................
................................................................
................................................................
................................................................
................................................................
................................................................
................................................................
................................................................
