# enemy_delver_n_burrow1: one letter per part (t=torso f=foot_l o=foot_r a=arm_l r=arm_r h=head). Edit freely; sprite:split reads it.
................................................................
................................................................
................................................................
................................................................
................................................................
................................................................
................................................................
................................................................
................................................................
................................................................
................................................................
................................................................
................................................................
................................................................
................................................................
................................................................
................................................................
.............................hhhhhh.............................
............................hhhhhhhh............................
........................hhhhhhhhhhhhhhhh........................
......................tthhhhhhhhhhhhhhhhtt......................
....................tttthhhhhhhhhhhhhhhhtttt....................
...................ttttthhhhhhhhhhhhhhhhttttt...................
..................attttthhhhhhhhhhhhhhhhtttttr..................
.................aattttthhhhhhhhhhhhhhhhtttttrr.................
................aaattttthhhhhhhhhhhhhhhhtttttrrr................
...............aaaattttthhhhhhhhhhhhhhhhtttttrrrr...............
..............aaaaattttttttttttttttttttttttttrrrrr..............
.............aaaaaattttttttttttttttttttttttttrrrrrr.............
.............aaaaaattttttttttttttttttttttttttrrrrrr.............
............aaaaaaattttttttttttttttttttttttttrrrrrrr............
............aaaaaaattttttttttttttttttttttttttrrrrrrr............
............aaaaaaattttttttttttttttttttttttttrrrrrrr............
...........aaaaaaaattttttttttttttttttttttttttrrrrrrrr...........
..........aaaaaaaaattttttttttttttttttttttttttrrrrrrrrr..........
.........aaaaaaaaaattttttttttttttttttttttttttrrrrrrrrrr.........
.........aaaaaaaaaattttttttttttttttttttttttttrrrrrrrrrr.........
........aaaaaaaaaaattttttttttttttttttttttttttrrrrrrrrrrr........
.......aaaaaaffffffffffffffffffffoooooooooooooooooorrrrrr.......
.......aaaaaaffffffffffffffffffffoooooooooooooooooorrrrrrr......
......aaaaaaaffffffffffffffffffffoooooooooooooooooorrrrrrr......
......tttttttffffffffffffffffffffoooooooooooooooooottttttt......
......tttttttffffffffffffffffffffoooooooooooooooooottttttt......
.......ttttttffffffffffffffffffffooooooooooooooooootttttt.......
........tttttffffffffffffffffffffoooooooooooooooooottttt........
........tttttffffff.fffffffffffffooooooooooo.ooooootttt.........
.........ttttfffff....fffffffffffooooooooo....oooootttt.........
................................................................
................................................................
................................................................
................................................................
................................................................
................................................................
................................................................
................................................................
................................................................
................................................................
................................................................
................................................................
................................................................
................................................................
................................................................
................................................................
................................................................
