# enemy_delver_s_dormant0: one letter per part (t=torso f=foot_l o=foot_r a=arm_l r=arm_r h=head). Edit freely; sprite:split reads it.
................................................................
................................................................
................................................................
................................................................
................................................................
................................................................
................................................................
................................................................
................................................................
................................................................
................................................................
................................................................
.............................hhhhh..............................
............................hhhhhhh.............................
..........................hhhhhhhhhhhh..........................
.......................thhhhhhhhhhhhhhhh........................
......................tthhhhhhhhhhhhhhhhtt......................
....................tttthhhhhhhhhhhhhhhhttt.....................
...................ttttthhhhhhhhhhhhhhhhtttt....................
..................attttthhhhhhhhhhhhhhhhtttttr..................
.................aattttthhhhhhhhhhhhhhhhtttttrr.................
................aaattttthhhhhhhhhhhhhhhhtttttrr.................
................aaattttthhhhhhhhhhhhhhhhtttttrrr................
...............aaaattttthhhhhhhhhhhhhhhhtttttrrrr...............
..............aaaaattttthhhhhhhhhhhhhhhhtttttrrrrr..............
.............aaaaaattttttttttttttttttttttttttrrrrr..............
.............aaaaaattttttttttttttttttttttttttrrrrrr.............
............aaaaaaattttttttttttttttttttttttttrrrrrr.............
............aaaaaaattttttttttttttttttttttttttrrrrrrr............
...........aaaaaaaattttttttttttttttttttttttttrrrrrrr............
...........aaaaaaaattttttttttttttttttttttttttrrrrrrr............
...........aaaaaaaattttttttttttttttttttttttttrrrrrrrr...........
..........aaaaaaaaattttttttttttttttttttttttttrrrrrrrrr..........
.........aaaaaaaaaattttttttttttttttttttttttttrrrrrrrrrr.........
.........aaaaaaaaaattttttttttttttttttttttttttrrrrrrrrrr.........
.........aaaaaaaaaattttttttttttttttttttttttttrrrrrrrrrr.........
.........aaaaaaaaaattttttttttttttttttttttttttrrrrrrrrrr.........
........aaaaaaaaaaattttttttttttttttttttttttttrrrrrrrrrrr........
.......aaaaaaaaaaaattttttttttttttttttttttttttrrrrrrrrrrrr.......
.......aaaaaaaaaaaattttttttttttttttttttttttttrrrrrrrrrrrr.......
......aaaaaaaaaaaaattttttttttttttttttttttttttrrrrrrrrrrrrr......
......aaaaaaaffffffffffffffffffffoooooooooooooooooorrrrrrr......
......aaaaaaaffffffffffffffffffffoooooooooooooooooorrrrrrr......
......aaaaaaafffffffff.ffffffffffoooooooo.ooooooooorrrrrrr......
......tttttttfffffffff..fffffffffooooooo..ooooooooottttttt......
......tttttttffffffff.....fffffffooooo.....oooooooottttttt......
......tttttttffffffff.......fffffooo.......oooooooottttttt......
.......ttttttfffffff........fffffooo........oooooootttttt.......
.........ttttfffffff.........ffffoo.........oooooootttt.........
.........ttttffffff...........fffo...........ooooootttt.........
.........ttttfffff............................oooootttt.........
..........ttt......................................ttt..........
................................................................
................................................................
................................................................
................................................................
................................................................
................................................................
................................................................
................................................................
................................................................
................................................................
................................................................
................................................................
