# enemy_delver_n_windup: one letter per part (t=torso f=foot_l o=foot_r a=arm_l r=arm_r h=head). Edit freely; sprite:split reads it.
................................................................
................................................................
................................................................
................................................................
................................................................
................................................................
................................................................
................................................................
................................................................
................................................................
................................................................
................................................................
................................................................
................................................................
..............................hhhh..............................
............................hhhhhhhh............................
........................hhhhhhhhhhhhhhhh........................
......................tthhhhhhhhhhhhhhhhtt......................
.....................ttthhhhhhhhhhhhhhhhttt.....................
...................ttttthhhhhhhhhhhhhhhhttttt...................
...................ttttthhhhhhhhhhhhhhhhttttt...................
.................aattttthhhhhhhhhhhhhhhhtttttrr.................
................aaattttthhhhhhhhhhhhhhhhtttttrrr................
...............aaaattttthhhhhhhhhhhhhhhhtttttrrrr...............
..............aaaaattttthhhhhhhhhhhhhhhhtttttrrrr...............
..............aaaaattttthhhhhhhhhhhhhhhhtttttrrrrr..............
.............aaaaaattttttttttttttttttttttttttrrrrrr.............
.............aaaaaattttttttttttttttttttttttttrrrrrr.............
............aaaaaaattttttttttttttttttttttttttrrrrrr.............
............aaaaaaattttttttttttttttttttttttttrrrrrrr............
.........aaaaaaaaaattttttttttttttttttttttttttrrrrrrrrrr.........
........aaaaaaaaaaattttttttttttttttttttttttttrrrrrrrrrrr........
.......aaaaaaaaaaaattttttttttttttttttttttttttrrrrrrrrrrrr.......
.......aaaaaaaaaaaattttttttttttttttttttttttttrrrrrrrrrrrr.......
......aaaaaaaaaaaaattttttttttttttttttttttttttrrrrrrrrrrrrr......
......aaaaaaaaaaaaattttttttttttttttttttttttttrrrrrrrrrrrrr......
......aaaaaaaaaaaaattttttttttttttttttttttttttrrrrrrrrrrrrr......
......aaaaaaaaaaaaattttttttttttttttttttttttttrrrrrrrrrrrrr......
......aaaaaaaaaaaaattttttttttttttttttttttttttrrrrrrrrrrrrr......
......aaaaaaaaaaaaattttttttttttttttttttttttttrrrrrrrrrrrrr......
......aaaaaaaffffffffffffffffffffoooooooooooooooooorrrrrrr......
..........aaaffffffffffffffffffffoooooooooooooooooorrr..........
..........aaaffffffffffffffffffffoooooooooooooooooorrr..........
............tffffffffffffffffffffoooooooooooooooooot............
............tffffffffffffffffffffoooooooooooooooooot............
............tffffffffffff..ffffffoooo..oooooooooooott...........
...........ttfffffffffff....fffffooo....ooooooooooott...........
...........ttfffffffffff.....ffffoo.....ooooooooooott...........
...........ttffffffffff..................oooooooooott...........
............tfffffffff....................ooooooooot............
................................................................
................................................................
................................................................
................................................................
................................................................
................................................................
................................................................
................................................................
................................................................
................................................................
................................................................
................................................................
................................................................
................................................................
