# enemy_shooter_s_tele: one letter per part (c=core f=fin_l i=fin_r s=shadow). Edit freely; sprite:split reads it.
................................................................
................................................................
................................................................
................................................................
................................................................
................................................................
................................................................
................................................................
..............fcc...............................ii..............
.............ffcc...............................iii.............
............fffcc...............................iiii............
...........ffffcc...............................iiiii...........
..........fffffcc...............................iiiiii..........
.........ffffffcc...............................iiiiiii.........
.........ffffffcc...............................iiiiiii.........
........fffffffcc...............................iiiiiiii........
.......ffffffffcc...............................iiiiiiiii.......
.......ffffffffcc...............................iiiiiiiii.......
......fffffffffcc............cccccc.............iiiiiiiiii......
.....ffffffffffc............ccccccccc...........iiiiiiiiiii.....
.....ffffffffffc..........ccccccccccccc..........iiiiiiiiii.....
.....ffffffffff.........ccccccccccccccccc........iiiiiiiiiii....
....fffffffffff.......cccccccccccccccccccc.......iiiiiiiiiii....
....fffffffffff......cccccccccccccccccccccc......iiiiiiiiiii....
....fffffffffff.....cccccccccccccccccccccccc.....iiiiiiiiiii....
....fffffffffff....ccccccccccccccccccccccccci....iiiiiiiiiii....
....fffffffffff....ccccccccccccccccccccccccci....iiiiiiiiiii....
....fffffffffff...ccccccccccccccccccccccccccii...iiiiiiiiiii....
....fffffffffff..ccccccccccccccccccccccccccciii..iiiiiiiiiii....
....fffffffffff..ccccccccccccccccccccccccccciii..iiiiiiiiiii....
....fffffffffffccccccccccccccccccccccccccccciiiiiiiiiiiiiiii....
....fffffffffffccccccccccccccccccccccccccccciiiiiiiiiiiiiiii....
....fffffffffffccccccccccccccccccccccccccccciiiiiiiiiiiiiiii....
.....ffffffffffccccccccccccccccccccccccccccciiiiiiiiiiiiiii.....
......fffffffffccccccccccccccccccccccccccccciiiiiiiiiiiiii......
.......ffffffffccccccccccccccccccccccccccccciiiiiiiiiiiii.......
........fffffffccccccccccccccccccccccccccccciiiiiiiiiiii........
........fffffffccccccccccccccccccccccccccccciiiiiiiiiiii........
..........fffffccccccccccccccccccccccccccccciiiiiiiiii..........
...........ffff..ccccccccccccccccccccccccccciiii.iiii...........
...........ffff..ccccccccccccccccccccccccccciii..iiii...........
..................cccccccccccccccccccccccccciii.................
..................ccccccccccccccccccccccccccii..................
...................ccccccccccccccccccccccccci...................
...................ccccccccccccccccccccccccci...................
....................cccccccccccccccccccccccc....................
.....................cccccccccccccccccccccc.....................
......................cccccccccccccccccccc......................
........................ccccccccccccccccc.......................
.........................cccccccccccccc.........................
..........................ccccccccccc...........................
...........................cccccccccc...........................
............................ssssssss............................
............................ssssssss............................
.............................ssssss.............................
.............................sssss..............................
................................................................
................................................................
................................................................
................................................................
................................................................
................................................................
................................................................
................................................................
