# enemy_bellringer_n_cast: one letter per part (t=torso f=foot_l o=foot_r a=arm_l r=arm_r h=head). Edit freely; sprite:split reads it.
................................................................
................................................................
................................................................
................................................................
................................................................
................................................................
..........................................ttttttt...............
.........................................ttttttttttt............
........................................ttttttttttttt...........
........................................tttttttttttttt..........
.........................................tttttttttttttt.........
.........................................ttttttttttttttt........
..............................hhh........ttttttttttttttt........
............................hhhhhh.......ttttttttttttttt........
...........................hhhhhhhhh.....ttttttttttttttt........
..........................hhhhhhhhhhh....tttrrrrrrrrrrr.........
.........................hhhhhhhhhhhhh...tttrrrrrrrrr...........
........................thhhhhhhhhhhhhh..tttrrrrrrrr............
.......................tthhhhhhhhhhhhhhh.tttrrrrrrrr............
......................ttthhhhhhhhhhhhhhhttttrrrrrrrrrrr.........
.....................tttthhhhhhhhhhhhhhhttttrrrrrrrrrrr.........
.....................tttthhhhhhhhhhhhhhhttttrrrrr.rrrrr.........
....................atttthhhhhhhhhhhhhhhttttrrrrr.rrrrr.........
....................atttttttttttttttttttttttrrrrr..rrr..........
....................atttttttttttttttttttttttrrrrr...............
...................aatttttttttttttttttttttttrrrrr...............
...................aatttttttttttttttttttttttrrrrr...............
..................aaatttttttttttttttttttttttrrrrrr..............
..................aaatttttttttttttttttttttttrrrrrr..............
...................aatttttttttttttttttttttttrrrrrr..............
...................aatttttttttttttttttttttttrrrrrr..............
....................atttttttttttttttttttttttrrrrr...............
....................atttttttttttttttttttttttrrrr................
..................aaatttttttttttttttttttttttrrr.................
................aaaaatttttttttttttttttttttttrr..................
................aaaaatttttttttttttttttttttttr...................
...........aaa.aaaaaattttttttttttttttttttttt....................
..........aaaaaaaaaaatttttttttttttttttttttt.....................
..........aaaaaaaaaaattttttttttttttttttttt......................
.........aaaaaaaaaaaattttttttttttttttttt........................
.........aaaaaaaaaaaattttttttttttttttttt........................
.........aaaaaaaaaaaattttttttttttttttttt........................
.........aaaaaaaaaaaatt.ttttttttttttttttt.......................
..........aaaaaaaaaaa.tttttttttttttttttttt......................
...........aaaaffff..ffffffffffffoooooooooo.....................
.............aaff...fffffffffffffoooooooooo.....................
....................fffffffffffffooooooooooo....................
..................fffffffffffffffoooooooooooo...................
..................fffffffffffffffooooooooooooo..................
..................fffffffffffffffooooooooooooo..................
..................fffffffffffffffooooooooooooo..................
..................fffffffffffffffoooooooooooo...................
.................fffffffffffffff...ooooooooooo..................
................fffffffffffffff....ooooooooooooo................
...............ffffffffffffffff.....oooooooooooo................
...............ffffffffff...ff........oooooooooo................
...............ffffffffff..............ooooooooo................
...............fffffffff................oooooooo................
................................................................
................................................................
................................................................
................................................................
................................................................
................................................................
