# enemy_bellringer_w_dormant0: one letter per part (t=torso f=foot_l o=foot_r a=arm_l r=arm_r h=head). Edit freely; sprite:split reads it.
................................................................
................................................................
................................................................
................................................................
................................................................
................................................................
.................................hhhhhh.........................
...............................hhhhhhhht........................
.............................hhhhhhhhhhtt.......................
...........................hhhhhhhhhhhhttt......................
........................thhhhhhhhhhhhhhttttt....................
.......................tthhhhhhhhhhhhhhtttttt...................
.....................tttthhhhhhhhhhhhhhttttttt..................
....................ttttthhhhhhhhhhhhhhtttttttt.................
...................tttttthhhhhhhhhhhhhhttttttttt................
...................aaattthhhhhhhhhhhhhhtttrrrrrrr...............
...................aaattthhhhhhhhhhhhhhtttrrrrrrrr..............
...................aaattthhhhhhhhhhhhhhtttrrrrrrrr..............
...................aaattthhhhhhhhhhhhhhtttrrrrrrrr..............
....................aattthhhhhhhhhhhhhhtttrrrrrr................
.....................attthhhhhhhhhhhhhhtttrrrr..................
......................ttthhhhhhhhhhhhhhtttrrrr..................
......................ttthhhhhhhhhhhhhhtttrrrrr.................
......................ttttttttttttttttttttrrrrr.................
......................ttttttttttttttttttttrrrrrr................
......................ttttttttttttttttttttrrrrrr................
......................ttttttttttttttttttttrrrrr.................
......................ttttttttttttttttttttrrrr..................
.......................tttttttttttttttttttrrr...................
........................ttttttttttttttttttrrrr..................
.........................tttttttttttttttttrrrrrr................
.....................attttttttttttttttttttrrrrrrrr..............
....................aattttttttttttttttttttrrrrrrrrr.............
...................aaattttttttttttttttttttrrrrrrrrrr............
...................aaattttttttttttttttttttrrrrrrrrrr............
...................aaattttttttttttttttttttrrrrrrrrr.............
...................aaattttttttttttttttttttrrrrrrrrr.............
..................aaaattttttttttttttttttttrrrrrrrrr.............
.................aaaaattttttttttttttttttttrrrrrrrrrr............
................aaaaaattttttttttttttttttttrrrrrrrrrr............
...............aaaaaaattttttttttttttttttttrrrrrrrrrrr...........
...............aaaaaaatttt.tttttttttttttttrrrrrrrrrrr...........
.............aaaaaaaaatttt.tttttttttttttttrrrrrrrrrrr...........
............aaaaaaaaaattttttttttttttttttttrrrrrrrrrrr...........
...........aaaaaaffffffffffffffffoooooooooooooorrrrr............
...........aaaaaaffffffffffffffffoooooooooooooorrrr.............
...........aaaaaaffffffffffffffffoooooooooooooorrr..............
...........aaaaaaffffffffffffffffoooooooooooooo.................
............tttttffffffffffffffffoooooooooooooot................
.............ttttffffffffffffffffoooooooooooooot................
...............ttffffffffffffffffoooooooooooooot................
.................fffffff.ffffffffoooooooooooooot................
........................fffffffffoooooooooooooott...............
.......................ffffffffffoooooooooooooott...............
.......................ffffffffffoooo...ooooooottt..............
.......................ffffffffffo......ooooooottt..............
........................fffffffff.......ooooooottt..............
........................................ooooooott...............
................................................................
................................................................
................................................................
................................................................
................................................................
................................................................
