# enemy_bellringer_s_dormant0: one letter per part (t=torso f=foot_l o=foot_r a=arm_l r=arm_r h=head). Edit freely; sprite:split reads it.
................................................................
................................................................
................................................................
................................................................
................................................................
................................................................
................................................................
................................................................
..................................hhh...........................
................................hhhhhh..........................
...............................hhhhhhhh.........................
..............................hhhhhhhhhh........................
.............................hhhhhhhhhhht.......................
...........................hhhhhhhhhhhhhtt......................
..........................hhhhhhhhhhhhhhttt.....................
..........................hhhhhhhhhhhhhhttt.....................
.........................hhhhhhhhhhhhhhhtttt....................
.........................hhhhhhhhhhhhhhhtttt....................
........................hhhhhhhhhhhhhhhhtttt....................
........................hhhhhhhhhhhhhhhhttttt...................
........................hhhhhhhhhhhhhhhhttttt...................
.......................thhhhhhhhhhhhhhhhtttttr..................
.......................thhhhhhhhhhhhhhhhtttttr..................
......................tthhhhhhhhhhhhhhhhtttttrr.................
......................tttttttttttttttttttttttrr.................
......................tttttttttttttttttttttttrr.................
......................tttttttttttttttttttttttrr.................
.......................ttttttttttttttttttttttr..................
......................tttttttttttttttttttttttr..................
...................ttttttttttttttttttttttttttrrrr...............
...................ttttttttttttttttttttttttttrrrrrr.............
.................aattttttttttttttttttttttttttrrrrrrr............
...............aaaattttttttttttttttttttttttttrrrrrrr............
..............aaaaattttttttttttttttttttttttttrrrrrrr..rr........
.............aaaaaattttttttttttttttttttttttttrrrrrrrrrrrr.......
.............aaaaaattttttttttttttttttttttttttrrrrrrrrrrrr.......
.............aaaaaattttttttttttttttttttttttttrrrrrrrrrrrrr......
............aaaaaaattttttttttttttttttttttttttrrrrrrrrrrrrr......
...........aaaaaaaatttttt.ttttttttttttttttt.trrrrrrrrrrrrr......
..........aaaaaaaaattttt..tttttttttttttttt..trrrrrrrrrrrr.......
..........aaaaaaaaattt....ttttttttttttttttt...rrrrrrrrrr........
........aaaaaaaaaaat.....ttttttttttttttttttt.....rrrr...........
.......aaaaaaaaaaaa.....ttttttttttttttttttttt.....rrr...........
......aaaaaaaffffff....ffffffffffoooooooooooo...................
......aaaaaaaffffff...fffffffffffooooooooooooo..................
......aaaaaaaffffff..ffffffffffffoooooooooooooo.................
.......aaaaaaffffff.fffffffffffffooooooooooooooo................
........tttttffffff.fffffffffffffooooooooooooooo................
.........ttttffffff..ffffffffffffoooooooooooooo.................
..........tttfffff...ffffffffffffoooooooooooooo.................
.............ffff...fffffffffff..oo.oooooooooooo................
....................fffffffffff......oooooooooooo...............
...................fffffffffff........ooooooooooo...............
...................fffffffff.............ooooooooo..............
...................ffffffff..............ooooooooo..............
...................ffffffff...............oooooooo..............
................................................................
................................................................
................................................................
................................................................
................................................................
................................................................
................................................................
................................................................
