# enemy_bellringer_s_burst: one letter per part (t=torso f=foot_l o=foot_r a=arm_l r=arm_r h=head). Edit freely; sprite:split reads it.
................................................................
................................................................
................................................................
................................................................
................................................................
................................................................
................................................................
................................................................
..................tt............................................
.................tttttt.........................................
................ttttttt.........................................
............tttttttttttt........................................
..........tttttttttttttt..............hhtttt....................
..........tttttttttttttt............hhhhttttt...................
.........ttttttttttttttt..........hhhhhhtttttt..................
........tttttttttttttttt........hhhhhhhhttttttt.................
.......aaaaaaaaaaaattttt......hhhhhhhhhhtttttrr.................
......aaaaaaaaaaaaattttt......hhhhhhhhhhtttttrrr................
......aaaaaaaaaaaaattttt.....hhhhhhhhhhhtttttrrr................
......aaaaaaaaaaaaattttt.....hhhhhhhhhhhtttttrrrr...............
.......aaaaaaaaaaaattttt....hhhhhhhhhhhhtttttrrrr...............
..........aaaaaaaaattttth.hhhhhhhhhhhhhhtttttrrrr...............
............aaaaaaattttthhhhhhhhhhhhhhhhtttttrrrr...............
.............aaaaaattttthhhhhhhhhhhhhhhhtttttrrrr...............
...............aaaattttttttttttttttttttttttttrrrrr..............
................aaattttttttttttttttttttttttttrrrrr..............
.................aattttttttttttttttttttttttttrrrrr..............
..................attttttttttttttttttttttttttrrrrr..............
.................aattttttttttttttttttttttttttrrrrrr.............
................aaattttttttttttttttttttttttttrrrrrr.............
...............aaaattttttttttttttttttttttttttrrrrrr.............
...............aaaattttttttttttttttttttttttttrrrrrr.............
..............aaaaattttttttttttttttttttttttttrrrrr..............
..............aaaaattttttttttttttttttttttttttrrrrr..............
..............aaaaattttttttttttttttttttttttttrrrr...............
...............aaaattttttttttttttttttttttttttrrrrr..............
.................aattttttttttttttttttttttttttrrrrrrr............
.......................ttttttttttttttttttttttrrrrrrrr...........
......................tttttttttttttttttttttttrrrrrrrr...........
.....................ttttttttttttttttttttttttrrrrrrrrrrrrr......
...................ttttttttttttttttttttttttttrrrrrrrrrrrrr......
..................attttttttttttttttttttttttttrrrrrrrrrrrrr......
................aaattttttttttttttttttttttttttrrrrrrrrrrrr.......
...............ffffffffffffffffffoooooooo...ooooooorrrrrr.......
...............ffffffffffffffffffooooooooo...oooooorrrrrr.......
..............fffffffffffffffffffoooooooooo.....ooorrrrrr.......
..............fffffffffffffffffffooooooooooo.....oorrrrr........
................fffffffffffffffffooooooooooooo..................
................fffffffffffffffffooooooooooooo..................
...............fffffffffff.ffffffooooooooooooo..................
...............ffffffffff.....fffooooooooooooo..................
..............ffffffffff........foooooooooooooo.................
..............fffffffff..........oooooooooooooo.................
.............ffffffffff...............oooooooooo................
.............ffffffffff...............oooooooooo................
..............ffffffff.................oooooooo.................
................................................................
................................................................
................................................................
................................................................
................................................................
................................................................
................................................................
................................................................
