# enemy_bellringer_n_burst: one letter per part (t=torso f=foot_l o=foot_r a=arm_l r=arm_r h=head). Edit freely; sprite:split reads it.
................................................................
................................................................
................................................................
................................................................
................................................................
................................................................
............................................tt..................
.........................................tttttt.................
.........................................ttttttt................
.........................................ttttttt.ttt............
.........................................tttttttttttt...........
........................................ttttttttttttt...........
........................................tttttttttttttttt........
........................................tttttttttttttttt........
........................................ttttttttttttttttt.......
........................................ttttrrrrrrrrrrrrr.......
........................................ttttrrrrrrrrrrrr........
..................aatttthhh.............ttttrrrrrrrrrrr.........
.................aaatttthhhhh...........ttttrrrrrrrrr...........
................aaaatttthhhhhhh.........ttttrrrrrrr.............
................aaaatttthhhhhhhh.......httttrrrrrr..............
...............aaaaatttthhhhhhhhh.....hhttttrrrr................
...............aaaaatttthhhhhhhhhh....hhttttrrrr................
..............aaaaaatttttttttttttttt.tttttttrrr.................
..............aaaaaatttttttttttttttt.tttttttrr..................
.............aaaaaaatttttttttttttttt..ttttttrr..................
.............aaaaaaatttttttttttttttt.tttttttrrr.................
.............aaaaaaattttttttttttttttttttttttrrr.................
.............aaaaaaattttttttttttttttttttttttrrr.................
.............aaaaaaattttttttttttttttttttttttrrrr................
............aaaaaaaattttttttttttttttttttttttrrrr................
............aaaaaaaattttttttttttttttttttttttrrrr................
............aaaaaaaattttttttttttttttttttttttrrr.................
............aaaaaaaattttttttttttttttttttttttrr..................
............aaaaaaaattttttttttttttttttttttttrr..................
.............aaaaaaattttttttttttttttttttttttr...................
.........aaaaaaaaaaattttttttttttttttttttt.......................
........aaaaaaaaaaaatttttttttttttttttttt........................
........aaaaaaaaaaaatttttttttttttttttttt........................
.......aaaaaaaaaaaaattttttttttttttttttttt.......................
.......aaaaaaaaaaaaattttttttttttttttttttttt.....................
.......aaaaaaaaaaaaatttttttttttttttttttttttt....................
........aaaaaaaaaaaattttttttttttttttttttttttr...................
.........aaaaaaaaaaattttttttttttttttttttttttrr..................
.........aaaaafffffffff..ffffffffoooooooooooooo.................
..........aaaaffffffff..fffffffffooooooooooooooo................
..............fffffff..ffffffffffoooooooooooooooo...............
......................fffffffffffoooooooooooooooo...............
.....................ffffffffffffooooooooooooooo................
....................fffffffffffffoooooooooooooo.................
....................fffffffffffffoooooooooooooo.................
....................fffffffffffffooooooooooooooo................
...................ffffffffffffffoo...ooooooooooo...............
..................fffffffffffffff......ooooooooooo..............
.................ffffffffffffffff.......oooooooooot.............
.................ffffffffff..............ooooooooot.............
.................ffffffffff..............ooooooooot.............
.................fffffffff................oooooooo..............
................................................................
................................................................
................................................................
................................................................
................................................................
................................................................
